Archive member included to satisfy reference by file (symbol)

C:\Users\movil\Documents\Atmel Studio\weightlogger\weightlogger_main\ArduinoCore\Release\libArduinoCore.a(HardwareSerial.o)
                              elcan_wifi.o (_ZN14HardwareSerial9availableEv)
C:\Users\movil\Documents\Atmel Studio\weightlogger\weightlogger_main\ArduinoCore\Release\libArduinoCore.a(HardwareSerial0.o)
                              elcan_wifi.o (Serial)
C:\Users\movil\Documents\Atmel Studio\weightlogger\weightlogger_main\ArduinoCore\Release\libArduinoCore.a(main.o)
                              C:/Program Files (x86)/Atmel/Studio/7.0/Packs/Atmel/ATmega_DFP/1.3.300/gcc/dev/atmega328p/avr5/crtatmega328p.o (main)
C:\Users\movil\Documents\Atmel Studio\weightlogger\weightlogger_main\ArduinoCore\Release\libArduinoCore.a(Print.o)
                              C:\Users\movil\Documents\Atmel Studio\weightlogger\weightlogger_main\ArduinoCore\Release\libArduinoCore.a(HardwareSerial.o) (_ZN5Print5writeEPKhj)
C:\Users\movil\Documents\Atmel Studio\weightlogger\weightlogger_main\ArduinoCore\Release\libArduinoCore.a(Stream.o)
                              elcan_wifi.o (_ZN6Stream14readBytesUntilEcPcj)
C:\Users\movil\Documents\Atmel Studio\weightlogger\weightlogger_main\ArduinoCore\Release\libArduinoCore.a(Tone.o)
                              elcan_lcd.o (_Z4tonehjm)
C:\Users\movil\Documents\Atmel Studio\weightlogger\weightlogger_main\ArduinoCore\Release\libArduinoCore.a(wiring.o)
                              elcan_lcd.o (millis)
C:\Users\movil\Documents\Atmel Studio\weightlogger\weightlogger_main\ArduinoCore\Release\libArduinoCore.a(wiring_digital.o)
                              main_sketch.o (pinMode)
C:\Users\movil\Documents\Atmel Studio\weightlogger\weightlogger_main\ArduinoCore\Release\libArduinoCore.a(WString.o)
                              C:\Users\movil\Documents\Atmel Studio\weightlogger\weightlogger_main\ArduinoCore\Release\libArduinoCore.a(Stream.o) (_ZN6StringC1EPKc)
C:\Users\movil\Documents\Atmel Studio\weightlogger\weightlogger_main\ArduinoCore\Release\libArduinoCore.a(LiquidCrystal_I2C.o)
                              elcan_lcd.o (_ZN17LiquidCrystal_I2CC1Ev)
C:\Users\movil\Documents\Atmel Studio\weightlogger\weightlogger_main\ArduinoCore\Release\libArduinoCore.a(MFRC522.o)
                              rfid.o (_ZN7MFRC52219PICC_ReadCardSerialEv)
C:\Users\movil\Documents\Atmel Studio\weightlogger\weightlogger_main\ArduinoCore\Release\libArduinoCore.a(RTClib.o)
                              rtc.o (_ZN8DateTimeC1Em)
C:\Users\movil\Documents\Atmel Studio\weightlogger\weightlogger_main\ArduinoCore\Release\libArduinoCore.a(SPI.o)
                              main_sketch.o (_ZN8SPIClass5beginEv)
C:\Users\movil\Documents\Atmel Studio\weightlogger\weightlogger_main\ArduinoCore\Release\libArduinoCore.a(Wire.o)
                              scale_i2c.o (_ZN7TwoWire9availableEv)
C:\Users\movil\Documents\Atmel Studio\weightlogger\weightlogger_main\ArduinoCore\Release\libArduinoCore.a(abi.o)
                              C:\Users\movil\Documents\Atmel Studio\weightlogger\weightlogger_main\ArduinoCore\Release\libArduinoCore.a(Print.o) (__cxa_pure_virtual)
C:\Users\movil\Documents\Atmel Studio\weightlogger\weightlogger_main\ArduinoCore\Release\libArduinoCore.a(hooks.o)
                              C:\Users\movil\Documents\Atmel Studio\weightlogger\weightlogger_main\ArduinoCore\Release\libArduinoCore.a(wiring.o) (yield)
C:\Users\movil\Documents\Atmel Studio\weightlogger\weightlogger_main\ArduinoCore\Release\libArduinoCore.a(twi.o)
                              C:\Users\movil\Documents\Atmel Studio\weightlogger\weightlogger_main\ArduinoCore\Release\libArduinoCore.a(Wire.o) (twi_init)
c:/program files (x86)/atmel/studio/7.0/toolchain/avr8/avr8-gnu-toolchain/bin/../lib/gcc/avr/5.4.0/../../../../avr/lib/avr5\libm.a(addsf3.o)
                              C:\Users\movil\Documents\Atmel Studio\weightlogger\weightlogger_main\ArduinoCore\Release\libArduinoCore.a(Print.o) (__subsf3)
c:/program files (x86)/atmel/studio/7.0/toolchain/avr8/avr8-gnu-toolchain/bin/../lib/gcc/avr/5.4.0/../../../../avr/lib/avr5\libm.a(addsf3x.o)
                              c:/program files (x86)/atmel/studio/7.0/toolchain/avr8/avr8-gnu-toolchain/bin/../lib/gcc/avr/5.4.0/../../../../avr/lib/avr5\libm.a(addsf3.o) (__addsf3x)
c:/program files (x86)/atmel/studio/7.0/toolchain/avr8/avr8-gnu-toolchain/bin/../lib/gcc/avr/5.4.0/../../../../avr/lib/avr5\libm.a(cmpsf2.o)
                              C:\Users\movil\Documents\Atmel Studio\weightlogger\weightlogger_main\ArduinoCore\Release\libArduinoCore.a(Print.o) (__ltsf2)
c:/program files (x86)/atmel/studio/7.0/toolchain/avr8/avr8-gnu-toolchain/bin/../lib/gcc/avr/5.4.0/../../../../avr/lib/avr5\libm.a(divsf3.o)
                              C:\Users\movil\Documents\Atmel Studio\weightlogger\weightlogger_main\ArduinoCore\Release\libArduinoCore.a(Print.o) (__divsf3)
[...]
Memory Configuration

Name             Origin             Length             Attributes
text             0x00000000         0x00020000         xr
data             0x00800060         0x0000ffa0         rw !x
eeprom           0x00810000         0x00010000         rw !x
fuse             0x00820000         0x00000003         rw !x
lock             0x00830000         0x00000400         rw !x
signature        0x00840000         0x00000400         rw !x
user_signatures  0x00850000         0x00000400         rw !x
*default*        0x00000000         0xffffffff

Linker script and memory map

Address of section .data set to 0x800100
LOAD C:/Program Files (x86)/Atmel/Studio/7.0/Packs/Atmel/ATmega_DFP/1.3.300/gcc/dev/atmega328p/avr5/crtatmega328p.o
LOAD card_manager.o
LOAD converters.o
LOAD elcan_lcd.o
LOAD elcan_wifi.o
LOAD rfid.o
LOAD rtc.o
LOAD scale_i2c.o
LOAD main_sketch.o
LOAD substring.o
START GROUP
LOAD c:/program files (x86)/atmel/studio/7.0/toolchain/avr8/avr8-gnu-toolchain/bin/../lib/gcc/avr/5.4.0/../../../../avr/lib/avr5\libm.a
LOAD C:\Users\movil\Documents\Atmel Studio\weightlogger\weightlogger_main\ArduinoCore\Release\libArduinoCore.a
END GROUP
LOAD c:/program files (x86)/atmel/studio/7.0/toolchain/avr8/avr8-gnu-toolchain/bin/../lib/gcc/avr/5.4.0/avr5\libgcc.a
LOAD c:/program files (x86)/atmel/studio/7.0/toolchain/avr8/avr8-gnu-toolchain/bin/../lib/gcc/avr/5.4.0/../../../../avr/lib/avr5\libm.a
START GROUP
LOAD c:/program files (x86)/atmel/studio/7.0/toolchain/avr8/avr8-gnu-toolchain/bin/../lib/gcc/avr/5.4.0/avr5\libgcc.a
LOAD c:/program files (x86)/atmel/studio/7.0/toolchain/avr8/avr8-gnu-toolchain/bin/../lib/gcc/avr/5.4.0/../../../../avr/lib/avr5\libm.a
LOAD c:/program files (x86)/atmel/studio/7.0/toolchain/avr8/avr8-gnu-toolchain/bin/../lib/gcc/avr/5.4.0/../../../../avr/lib/avr5\libc.a
LOAD C:/Program Files (x86)/Atmel/Studio/7.0/Packs/Atmel/ATmega_DFP/1.3.300/gcc/dev/atmega328p/avr5\libatmega328p.a
END GROUP
                0x00020000                __TEXT_REGION_LENGTH__ = DEFINED (__TEXT_REGION_LENGTH__)?__TEXT_REGION_LENGTH__:0x20000
                0x0000ffa0                __DATA_REGION_LENGTH__ = DEFINED (__DATA_REGION_LENGTH__)?__DATA_REGION_LENGTH__:0xffa0
                0x00010000                __EEPROM_REGION_LENGTH__ = DEFINED (__EEPROM_REGION_LENGTH__)?__EEPROM_REGION_LENGTH__:0x10000
                [0x00000003]                __FUSE_REGION_LENGTH__ = DEFINED (__FUSE_REGION_LENGTH__)?__FUSE_REGION_LENGTH__:0x400
                0x00000400                __LOCK_REGION_LENGTH__ = DEFINED (__LOCK_REGION_LENGTH__)?__LOCK_REGION_LENGTH__:0x400
                0x00000400                __SIGNATURE_REGION_LENGTH__ = DEFINED (__SIGNATURE_REGION_LENGTH__)?__SIGNATURE_REGION_LENGTH__:0x400
                0x00000400                __USER_SIGNATURE_REGION_LENGTH__ = DEFINED (__USER_SIGNATURE_REGION_LENGTH__)?__USER_SIGNATURE_REGION_LENGTH__:0x400

.hash
 *(.hash)

.dynsym
 *(.dynsym)

.dynstr
 *(.dynstr)

.gnu.version
 *(.gnu.version)

.gnu.version_d
 *(.gnu.version_d)

.gnu.version_r
 *(.gnu.version_r)

.rel.init
 *(.rel.init)

.rela.init
 *(.rela.init)

.rel.text
 *(.rel.text)
 *(.rel.text.*)
 *(.rel.gnu.linkonce.t*)

.rela.text
 *(.rela.text)
 *(.rela.text.*)
 *(.rela.gnu.linkonce.t*)

.rel.fini
 *(.rel.fini)

.rela.fini
 *(.rela.fini)

.rel.rodata
 *(.rel.rodata)
 *(.rel.rodata.*)
 *(.rel.gnu.linkonce.r*)

.rela.rodata
 *(.rela.rodata)
 *(.rela.rodata.*)
 *(.rela.gnu.linkonce.r*)

.rel.data
 *(.rel.data)
 *(.rel.data.*)
 *(.rel.gnu.linkonce.d*)

.rela.data
 *(.rela.data)
 *(.rela.data.*)
 *(.rela.gnu.linkonce.d*)

.rel.ctors
 *(.rel.ctors)

.rela.ctors
 *(.rela.ctors)

.rel.dtors
 *(.rel.dtors)

.rela.dtors
 *(.rela.dtors)

.rel.got
 *(.rel.got)

.rela.got
 *(.rela.got)

.rel.bss
 *(.rel.bss)

.rela.bss
 *(.rela.bss)

.rel.plt
 *(.rel.plt)

.rela.plt
 *(.rela.plt)

.text           0x00000000     0x453e
 *(.vectors)
 .vectors       0x00000000       0x68 C:/Program Files (x86)/Atmel/Studio/7.0/Packs/Atmel/ATmega_DFP/1.3.300/gcc/dev/atmega328p/avr5/crtatmega328p.o
                0x00000000                __vector_default
                0x00000000                __vectors
 *(.vectors)
 *(.progmem.gcc*)
 .progmem.gcc_sw_table._ZN8DateTimeC2EPK19__FlashStringHelperS2_
                0x00000068       0x26 C:\Users\movil\Documents\Atmel Studio\weightlogger\weightlogger_main\ArduinoCore\Release\libArduinoCore.a(RTClib.o)
                0x0000008e                . = ALIGN (0x2)
                0x0000008e                __trampolines_start = .
 *(.trampolines)
 .trampolines   0x0000008e        0x0 linker stubs
 *(.trampolines*)
                0x0000008e                __trampolines_end = .
 *libprintf_flt.a:*(.progmem.data)
 *libc.a:*(.progmem.data)
 *(.progmem*)
 .progmem.data._ZL21tone_pin_to_timer_PGM
                0x0000008e        0x1 C:\Users\movil\Documents\Atmel Studio\weightlogger\weightlogger_main\ArduinoCore\Release\libArduinoCore.a(Tone.o)
 .progmem.data.digital_pin_to_timer_PGM
                0x0000008f       0x14 C:\Users\movil\Documents\Atmel Studio\weightlogger\weightlogger_main\ArduinoCore\Release\libArduinoCore.a(wiring_digital.o)
                0x0000008f                digital_pin_to_timer_PGM
 .progmem.data.digital_pin_to_bit_mask_PGM
                0x000000a3       0x14 C:\Users\movil\Documents\Atmel Studio\weightlogger\weightlogger_main\ArduinoCore\Release\libArduinoCore.a(wiring_digital.o)
                0x000000a3                digital_pin_to_bit_mask_PGM
 .progmem.data.digital_pin_to_port_PGM
                0x000000b7       0x14 C:\Users\movil\Documents\Atmel Studio\weightlogger\weightlogger_main\ArduinoCore\Release\libArduinoCore.a(wiring_digital.o)
                0x000000b7                digital_pin_to_port_PGM
 .progmem.data.port_to_input_PGM
                0x000000cb        0xa C:\Users\movil\Documents\Atmel Studio\weightlogger\weightlogger_main\ArduinoCore\Release\libArduinoCore.a(wiring_digital.o)
                0x000000cb                port_to_input_PGM
 .progmem.data.port_to_output_PGM
                0x000000d5        0xa C:\Users\movil\Documents\Atmel Studio\weightlogger\weightlogger_main\ArduinoCore\Release\libArduinoCore.a(wiring_digital.o)
                0x000000d5                port_to_output_PGM
 .progmem.data.port_to_mode_PGM
                0x000000df        0xa C:\Users\movil\Documents\Atmel Studio\weightlogger\weightlogger_main\ArduinoCore\Release\libArduinoCore.a(wiring_digital.o)
                0x000000df                port_to_mode_PGM
 .progmem.data._ZL11daysInMonth
                0x000000e9        0xc C:\Users\movil\Documents\Atmel Studio\weightlogger\weightlogger_main\ArduinoCore\Release\libArduinoCore.a(RTClib.o)
                0x000000f6                . = ALIGN (0x2)
 *fill*         0x000000f5        0x1 
 *(.jumptables)
 *(.jumptables*)
 *(.lowtext)
 *(.lowtext*)
                0x000000f6                __ctors_start = .
 *(.ctors)
 .ctors         0x000000f6        0x2 main_sketch.o
 .ctors         0x000000f8        0x2 C:\Users\movil\Documents\Atmel Studio\weightlogger\weightlogger_main\ArduinoCore\Release\libArduinoCore.a(HardwareSerial0.o)
 .ctors         0x000000fa        0x2 C:\Users\movil\Documents\Atmel Studio\weightlogger\weightlogger_main\ArduinoCore\Release\libArduinoCore.a(Wire.o)
                0x000000fc                __ctors_end = .
                0x000000fc                __dtors_start = .
 *(.dtors)
                0x000000fc                __dtors_end = .
 SORT(*)(.ctors)
 SORT(*)(.dtors)
 *(.init0)
 .init0         0x000000fc        0x0 C:/Program Files (x86)/Atmel/Studio/7.0/Packs/Atmel/ATmega_DFP/1.3.300/gcc/dev/atmega328p/avr5/crtatmega328p.o
                0x000000fc                __init
 *(.init0)
 *(.init1)
 *(.init1)
 *(.init2)
 .init2         0x000000fc        0xc C:/Program Files (x86)/Atmel/Studio/7.0/Packs/Atmel/ATmega_DFP/1.3.300/gcc/dev/atmega328p/avr5/crtatmega328p.o
 *(.init2)
 *(.init3)
 *(.init3)
 *(.init4)
 .init4         0x00000108       0x16 c:/program files (x86)/atmel/studio/7.0/toolchain/avr8/avr8-gnu-toolchain/bin/../lib/gcc/avr/5.4.0/avr5\libgcc.a(_copy_data.o)
                0x00000108                __do_copy_data
 .init4         0x0000011e       0x10 c:/program files (x86)/atmel/studio/7.0/toolchain/avr8/avr8-gnu-toolchain/bin/../lib/gcc/avr/5.4.0/avr5\libgcc.a(_clear_bss.o)
                0x0000011e                __do_clear_bss
 *(.init4)
 *(.init5)
 *(.init5)
 *(.init6)
 .init6         0x0000012e       0x16 c:/program files (x86)/atmel/studio/7.0/toolchain/avr8/avr8-gnu-toolchain/bin/../lib/gcc/avr/5.4.0/avr5\libgcc.a(_ctors.o)
                0x0000012e                __do_global_ctors
 *(.init6)
 *(.init7)
 *(.init7)
 *(.init8)
 *(.init8)
 *(.init9)
 .init9         0x00000144        0x8 C:/Program Files (x86)/Atmel/Studio/7.0/Packs/Atmel/ATmega_DFP/1.3.300/gcc/dev/atmega328p/avr5/crtatmega328p.o
 *(.init9)
 *(.text)
 .text          0x0000014c        0x4 C:/Program Files (x86)/Atmel/Studio/7.0/Packs/Atmel/ATmega_DFP/1.3.300/gcc/dev/atmega328p/avr5/crtatmega328p.o
                0x0000014c                __vector_22
                0x0000014c                __vector_1
                0x0000014c                __vector_12
                0x0000014c                __bad_interrupt
                0x0000014c                __vector_6
                0x0000014c                __vector_3
                0x0000014c                __vector_23
                0x0000014c                __vector_25
                0x0000014c                __vector_11
                0x0000014c                __vector_13
                0x0000014c                __vector_17
                0x0000014c                __vector_5
                0x0000014c                __vector_4
                0x0000014c                __vector_9
                0x0000014c                __vector_2
                0x0000014c                __vector_21
                0x0000014c                __vector_15
                0x0000014c                __vector_8
                0x0000014c                __vector_14
                0x0000014c                __vector_10
                0x0000014c                __vector_20
                0x00000150                . = ALIGN (0x2)
 *(.text.*)
 .text._Z12compare_cardPcS_
                0x00000150       0x22 card_manager.o
                0x00000150                _Z12compare_cardPcS_
 .text._Z13is_known_cardPc
                0x00000172       0xb4 card_manager.o
                0x00000172                _Z13is_known_cardPc
 .text._Z10store_card10card_blockc
                0x00000226       0x7a card_manager.o
                0x00000226                _Z10store_card10card_blockc
 .text._Z10erase_cardc
                0x000002a0       0x40 card_manager.o
                0x000002a0                _Z10erase_cardc
 .text._Z24hex_string_to_byte_arrayPcS_cc
                0x000002e0       0x46 converters.o
                0x000002e0                _Z24hex_string_to_byte_arrayPcS_cc
 .text._ZN15ElcanLCDManagerC2Eccc
                0x00000326       0x84 elcan_lcd.o
                0x00000326                _ZN15ElcanLCDManagerC1Eccc
                0x00000326                _ZN15ElcanLCDManagerC2Eccc
 .text._ZN15ElcanLCDManager5beginEcc
                0x000003aa        0x6 elcan_lcd.o
                0x000003aa                _ZN15ElcanLCDManager5beginEcc
 .text._ZN15ElcanLCDManager10show_errorEc
                0x000003b0       0xa4 elcan_lcd.o
                0x000003b0                _ZN15ElcanLCDManager10show_errorEc
 .text._ZN15ElcanLCDManager10show_readyEPc
                0x00000454       0x38 elcan_lcd.o
                0x00000454                _ZN15ElcanLCDManager10show_readyEPc
 .text._ZN15ElcanLCDManager12show_messageEPc
                0x0000048c       0xd0 elcan_lcd.o
                0x0000048c                _ZN15ElcanLCDManager12show_messageEPc
 .text._ZN15ElcanLCDManager7show_ipEPc
                0x0000055c       0x7e elcan_lcd.o
                0x0000055c                _ZN15ElcanLCDManager7show_ipEPc
 .text._ZN15ElcanLCDManager11check_lightEv
                0x000005da       0x58 elcan_lcd.o
                0x000005da                _ZN15ElcanLCDManager11check_lightEv
 .text._ZN15ElcanLCDManager8light_onEv
                0x00000632       0x1c elcan_lcd.o
                0x00000632                _ZN15ElcanLCDManager8light_onEv
 .text._ZN5Print5writeEPKc
                0x0000064e       0x2a elcan_wifi.o
                0x0000064e                _ZN5Print5writeEPKc
 .text._ZN9ElcanWifiC2Ev
                0x00000678        0x6 elcan_wifi.o
                0x00000678                _ZN9ElcanWifiC2Ev
                0x00000678                _ZN9ElcanWifiC1Ev
 .text._ZN9ElcanWifi19empty_serial_bufferEv
                0x0000067e       0x18 elcan_wifi.o
                0x0000067e                _ZN9ElcanWifi19empty_serial_bufferEv
 .text._ZN9ElcanWifi5beginEv
                0x00000696       0x96 elcan_wifi.o
                0x00000696                _ZN9ElcanWifi5beginEv
 .text._ZN9ElcanWifi6get_ipEPc
                0x0000072c       0x3a elcan_wifi.o
                0x0000072c                _ZN9ElcanWifi6get_ipEPc
 .text._ZN9ElcanWifi12readCardDataEPcc
                0x00000766       0x6a elcan_wifi.o
                0x00000766                _ZN9ElcanWifi12readCardDataEPcc
 .text._ZN9ElcanWifi4pollEv
                0x000007d0       0x38 elcan_wifi.o
                0x000007d0                _ZN9ElcanWifi4pollEv
 .text._ZN9ElcanWifi20sendIntrussionAttempEPc
                0x00000808       0x98 elcan_wifi.o
                0x00000808                _ZN9ElcanWifi20sendIntrussionAttempEPc
 .text._ZN9ElcanWifi9sendEntryEPc
                0x000008a0       0x66 elcan_wifi.o
                0x000008a0                _ZN9ElcanWifi9sendEntryEPc
 .text._ZN11RfidManagerC2Ev
                0x00000906       0x6a rfid.o
                0x00000906                _ZN11RfidManagerC2Ev
                0x00000906                _ZN11RfidManagerC1Ev
 .text._ZN11RfidManager5beginEv
                0x00000970       0x16 rfid.o
                0x00000970                _ZN11RfidManager5beginEv
 .text._ZN11RfidManager5getIDEv
                0x00000986       0x3a rfid.o
                0x00000986                _ZN11RfidManager5getIDEv
 .text._ZN8ElcanRtcC2Ev
                0x000009c0        0x2 rtc.o
                0x000009c0                _ZN8ElcanRtcC1Ev
                0x000009c0                _ZN8ElcanRtcC2Ev
 .text._ZN8ElcanRtc10initializeEv
                0x000009c2       0x60 rtc.o
                0x000009c2                _ZN8ElcanRtc10initializeEv
 .text._ZN8ElcanRtc3nowEv
                0x00000a22       0x12 rtc.o
                0x00000a22                _ZN8ElcanRtc3nowEv
 .text._ZN8ElcanRtc15split_date_timeEPc
                0x00000a34       0xc6 rtc.o
                0x00000a34                _ZN8ElcanRtc15split_date_timeEPc
 .text._ZN8ElcanRtc18adjust_from_serialEv
                0x00000afa       0xe2 rtc.o
                0x00000afa                _ZN8ElcanRtc18adjust_from_serialEv
 .text.setup    0x00000bdc      0x112 main_sketch.o
                0x00000bdc                setup
 .text._Z18check_card_and_actv
                0x00000cee       0x66 main_sketch.o
                0x00000cee                _Z18check_card_and_actv
 .text._Z12open_barrierv
                0x00000d54       0x1c main_sketch.o
                0x00000d54                _Z12open_barrierv
 .text._Z18check_elapsed_timev
                0x00000d70       0x5a main_sketch.o
                0x00000d70                _Z18check_elapsed_timev
 .text._Z14send_to_serverv
                0x00000dca       0xfa main_sketch.o
                0x00000dca                _Z14send_to_serverv
 .text._Z32send_intrussion_attemp_to_serverv
                0x00000ec4       0xfa main_sketch.o
                0x00000ec4                _Z32send_intrussion_attemp_to_serverv
 .text._Z12alertUnknownv
                0x00000fbe       0x3a main_sketch.o
                0x00000fbe                _Z12alertUnknownv
 .text._Z10check_wifiv
                0x00000ff8       0x62 main_sketch.o
                0x00000ff8                _Z10check_wifiv
 .text._Z19tag_string_to_bytesPcPhS0_
                0x0000105a       0x84 main_sketch.o
                0x0000105a                _Z19tag_string_to_bytesPcPhS0_
 .text._Z12get_tag_datav
                0x000010de       0xa4 main_sketch.o
                0x000010de                _Z12get_tag_datav
 .text.loop     0x00001182      0x1b0 main_sketch.o
                0x00001182                loop
 .text.startup._GLOBAL__sub_I_sys_state
                0x00001332       0x42 main_sketch.o
 .text._Z9substringPcS_ii
                0x00001374       0x30 substring.o
                0x00001374                _Z9substringPcS_ii
 .text._ZN14HardwareSerial9availableEv
                0x000013a4       0x18 C:\Users\movil\Documents\Atmel Studio\weightlogger\weightlogger_main\ArduinoCore\Release\libArduinoCore.a(HardwareSerial.o)
                0x000013a4                _ZN14HardwareSerial9availableEv
 .text._ZN14HardwareSerial4peekEv
                0x000013bc       0x1c C:\Users\movil\Documents\Atmel Studio\weightlogger\weightlogger_main\ArduinoCore\Release\libArduinoCore.a(HardwareSerial.o)
                0x000013bc                _ZN14HardwareSerial4peekEv
 .text._ZN14HardwareSerial4readEv
                0x000013d8       0x28 C:\Users\movil\Documents\Atmel Studio\weightlogger\weightlogger_main\ArduinoCore\Release\libArduinoCore.a(HardwareSerial.o)
                0x000013d8                _ZN14HardwareSerial4readEv
 .text._ZN14HardwareSerial17availableForWriteEv
                0x00001400       0x1e C:\Users\movil\Documents\Atmel Studio\weightlogger\weightlogger_main\ArduinoCore\Release\libArduinoCore.a(HardwareSerial.o)
                0x00001400                _ZN14HardwareSerial17availableForWriteEv
 .text._Z14serialEventRunv
                0x0000141e       0x1c C:\Users\movil\Documents\Atmel Studio\weightlogger\weightlogger_main\ArduinoCore\Release\libArduinoCore.a(HardwareSerial.o)
                0x0000141e                _Z14serialEventRunv
 .text._ZN14HardwareSerial17_tx_udr_empty_irqEv
                0x0000143a       0x44 C:\Users\movil\Documents\Atmel Studio\weightlogger\weightlogger_main\ArduinoCore\Release\libArduinoCore.a(HardwareSerial.o)
                0x0000143a                _ZN14HardwareSerial17_tx_udr_empty_irqEv
 .text._ZN14HardwareSerial5writeEh
                0x0000147e       0x9a C:\Users\movil\Documents\Atmel Studio\weightlogger\weightlogger_main\ArduinoCore\Release\libArduinoCore.a(HardwareSerial.o)
                0x0000147e                _ZN14HardwareSerial5writeEh
 .text._ZN14HardwareSerial5flushEv
                0x00001518       0x44 C:\Users\movil\Documents\Atmel Studio\weightlogger\weightlogger_main\ArduinoCore\Release\libArduinoCore.a(HardwareSerial.o)
                0x00001518                _ZN14HardwareSerial5flushEv
 .text._ZN14HardwareSerial5beginEmh
                0x0000155c       0xca C:\Users\movil\Documents\Atmel Studio\weightlogger\weightlogger_main\ArduinoCore\Release\libArduinoCore.a(HardwareSerial.o)
                0x0000155c                _ZN14HardwareSerial5beginEmh
 .text._ZN5Print17availableForWriteEv
                0x00001626        0x6 C:\Users\movil\Documents\Atmel Studio\weightlogger\weightlogger_main\ArduinoCore\Release\libArduinoCore.a(HardwareSerial0.o)
                0x00001626                _ZN5Print17availableForWriteEv
 .text._ZN5Print5flushEv
                0x0000162c        0x2 C:\Users\movil\Documents\Atmel Studio\weightlogger\weightlogger_main\ArduinoCore\Release\libArduinoCore.a(HardwareSerial0.o)
                0x0000162c                _ZN5Print5flushEv
 .text.__vector_18
                0x0000162e       0x64 C:\Users\movil\Documents\Atmel Studio\weightlogger\weightlogger_main\ArduinoCore\Release\libArduinoCore.a(HardwareSerial0.o)
                0x0000162e                __vector_18
 .text.__vector_19
                0x00001692       0x4c C:\Users\movil\Documents\Atmel Studio\weightlogger\weightlogger_main\ArduinoCore\Release\libArduinoCore.a(HardwareSerial0.o)
                0x00001692                __vector_19
 .text._Z17Serial0_availablev
                0x000016de       0x14 C:\Users\movil\Documents\Atmel Studio\weightlogger\weightlogger_main\ArduinoCore\Release\libArduinoCore.a(HardwareSerial0.o)
                0x000016de                _Z17Serial0_availablev
 .text.startup._GLOBAL__sub_I___vector_18
                0x000016f2       0x5a C:\Users\movil\Documents\Atmel Studio\weightlogger\weightlogger_main\ArduinoCore\Release\libArduinoCore.a(HardwareSerial0.o)
 .text.initVariant
                0x0000174c        0x2 C:\Users\movil\Documents\Atmel Studio\weightlogger\weightlogger_main\ArduinoCore\Release\libArduinoCore.a(main.o)
                0x0000174c                initVariant
 .text.startup.main
                0x0000174e       0x1e C:\Users\movil\Documents\Atmel Studio\weightlogger\weightlogger_main\ArduinoCore\Release\libArduinoCore.a(main.o)
                0x0000174e                main
 .text._ZN5Print5writeEPKhj
                0x0000176c       0x54 C:\Users\movil\Documents\Atmel Studio\weightlogger\weightlogger_main\ArduinoCore\Release\libArduinoCore.a(Print.o)
                0x0000176c                _ZN5Print5writeEPKhj
 .text._ZN5Print5printEPK19__FlashStringHelper
                0x000017c0       0x48 C:\Users\movil\Documents\Atmel Studio\weightlogger\weightlogger_main\ArduinoCore\Release\libArduinoCore.a(Print.o)
                0x000017c0                _ZN5Print5printEPK19__FlashStringHelper
 .text._ZN5Print5printEPKc
                0x00001808        0x4 C:\Users\movil\Documents\Atmel Studio\weightlogger\weightlogger_main\ArduinoCore\Release\libArduinoCore.a(Print.o)
                0x00001808                _ZN5Print5printEPKc
 .text._ZN6Stream9timedReadEv
                0x0000180c       0x60 C:\Users\movil\Documents\Atmel Studio\weightlogger\weightlogger_main\ArduinoCore\Release\libArduinoCore.a(Stream.o)
                0x0000180c                _ZN6Stream9timedReadEv
 .text._ZN6Stream14readBytesUntilEcPcj
                0x0000186c       0x68 C:\Users\movil\Documents\Atmel Studio\weightlogger\weightlogger_main\ArduinoCore\Release\libArduinoCore.a(Stream.o)
                0x0000186c                _ZN6Stream14readBytesUntilEcPcj
 .text._Z4tonehjm
                0x000018d4      0x504 C:\Users\movil\Documents\Atmel Studio\weightlogger\weightlogger_main\ArduinoCore\Release\libArduinoCore.a(Tone.o)
                0x000018d4                _Z4tonehjm
 .text._Z12disableTimerh
                0x00001dd8       0x40 C:\Users\movil\Documents\Atmel Studio\weightlogger\weightlogger_main\ArduinoCore\Release\libArduinoCore.a(Tone.o)
                0x00001dd8                _Z12disableTimerh
 .text._Z6noToneh
                0x00001e18       0x2a C:\Users\movil\Documents\Atmel Studio\weightlogger\weightlogger_main\ArduinoCore\Release\libArduinoCore.a(Tone.o)
                0x00001e18                _Z6noToneh
 .text.__vector_7
                0x00001e42       0xb8 C:\Users\movil\Documents\Atmel Studio\weightlogger\weightlogger_main\ArduinoCore\Release\libArduinoCore.a(Tone.o)
                0x00001e42                __vector_7
 .text.__vector_16
                0x00001efa       0x94 C:\Users\movil\Documents\Atmel Studio\weightlogger\weightlogger_main\ArduinoCore\Release\libArduinoCore.a(wiring.o)
                0x00001efa                __vector_16
 .text.millis   0x00001f8e       0x18 C:\Users\movil\Documents\Atmel Studio\weightlogger\weightlogger_main\ArduinoCore\Release\libArduinoCore.a(wiring.o)
                0x00001f8e                millis
 .text.micros   0x00001fa6       0x4a C:\Users\movil\Documents\Atmel Studio\weightlogger\weightlogger_main\ArduinoCore\Release\libArduinoCore.a(wiring.o)
                0x00001fa6                micros
 .text.delay    0x00001ff0       0x78 C:\Users\movil\Documents\Atmel Studio\weightlogger\weightlogger_main\ArduinoCore\Release\libArduinoCore.a(wiring.o)
                0x00001ff0                delay
 .text.delayMicroseconds
                0x00002068       0x16 C:\Users\movil\Documents\Atmel Studio\weightlogger\weightlogger_main\ArduinoCore\Release\libArduinoCore.a(wiring.o)
                0x00002068                delayMicroseconds
 .text.init     0x0000207e       0x76 C:\Users\movil\Documents\Atmel Studio\weightlogger\weightlogger_main\ArduinoCore\Release\libArduinoCore.a(wiring.o)
                0x0000207e                init
 .text.turnOffPWM
                0x000020f4       0x52 C:\Users\movil\Documents\Atmel Studio\weightlogger\weightlogger_main\ArduinoCore\Release\libArduinoCore.a(wiring_digital.o)
 .text.pinMode  0x00002146       0x78 C:\Users\movil\Documents\Atmel Studio\weightlogger\weightlogger_main\ArduinoCore\Release\libArduinoCore.a(wiring_digital.o)
                0x00002146                pinMode
 .text.digitalWrite
                0x000021be       0x5e C:\Users\movil\Documents\Atmel Studio\weightlogger\weightlogger_main\ArduinoCore\Release\libArduinoCore.a(wiring_digital.o)
                0x000021be                digitalWrite
 .text.digitalRead
                0x0000221c       0x52 C:\Users\movil\Documents\Atmel Studio\weightlogger\weightlogger_main\ArduinoCore\Release\libArduinoCore.a(wiring_digital.o)
                0x0000221c                digitalRead
 .text._ZN17LiquidCrystal_I2CC2Ev
                0x0000226e       0x12 C:\Users\movil\Documents\Atmel Studio\weightlogger\weightlogger_main\ArduinoCore\Release\libArduinoCore.a(LiquidCrystal_I2C.o)
                0x0000226e                _ZN17LiquidCrystal_I2CC2Ev
                0x0000226e                _ZN17LiquidCrystal_I2CC1Ev
 .text._ZN17LiquidCrystal_I2C13expanderWriteEh
                0x00002280       0x2e C:\Users\movil\Documents\Atmel Studio\weightlogger\weightlogger_main\ArduinoCore\Release\libArduinoCore.a(LiquidCrystal_I2C.o)
                0x00002280                _ZN17LiquidCrystal_I2C13expanderWriteEh
 .text._ZN17LiquidCrystal_I2C11noBacklightEv
                0x000022ae        0xa C:\Users\movil\Documents\Atmel Studio\weightlogger\weightlogger_main\ArduinoCore\Release\libArduinoCore.a(LiquidCrystal_I2C.o)
                0x000022ae                _ZN17LiquidCrystal_I2C11noBacklightEv
 .text._ZN17LiquidCrystal_I2C9backlightEv
                0x000022b8        0xc C:\Users\movil\Documents\Atmel Studio\weightlogger\weightlogger_main\ArduinoCore\Release\libArduinoCore.a(LiquidCrystal_I2C.o)
                0x000022b8                _ZN17LiquidCrystal_I2C9backlightEv
 .text._ZN17LiquidCrystal_I2C11pulseEnableEh
                0x000022c4       0x30 C:\Users\movil\Documents\Atmel Studio\weightlogger\weightlogger_main\ArduinoCore\Release\libArduinoCore.a(LiquidCrystal_I2C.o)
                0x000022c4                _ZN17LiquidCrystal_I2C11pulseEnableEh
 .text._ZN17LiquidCrystal_I2C10write4bitsEh
                0x000022f4       0x1c C:\Users\movil\Documents\Atmel Studio\weightlogger\weightlogger_main\ArduinoCore\Release\libArduinoCore.a(LiquidCrystal_I2C.o)
                0x000022f4                _ZN17LiquidCrystal_I2C10write4bitsEh
 .text._ZN17LiquidCrystal_I2C4sendEhh
                0x00002310       0x2e C:\Users\movil\Documents\Atmel Studio\weightlogger\weightlogger_main\ArduinoCore\Release\libArduinoCore.a(LiquidCrystal_I2C.o)
                0x00002310                _ZN17LiquidCrystal_I2C4sendEhh
 .text._ZN17LiquidCrystal_I2C7commandEh
                0x0000233e        0x6 C:\Users\movil\Documents\Atmel Studio\weightlogger\weightlogger_main\ArduinoCore\Release\libArduinoCore.a(LiquidCrystal_I2C.o)
                0x0000233e                _ZN17LiquidCrystal_I2C7commandEh
 .text._ZN17LiquidCrystal_I2C5clearEv
                0x00002344        0xe C:\Users\movil\Documents\Atmel Studio\weightlogger\weightlogger_main\ArduinoCore\Release\libArduinoCore.a(LiquidCrystal_I2C.o)
                0x00002344                _ZN17LiquidCrystal_I2C5clearEv
 .text._ZN17LiquidCrystal_I2C4homeEv
                0x00002352        0xe C:\Users\movil\Documents\Atmel Studio\weightlogger\weightlogger_main\ArduinoCore\Release\libArduinoCore.a(LiquidCrystal_I2C.o)
                0x00002352                _ZN17LiquidCrystal_I2C4homeEv
 .text._ZN17LiquidCrystal_I2C9setCursorEhh
                0x00002360       0x5c C:\Users\movil\Documents\Atmel Studio\weightlogger\weightlogger_main\ArduinoCore\Release\libArduinoCore.a(LiquidCrystal_I2C.o)
                0x00002360                _ZN17LiquidCrystal_I2C9setCursorEhh
 .text._ZN17LiquidCrystal_I2C7displayEv
                0x000023bc       0x10 C:\Users\movil\Documents\Atmel Studio\weightlogger\weightlogger_main\ArduinoCore\Release\libArduinoCore.a(LiquidCrystal_I2C.o)
                0x000023bc                _ZN17LiquidCrystal_I2C7displayEv
 .text._ZN17LiquidCrystal_I2C5writeEh
                0x000023cc        0xc C:\Users\movil\Documents\Atmel Studio\weightlogger\weightlogger_main\ArduinoCore\Release\libArduinoCore.a(LiquidCrystal_I2C.o)
                0x000023cc                _ZN17LiquidCrystal_I2C5writeEh
 .text._ZN17LiquidCrystal_I2C5beginEhhh
                0x000023d8       0xa8 C:\Users\movil\Documents\Atmel Studio\weightlogger\weightlogger_main\ArduinoCore\Release\libArduinoCore.a(LiquidCrystal_I2C.o)
                0x000023d8                _ZN17LiquidCrystal_I2C5beginEhhh
 .text._ZN17LiquidCrystal_I2C9init_privEv
                0x00002480       0x20 C:\Users\movil\Documents\Atmel Studio\weightlogger\weightlogger_main\ArduinoCore\Release\libArduinoCore.a(LiquidCrystal_I2C.o)
                0x00002480                _ZN17LiquidCrystal_I2C9init_privEv
 .text._ZN17LiquidCrystal_I2C4initEhhh
                0x000024a0        0xc C:\Users\movil\Documents\Atmel Studio\weightlogger\weightlogger_main\ArduinoCore\Release\libArduinoCore.a(LiquidCrystal_I2C.o)
                0x000024a0                _ZN17LiquidCrystal_I2C4initEhhh
 .text._ZN7MFRC52219PICC_ReadCardSerialEv
                0x000024ac       0x20 C:\Users\movil\Documents\Atmel Studio\weightlogger\weightlogger_main\ArduinoCore\Release\libArduinoCore.a(MFRC522.o)
                0x000024ac                _ZN7MFRC52219PICC_ReadCardSerialEv
 .text._ZN8SPIClass16beginTransactionE11SPISettings
                0x000024cc       0x34 C:\Users\movil\Documents\Atmel Studio\weightlogger\weightlogger_main\ArduinoCore\Release\libArduinoCore.a(MFRC522.o)
                0x000024cc                _ZN8SPIClass16beginTransactionE11SPISettings
 .text._ZN8SPIClass8transferEh
                0x00002500        0xe C:\Users\movil\Documents\Atmel Studio\weightlogger\weightlogger_main\ArduinoCore\Release\libArduinoCore.a(MFRC522.o)
                0x00002500                _ZN8SPIClass8transferEh
 .text._ZN8SPIClass14endTransactionEv
                0x0000250e       0x22 C:\Users\movil\Documents\Atmel Studio\weightlogger\weightlogger_main\ArduinoCore\Release\libArduinoCore.a(MFRC522.o)
                0x0000250e                _ZN8SPIClass14endTransactionEv
 .text._ZN7MFRC52216PCD_ReadRegisterENS_12PCD_RegisterEhPhh.part.1.constprop.8
                0x00002530       0xaa C:\Users\movil\Documents\Atmel Studio\weightlogger\weightlogger_main\ArduinoCore\Release\libArduinoCore.a(MFRC522.o)
 .text._ZN7MFRC522C2Ev
                0x000025da       0x14 C:\Users\movil\Documents\Atmel Studio\weightlogger\weightlogger_main\ArduinoCore\Release\libArduinoCore.a(MFRC522.o)
                0x000025da                _ZN7MFRC522C1Ev
                0x000025da                _ZN7MFRC522C2Ev
 .text._ZN7MFRC522C2Ehh
                0x000025ee       0x10 C:\Users\movil\Documents\Atmel Studio\weightlogger\weightlogger_main\ArduinoCore\Release\libArduinoCore.a(MFRC522.o)
                0x000025ee                _ZN7MFRC522C2Ehh
                0x000025ee                _ZN7MFRC522C1Ehh
 .text._ZN7MFRC52217PCD_WriteRegisterENS_12PCD_RegisterEh
                0x000025fe       0x3e C:\Users\movil\Documents\Atmel Studio\weightlogger\weightlogger_main\ArduinoCore\Release\libArduinoCore.a(MFRC522.o)
                0x000025fe                _ZN7MFRC52217PCD_WriteRegisterENS_12PCD_RegisterEh
 .text._ZN7MFRC52217PCD_WriteRegisterENS_12PCD_RegisterEhPh
                0x0000263c       0x66 C:\Users\movil\Documents\Atmel Studio\weightlogger\weightlogger_main\ArduinoCore\Release\libArduinoCore.a(MFRC522.o)
                0x0000263c                _ZN7MFRC52217PCD_WriteRegisterENS_12PCD_RegisterEhPh
 .text._ZN7MFRC52216PCD_ReadRegisterENS_12PCD_RegisterE
                0x000026a2       0x40 C:\Users\movil\Documents\Atmel Studio\weightlogger\weightlogger_main\ArduinoCore\Release\libArduinoCore.a(MFRC522.o)
                0x000026a2                _ZN7MFRC52216PCD_ReadRegisterENS_12PCD_RegisterE
 .text._ZN7MFRC52216PCD_ReadRegisterENS_12PCD_RegisterEhPhh
                0x000026e2        0xc C:\Users\movil\Documents\Atmel Studio\weightlogger\weightlogger_main\ArduinoCore\Release\libArduinoCore.a(MFRC522.o)
                0x000026e2                _ZN7MFRC52216PCD_ReadRegisterENS_12PCD_RegisterEhPhh
 .text._ZN7MFRC52222PCD_SetRegisterBitMaskENS_12PCD_RegisterEh
                0x000026ee       0x26 C:\Users\movil\Documents\Atmel Studio\weightlogger\weightlogger_main\ArduinoCore\Release\libArduinoCore.a(MFRC522.o)
                0x000026ee                _ZN7MFRC52222PCD_SetRegisterBitMaskENS_12PCD_RegisterEh
 .text._ZN7MFRC52224PCD_ClearRegisterBitMaskENS_12PCD_RegisterEh
                0x00002714       0x28 C:\Users\movil\Documents\Atmel Studio\weightlogger\weightlogger_main\ArduinoCore\Release\libArduinoCore.a(MFRC522.o)
                0x00002714                _ZN7MFRC52224PCD_ClearRegisterBitMaskENS_12PCD_RegisterEh
 .text._ZN7MFRC52216PCD_CalculateCRCEPhhS0_
                0x0000273c       0x9a C:\Users\movil\Documents\Atmel Studio\weightlogger\weightlogger_main\ArduinoCore\Release\libArduinoCore.a(MFRC522.o)
                0x0000273c                _ZN7MFRC52216PCD_CalculateCRCEPhhS0_
 .text._ZN7MFRC5229PCD_ResetEv
                0x000027d6       0x36 C:\Users\movil\Documents\Atmel Studio\weightlogger\weightlogger_main\ArduinoCore\Release\libArduinoCore.a(MFRC522.o)
                0x000027d6                _ZN7MFRC5229PCD_ResetEv
 .text._ZN7MFRC52213PCD_AntennaOnEv
                0x0000280c       0x2a C:\Users\movil\Documents\Atmel Studio\weightlogger\weightlogger_main\ArduinoCore\Release\libArduinoCore.a(MFRC522.o)
                0x0000280c                _ZN7MFRC52213PCD_AntennaOnEv
 .text._ZN7MFRC5228PCD_InitEv
                0x00002836       0xc8 C:\Users\movil\Documents\Atmel Studio\weightlogger\weightlogger_main\ArduinoCore\Release\libArduinoCore.a(MFRC522.o)
                0x00002836                _ZN7MFRC5228PCD_InitEv
 .text._ZN7MFRC52218PCD_GetAntennaGainEv
                0x000028fe        0xa C:\Users\movil\Documents\Atmel Studio\weightlogger\weightlogger_main\ArduinoCore\Release\libArduinoCore.a(MFRC522.o)
                0x000028fe                _ZN7MFRC52218PCD_GetAntennaGainEv
 .text._ZN7MFRC52218PCD_SetAntennaGainEh
                0x00002908       0x36 C:\Users\movil\Documents\Atmel Studio\weightlogger\weightlogger_main\ArduinoCore\Release\libArduinoCore.a(MFRC522.o)
                0x00002908                _ZN7MFRC52218PCD_SetAntennaGainEh
 .text._ZN7MFRC52223PCD_CommunicateWithPICCEhhPhhS0_S0_S0_hb
                0x0000293e      0x1a6 C:\Users\movil\Documents\Atmel Studio\weightlogger\weightlogger_main\ArduinoCore\Release\libArduinoCore.a(MFRC522.o)
                0x0000293e                _ZN7MFRC52223PCD_CommunicateWithPICCEhhPhhS0_S0_S0_hb
 .text._ZN7MFRC52218PCD_TransceiveDataEPhhS0_S0_S0_hb
                0x00002ae4       0x3e C:\Users\movil\Documents\Atmel Studio\weightlogger\weightlogger_main\ArduinoCore\Release\libArduinoCore.a(MFRC522.o)
                0x00002ae4                _ZN7MFRC52218PCD_TransceiveDataEPhhS0_S0_S0_hb
 .text._ZN7MFRC52211PICC_SelectEPNS_3UidEh
                0x00002b22      0x30a C:\Users\movil\Documents\Atmel Studio\weightlogger\weightlogger_main\ArduinoCore\Release\libArduinoCore.a(MFRC522.o)
                0x00002b22                _ZN7MFRC52211PICC_SelectEPNS_3UidEh
 .text._ZN7MFRC52217PICC_REQA_or_WUPAEhPhS0_
                0x00002e2c       0xa0 C:\Users\movil\Documents\Atmel Studio\weightlogger\weightlogger_main\ArduinoCore\Release\libArduinoCore.a(MFRC522.o)
                0x00002e2c                _ZN7MFRC52217PICC_REQA_or_WUPAEhPhS0_
 .text._ZN7MFRC52213PICC_RequestAEPhS0_
                0x00002ecc        0xa C:\Users\movil\Documents\Atmel Studio\weightlogger\weightlogger_main\ArduinoCore\Release\libArduinoCore.a(MFRC522.o)
                0x00002ecc                _ZN7MFRC52213PICC_RequestAEPhS0_
 .text._ZN7MFRC52221PICC_IsNewCardPresentEv
                0x00002ed6       0x64 C:\Users\movil\Documents\Atmel Studio\weightlogger\weightlogger_main\ArduinoCore\Release\libArduinoCore.a(MFRC522.o)
                0x00002ed6                _ZN7MFRC52221PICC_IsNewCardPresentEv
 .text._ZN7MFRC52210PICC_HaltAEv
                0x00002f3a       0x86 C:\Users\movil\Documents\Atmel Studio\weightlogger\weightlogger_main\ArduinoCore\Release\libArduinoCore.a(MFRC522.o)
                0x00002f3a                _ZN7MFRC52210PICC_HaltAEv
 .text._ZL9date2daysjhh
                0x00002fc0       0x64 C:\Users\movil\Documents\Atmel Studio\weightlogger\weightlogger_main\ArduinoCore\Release\libArduinoCore.a(RTClib.o)
 .text._ZL6conv2dPKc
                0x00003024       0x1a C:\Users\movil\Documents\Atmel Studio\weightlogger\weightlogger_main\ArduinoCore\Release\libArduinoCore.a(RTClib.o)
 .text._ZN8DateTimeC2Em
                0x0000303e       0xf0 C:\Users\movil\Documents\Atmel Studio\weightlogger\weightlogger_main\ArduinoCore\Release\libArduinoCore.a(RTClib.o)
                0x0000303e                _ZN8DateTimeC2Em
                0x0000303e                _ZN8DateTimeC1Em
 .text._ZN8DateTimeC2Ejhhhhh
                0x0000312e       0x28 C:\Users\movil\Documents\Atmel Studio\weightlogger\weightlogger_main\ArduinoCore\Release\libArduinoCore.a(RTClib.o)
                0x0000312e                _ZN8DateTimeC2Ejhhhhh
                0x0000312e                _ZN8DateTimeC1Ejhhhhh
 .text._ZN8DateTimeC2EPK19__FlashStringHelperS2_
                0x00003156       0xf4 C:\Users\movil\Documents\Atmel Studio\weightlogger\weightlogger_main\ArduinoCore\Release\libArduinoCore.a(RTClib.o)
                0x00003156                _ZN8DateTimeC2EPK19__FlashStringHelperS2_
                0x00003156                _ZN8DateTimeC1EPK19__FlashStringHelperS2_
 .text._ZNK8DateTime8unixtimeEv
                0x0000324a       0x7c C:\Users\movil\Documents\Atmel Studio\weightlogger\weightlogger_main\ArduinoCore\Release\libArduinoCore.a(RTClib.o)
                0x0000324a                _ZNK8DateTime8unixtimeEv
 .text._ZN8DateTimemiERKS_
                0x000032c6       0x48 C:\Users\movil\Documents\Atmel Studio\weightlogger\weightlogger_main\ArduinoCore\Release\libArduinoCore.a(RTClib.o)
                0x000032c6                _ZN8DateTimemiERKS_
 .text._ZN10RTC_DS32315beginEv
                0x0000330e        0xc C:\Users\movil\Documents\Atmel Studio\weightlogger\weightlogger_main\ArduinoCore\Release\libArduinoCore.a(RTClib.o)
                0x0000330e                _ZN10RTC_DS32315beginEv
 .text._ZN10RTC_DS32313nowEv
                0x0000331a      0x116 C:\Users\movil\Documents\Atmel Studio\weightlogger\weightlogger_main\ArduinoCore\Release\libArduinoCore.a(RTClib.o)
                0x0000331a                _ZN10RTC_DS32313nowEv
 .text._ZL17read_i2c_registerhh.constprop.7
                0x00003430       0x38 C:\Users\movil\Documents\Atmel Studio\weightlogger\weightlogger_main\ArduinoCore\Release\libArduinoCore.a(RTClib.o)
 .text._ZN10RTC_DS32316adjustERK8DateTime
                0x00003468      0x128 C:\Users\movil\Documents\Atmel Studio\weightlogger\weightlogger_main\ArduinoCore\Release\libArduinoCore.a(RTClib.o)
                0x00003468                _ZN10RTC_DS32316adjustERK8DateTime
 .text._ZN10RTC_DS32319lostPowerEv
                0x00003590        0xe C:\Users\movil\Documents\Atmel Studio\weightlogger\weightlogger_main\ArduinoCore\Release\libArduinoCore.a(RTClib.o)
                0x00003590                _ZN10RTC_DS32319lostPowerEv
 .text._ZN8SPIClass5beginEv
                0x0000359e       0x6c C:\Users\movil\Documents\Atmel Studio\weightlogger\weightlogger_main\ArduinoCore\Release\libArduinoCore.a(SPI.o)
                0x0000359e                _ZN8SPIClass5beginEv
 .text._ZN7TwoWire9availableEv
                0x0000360a       0x10 C:\Users\movil\Documents\Atmel Studio\weightlogger\weightlogger_main\ArduinoCore\Release\libArduinoCore.a(Wire.o)
                0x0000360a                _ZN7TwoWire9availableEv
 .text._ZN7TwoWire4readEv
                0x0000361a       0x28 C:\Users\movil\Documents\Atmel Studio\weightlogger\weightlogger_main\ArduinoCore\Release\libArduinoCore.a(Wire.o)
                0x0000361a                _ZN7TwoWire4readEv
 .text._ZN7TwoWire4peekEv
                0x00003642       0x1e C:\Users\movil\Documents\Atmel Studio\weightlogger\weightlogger_main\ArduinoCore\Release\libArduinoCore.a(Wire.o)
                0x00003642                _ZN7TwoWire4peekEv
 .text._ZN7TwoWire5flushEv
                0x00003660        0x2 C:\Users\movil\Documents\Atmel Studio\weightlogger\weightlogger_main\ArduinoCore\Release\libArduinoCore.a(Wire.o)
                0x00003660                _ZN7TwoWire5flushEv
 .text._ZN7TwoWire16onReceiveServiceEPhi
                0x00003662       0x54 C:\Users\movil\Documents\Atmel Studio\weightlogger\weightlogger_main\ArduinoCore\Release\libArduinoCore.a(Wire.o)
                0x00003662                _ZN7TwoWire16onReceiveServiceEPhi
 .text._ZN7TwoWire16onRequestServiceEv
                0x000036b6       0x18 C:\Users\movil\Documents\Atmel Studio\weightlogger\weightlogger_main\ArduinoCore\Release\libArduinoCore.a(Wire.o)
                0x000036b6                _ZN7TwoWire16onRequestServiceEv
 .text._ZN7TwoWire5writeEPKhj
                0x000036ce       0x5a C:\Users\movil\Documents\Atmel Studio\weightlogger\weightlogger_main\ArduinoCore\Release\libArduinoCore.a(Wire.o)
                0x000036ce                _ZN7TwoWire5writeEPKhj
 .text._ZN7TwoWire5writeEh
                0x00003728       0x5e C:\Users\movil\Documents\Atmel Studio\weightlogger\weightlogger_main\ArduinoCore\Release\libArduinoCore.a(Wire.o)
                0x00003728                _ZN7TwoWire5writeEh
 .text._ZN7TwoWireC2Ev
                0x00003786       0x20 C:\Users\movil\Documents\Atmel Studio\weightlogger\weightlogger_main\ArduinoCore\Release\libArduinoCore.a(Wire.o)
                0x00003786                _ZN7TwoWireC1Ev
                0x00003786                _ZN7TwoWireC2Ev
 .text._ZN7TwoWire5beginEv
                0x000037a6       0x24 C:\Users\movil\Documents\Atmel Studio\weightlogger\weightlogger_main\ArduinoCore\Release\libArduinoCore.a(Wire.o)
                0x000037a6                _ZN7TwoWire5beginEv
 .text._ZN7TwoWire17beginTransmissionEh
                0x000037ca       0x14 C:\Users\movil\Documents\Atmel Studio\weightlogger\weightlogger_main\ArduinoCore\Release\libArduinoCore.a(Wire.o)
                0x000037ca                _ZN7TwoWire17beginTransmissionEh
 .text._ZN7TwoWire17beginTransmissionEi
                0x000037de        0x4 C:\Users\movil\Documents\Atmel Studio\weightlogger\weightlogger_main\ArduinoCore\Release\libArduinoCore.a(Wire.o)
                0x000037de                _ZN7TwoWire17beginTransmissionEi
 .text._ZN7TwoWire15endTransmissionEh
                0x000037e2       0x26 C:\Users\movil\Documents\Atmel Studio\weightlogger\weightlogger_main\ArduinoCore\Release\libArduinoCore.a(Wire.o)
                0x000037e2                _ZN7TwoWire15endTransmissionEh
 .text._ZN7TwoWire11requestFromEhhmhh
                0x00003808       0xa8 C:\Users\movil\Documents\Atmel Studio\weightlogger\weightlogger_main\ArduinoCore\Release\libArduinoCore.a(Wire.o)
                0x00003808                _ZN7TwoWire11requestFromEhhmhh
 .text._ZN7TwoWire11requestFromEhhh
                0x000038b0       0x20 C:\Users\movil\Documents\Atmel Studio\weightlogger\weightlogger_main\ArduinoCore\Release\libArduinoCore.a(Wire.o)
                0x000038b0                _ZN7TwoWire11requestFromEhhh
 .text._ZN7TwoWire11requestFromEhh
                0x000038d0        0x6 C:\Users\movil\Documents\Atmel Studio\weightlogger\weightlogger_main\ArduinoCore\Release\libArduinoCore.a(Wire.o)
                0x000038d0                _ZN7TwoWire11requestFromEhh
 .text._ZN7TwoWire11requestFromEii
                0x000038d6        0x6 C:\Users\movil\Documents\Atmel Studio\weightlogger\weightlogger_main\ArduinoCore\Release\libArduinoCore.a(Wire.o)
                0x000038d6                _ZN7TwoWire11requestFromEii
 .text._ZN7TwoWire15endTransmissionEv
                0x000038dc        0x6 C:\Users\movil\Documents\Atmel Studio\weightlogger\weightlogger_main\ArduinoCore\Release\libArduinoCore.a(Wire.o)
                0x000038dc                _ZN7TwoWire15endTransmissionEv
 .text.startup._GLOBAL__sub_I__ZN7TwoWire8rxBufferE
                0x000038e2        0x8 C:\Users\movil\Documents\Atmel Studio\weightlogger\weightlogger_main\ArduinoCore\Release\libArduinoCore.a(Wire.o)
 .text.__empty  0x000038ea        0x2 C:\Users\movil\Documents\Atmel Studio\weightlogger\weightlogger_main\ArduinoCore\Release\libArduinoCore.a(hooks.o)
                0x000038ea                yield
 .text.twi_init
                0x000038ec       0x3c C:\Users\movil\Documents\Atmel Studio\weightlogger\weightlogger_main\ArduinoCore\Release\libArduinoCore.a(twi.o)
                0x000038ec                twi_init
 .text.twi_readFrom
                0x00003928       0x90 C:\Users\movil\Documents\Atmel Studio\weightlogger\weightlogger_main\ArduinoCore\Release\libArduinoCore.a(twi.o)
                0x00003928                twi_readFrom
 .text.twi_writeTo
                0x000039b8       0xac C:\Users\movil\Documents\Atmel Studio\weightlogger\weightlogger_main\ArduinoCore\Release\libArduinoCore.a(twi.o)
                0x000039b8                twi_writeTo
 .text.twi_transmit
                0x00003a64       0x50 C:\Users\movil\Documents\Atmel Studio\weightlogger\weightlogger_main\ArduinoCore\Release\libArduinoCore.a(twi.o)
                0x00003a64                twi_transmit
 .text.twi_attachSlaveRxEvent
                0x00003ab4        0xa C:\Users\movil\Documents\Atmel Studio\weightlogger\weightlogger_main\ArduinoCore\Release\libArduinoCore.a(twi.o)
                0x00003ab4                twi_attachSlaveRxEvent
 .text.twi_attachSlaveTxEvent
                0x00003abe        0xa C:\Users\movil\Documents\Atmel Studio\weightlogger\weightlogger_main\ArduinoCore\Release\libArduinoCore.a(twi.o)
                0x00003abe                twi_attachSlaveTxEvent
 .text.twi_stop
                0x00003ac8       0x14 C:\Users\movil\Documents\Atmel Studio\weightlogger\weightlogger_main\ArduinoCore\Release\libArduinoCore.a(twi.o)
                0x00003ac8                twi_stop
 .text.twi_releaseBus
                0x00003adc        0xc C:\Users\movil\Documents\Atmel Studio\weightlogger\weightlogger_main\ArduinoCore\Release\libArduinoCore.a(twi.o)
                0x00003adc                twi_releaseBus
 .text.__vector_24
                0x00003ae8      0x25a C:\Users\movil\Documents\Atmel Studio\weightlogger\weightlogger_main\ArduinoCore\Release\libArduinoCore.a(twi.o)
                0x00003ae8                __vector_24
 .text.libgcc.div
                0x00003d42       0x18 c:/program files (x86)/atmel/studio/7.0/toolchain/avr8/avr8-gnu-toolchain/bin/../lib/gcc/avr/5.4.0/avr5\libgcc.a(_udivmodqi4.o)
                0x00003d42                __udivmodqi4
 .text.libgcc.div
                0x00003d5a       0x44 c:/program files (x86)/atmel/studio/7.0/toolchain/avr8/avr8-gnu-toolchain/bin/../lib/gcc/avr/5.4.0/avr5\libgcc.a(_udivmodsi4.o)
                0x00003d5a                __udivmodsi4
 .text.libgcc.div
                0x00003d9e       0x2e c:/program files (x86)/atmel/studio/7.0/toolchain/avr8/avr8-gnu-toolchain/bin/../lib/gcc/avr/5.4.0/avr5\libgcc.a(_divmodsi4.o)
                0x00003d9e                __divmodsi4
 .text.libgcc.div
                0x00003dcc       0x10 c:/program files (x86)/atmel/studio/7.0/toolchain/avr8/avr8-gnu-toolchain/bin/../lib/gcc/avr/5.4.0/avr5\libgcc.a(_negsi2.o)
                0x00003dcc                __negsi2
 .text.libgcc   0x00003ddc        0xc c:/program files (x86)/atmel/studio/7.0/toolchain/avr8/avr8-gnu-toolchain/bin/../lib/gcc/avr/5.4.0/avr5\libgcc.a(_tablejump2.o)
                0x00003ddc                __tablejump2__
 .text.libgcc.mul
                0x00003de8       0x1e c:/program files (x86)/atmel/studio/7.0/toolchain/avr8/avr8-gnu-toolchain/bin/../lib/gcc/avr/5.4.0/avr5\libgcc.a(_umulhisi3.o)
                0x00003de8                __umulhisi3
 .text.libgcc.mul
                0x00003e06       0x16 c:/program files (x86)/atmel/studio/7.0/toolchain/avr8/avr8-gnu-toolchain/bin/../lib/gcc/avr/5.4.0/avr5\libgcc.a(_muluhisi3.o)
                0x00003e06                __muluhisi3
 .text.avr-libc
                0x00003e1c       0x3c c:/program files (x86)/atmel/studio/7.0/toolchain/avr8/avr8-gnu-toolchain/bin/../lib/gcc/avr/5.4.0/../../../../avr/lib/avr5\libc.a(atoi.o)
                0x00003e1c                atoi
 .text.avr-libc
                0x00003e58       0x12 c:/program files (x86)/atmel/studio/7.0/toolchain/avr8/avr8-gnu-toolchain/bin/../lib/gcc/avr/5.4.0/../../../../avr/lib/avr5\libc.a(memcpy_P.o)
                0x00003e58                memcpy_P
 .text.avr-libc
                0x00003e6a        0xa c:/program files (x86)/atmel/studio/7.0/toolchain/avr8/avr8-gnu-toolchain/bin/../lib/gcc/avr/5.4.0/../../../../avr/lib/avr5\libc.a(strtok.o)
                0x00003e6a                strtok
 .text.avr-libc
                0x00003e74       0x12 c:/program files (x86)/atmel/studio/7.0/toolchain/avr8/avr8-gnu-toolchain/bin/../lib/gcc/avr/5.4.0/../../../../avr/lib/avr5\libc.a(memcpy.o)
                0x00003e74                memcpy
 .text.avr-libc
                0x00003e86        0xe c:/program files (x86)/atmel/studio/7.0/toolchain/avr8/avr8-gnu-toolchain/bin/../lib/gcc/avr/5.4.0/../../../../avr/lib/avr5\libc.a(memset.o)
                0x00003e86                memset
 .text.avr-libc
                0x00003e94       0x16 c:/program files (x86)/atmel/studio/7.0/toolchain/avr8/avr8-gnu-toolchain/bin/../lib/gcc/avr/5.4.0/../../../../avr/lib/avr5\libc.a(strcat.o)
                0x00003e94                strcat
 .text.avr-libc
                0x00003eaa       0x12 c:/program files (x86)/atmel/studio/7.0/toolchain/avr8/avr8-gnu-toolchain/bin/../lib/gcc/avr/5.4.0/../../../../avr/lib/avr5\libc.a(strcmp.o)
                0x00003eaa                strcmp
 .text.avr-libc
                0x00003ebc       0x20 c:/program files (x86)/atmel/studio/7.0/toolchain/avr8/avr8-gnu-toolchain/bin/../lib/gcc/avr/5.4.0/../../../../avr/lib/avr5\libc.a(strncat.o)
                0x00003ebc                strncat
 .text.avr-libc
                0x00003edc       0x4e c:/program files (x86)/atmel/studio/7.0/toolchain/avr8/avr8-gnu-toolchain/bin/../lib/gcc/avr/5.4.0/../../../../avr/lib/avr5\libc.a(strtok_r.o)
                0x00003edc                strtok_r
 .text.avr-libc
                0x00003f2a       0x10 c:/program files (x86)/atmel/studio/7.0/toolchain/avr8/avr8-gnu-toolchain/bin/../lib/gcc/avr/5.4.0/../../../../avr/lib/avr5\libc.a(mul10.o)
                0x00003f2a                __mulhi_const_10
 .text.avr-libc
                0x00003f3a       0x44 c:/program files (x86)/atmel/studio/7.0/toolchain/avr8/avr8-gnu-toolchain/bin/../lib/gcc/avr/5.4.0/../../../../avr/lib/avr5\libc.a(sprintf.o)
                0x00003f3a                sprintf
 .text.avr-libc
                0x00003f7e      0x3c2 c:/program files (x86)/atmel/studio/7.0/toolchain/avr8/avr8-gnu-toolchain/bin/../lib/gcc/avr/5.4.0/../../../../avr/lib/avr5\libc.a(vfprintf_std.o)
                0x00003f7e                vfprintf
 .text.avr-libc
                0x00004340       0x16 c:/program files (x86)/atmel/studio/7.0/toolchain/avr8/avr8-gnu-toolchain/bin/../lib/gcc/avr/5.4.0/../../../../avr/lib/avr5\libc.a(strnlen_P.o)
                0x00004340                strnlen_P
 .text.avr-libc
                0x00004356       0x16 c:/program files (x86)/atmel/studio/7.0/toolchain/avr8/avr8-gnu-toolchain/bin/../lib/gcc/avr/5.4.0/../../../../avr/lib/avr5\libc.a(strnlen.o)
                0x00004356                strnlen
 .text.avr-libc
                0x0000436c       0x78 c:/program files (x86)/atmel/studio/7.0/toolchain/avr8/avr8-gnu-toolchain/bin/../lib/gcc/avr/5.4.0/../../../../avr/lib/avr5\libc.a(fputc.o)
                0x0000436c                fputc
 .text.avr-libc
                0x000043e4       0xbc c:/program files (x86)/atmel/studio/7.0/toolchain/avr8/avr8-gnu-toolchain/bin/../lib/gcc/avr/5.4.0/../../../../avr/lib/avr5\libc.a(ultoa_invert.o)
                0x000043e4                __ultoa_invert
 .text.avr-libc
                0x000044a0       0x10 C:/Program Files (x86)/Atmel/Studio/7.0/Packs/Atmel/ATmega_DFP/1.3.300/gcc/dev/atmega328p/avr5\libatmega328p.a(eerd_byte.o)
                0x000044a0                eeprom_read_byte
 .text.avr-libc
                0x000044b0       0x1c C:/Program Files (x86)/Atmel/Studio/7.0/Packs/Atmel/ATmega_DFP/1.3.300/gcc/dev/atmega328p/avr5\libatmega328p.a(eewr_byte.o)
                0x000044b0                eeprom_write_byte
                0x000044b2                eeprom_write_r18
 .text.libgcc.prologue
                0x000044cc       0x38 c:/program files (x86)/atmel/studio/7.0/toolchain/avr8/avr8-gnu-toolchain/bin/../lib/gcc/avr/5.4.0/avr5\libgcc.a(_prologue.o)
                0x000044cc                __prologue_saves__
 .text.libgcc.prologue
                0x00004504       0x36 c:/program files (x86)/atmel/studio/7.0/toolchain/avr8/avr8-gnu-toolchain/bin/../lib/gcc/avr/5.4.0/avr5\libgcc.a(_epilogue.o)
                0x00004504                __epilogue_restores__
                0x0000453a                . = ALIGN (0x2)
 *(.fini9)
 .fini9         0x0000453a        0x0 c:/program files (x86)/atmel/studio/7.0/toolchain/avr8/avr8-gnu-toolchain/bin/../lib/gcc/avr/5.4.0/avr5\libgcc.a(_exit.o)
                0x0000453a                _exit
                0x0000453a                exit
 *(.fini9)
 *(.fini8)
 *(.fini8)
 *(.fini7)
 *(.fini7)
 *(.fini6)
 *(.fini6)
 *(.fini5)
 *(.fini5)
 *(.fini4)
 *(.fini4)
 *(.fini3)
 *(.fini3)
 *(.fini2)
 *(.fini2)
 *(.fini1)
 *(.fini1)
 *(.fini0)
 .fini0         0x0000453a        0x4 c:/program files (x86)/atmel/studio/7.0/toolchain/avr8/avr8-gnu-toolchain/bin/../lib/gcc/avr/5.4.0/avr5\libgcc.a(_exit.o)
 *(.fini0)
                0x0000453e                _etext = .

.data           0x00800100      0x158 load address 0x0000453e
                0x00800100                PROVIDE (__data_start, .)
 *(.data)
 *(.data*)
 .data._ZL9tone_pins
                0x00800100        0x1 C:\Users\movil\Documents\Atmel Studio\weightlogger\weightlogger_main\ArduinoCore\Release\libArduinoCore.a(Tone.o)
 *(.gnu.linkonce.d*)
 *(.rodata)
 .rodata        0x00800101        0x8 C:\Users\movil\Documents\Atmel Studio\weightlogger\weightlogger_main\ArduinoCore\Release\libArduinoCore.a(LiquidCrystal_I2C.o)
 *(.rodata*)
 .rodata.str1.1
                0x00800109       0x46 elcan_lcd.o
 .rodata.str1.1
                0x0080014f       0x13 elcan_wifi.o
 .rodata.str1.1
                0x00800162       0x15 rtc.o
 .rodata.str1.1
                0x00800177       0xa7 main_sketch.o
                                 0xa9 (size before relaxing)
 .rodata._ZTV14HardwareSerial
                0x0080021e       0x12 C:\Users\movil\Documents\Atmel Studio\weightlogger\weightlogger_main\ArduinoCore\Release\libArduinoCore.a(HardwareSerial.o)
                0x0080021e                _ZTV14HardwareSerial
 .rodata._ZTV17LiquidCrystal_I2C
                0x00800230        0xc C:\Users\movil\Documents\Atmel Studio\weightlogger\weightlogger_main\ArduinoCore\Release\libArduinoCore.a(LiquidCrystal_I2C.o)
                0x00800230                _ZTV17LiquidCrystal_I2C
 .rodata._ZTV7MFRC522
                0x0080023c        0xa C:\Users\movil\Documents\Atmel Studio\weightlogger\weightlogger_main\ArduinoCore\Release\libArduinoCore.a(MFRC522.o)
                0x0080023c                _ZTV7MFRC522
 .rodata._ZTV7TwoWire
                0x00800246       0x12 C:\Users\movil\Documents\Atmel Studio\weightlogger\weightlogger_main\ArduinoCore\Release\libArduinoCore.a(Wire.o)
                0x00800246                _ZTV7TwoWire
 *(.gnu.linkonce.r*)
                0x00800258                . = ALIGN (0x2)
                0x00800258                _edata = .
                0x00800258                PROVIDE (__data_end, .)

.bss            0x00800258      0x1c8
                0x00800258                PROVIDE (__bss_start, .)
 *(.bss)
 .bss           0x00800258        0x2 c:/program files (x86)/atmel/studio/7.0/toolchain/avr8/avr8-gnu-toolchain/bin/../lib/gcc/avr/5.4.0/../../../../avr/lib/avr5\libc.a(strtok.o)
 *(.bss*)
 .bss.rfid      0x0080025a       0x14 main_sketch.o
                0x0080025a                rfid
 .bss.rtc       0x0080026e        0x1 main_sketch.o
                0x0080026e                rtc
 .bss.wifi      0x0080026f        0x2 main_sketch.o
                0x0080026f                wifi
 .bss.ElcanLcd  0x00800271       0x10 main_sketch.o
                0x00800271                ElcanLcd
 .bss.lastPoll  0x00800281        0x4 main_sketch.o
                0x00800281                lastPoll
 .bss.backlightStart
                0x00800285        0x4 main_sketch.o
                0x00800285                backlightStart
 .bss.timerStarted
                0x00800289        0x6 main_sketch.o
                0x00800289                timerStarted
 .bss.enteringTime
                0x0080028f        0x6 main_sketch.o
                0x0080028f                enteringTime
 .bss.measuredWeight
                0x00800295        0x7 main_sketch.o
                0x00800295                measuredWeight
 .bss.sys_state
                0x0080029c        0x1 main_sketch.o
                0x0080029c                sys_state
 .bss.Serial    0x0080029d       0x9d C:\Users\movil\Documents\Atmel Studio\weightlogger\weightlogger_main\ArduinoCore\Release\libArduinoCore.a(HardwareSerial0.o)
                0x0080029d                Serial
 .bss.timer2_pin_mask
                0x0080033a        0x1 C:\Users\movil\Documents\Atmel Studio\weightlogger\weightlogger_main\ArduinoCore\Release\libArduinoCore.a(Tone.o)
                0x0080033a                timer2_pin_mask
 .bss.timer2_pin_port
                0x0080033b        0x2 C:\Users\movil\Documents\Atmel Studio\weightlogger\weightlogger_main\ArduinoCore\Release\libArduinoCore.a(Tone.o)
                0x0080033b                timer2_pin_port
 .bss.timer2_toggle_count
                0x0080033d        0x4 C:\Users\movil\Documents\Atmel Studio\weightlogger\weightlogger_main\ArduinoCore\Release\libArduinoCore.a(Tone.o)
                0x0080033d                timer2_toggle_count
 .bss.timer1_pin_mask
                0x00800341        0x1 C:\Users\movil\Documents\Atmel Studio\weightlogger\weightlogger_main\ArduinoCore\Release\libArduinoCore.a(Tone.o)
                0x00800341                timer1_pin_mask
 .bss.timer1_pin_port
                0x00800342        0x2 C:\Users\movil\Documents\Atmel Studio\weightlogger\weightlogger_main\ArduinoCore\Release\libArduinoCore.a(Tone.o)
                0x00800342                timer1_pin_port
 .bss.timer1_toggle_count
                0x00800344        0x4 C:\Users\movil\Documents\Atmel Studio\weightlogger\weightlogger_main\ArduinoCore\Release\libArduinoCore.a(Tone.o)
                0x00800344                timer1_toggle_count
 .bss.timer0_pin_mask
                0x00800348        0x1 C:\Users\movil\Documents\Atmel Studio\weightlogger\weightlogger_main\ArduinoCore\Release\libArduinoCore.a(Tone.o)
                0x00800348                timer0_pin_mask
 .bss.timer0_pin_port
                0x00800349        0x2 C:\Users\movil\Documents\Atmel Studio\weightlogger\weightlogger_main\ArduinoCore\Release\libArduinoCore.a(Tone.o)
                0x00800349                timer0_pin_port
 .bss.timer0_toggle_count
                0x0080034b        0x4 C:\Users\movil\Documents\Atmel Studio\weightlogger\weightlogger_main\ArduinoCore\Release\libArduinoCore.a(Tone.o)
                0x0080034b                timer0_toggle_count
 .bss.timer0_fract
                0x0080034f        0x1 C:\Users\movil\Documents\Atmel Studio\weightlogger\weightlogger_main\ArduinoCore\Release\libArduinoCore.a(wiring.o)
 .bss.timer0_millis
                0x00800350        0x4 C:\Users\movil\Documents\Atmel Studio\weightlogger\weightlogger_main\ArduinoCore\Release\libArduinoCore.a(wiring.o)
                0x00800350                timer0_millis
 .bss.timer0_overflow_count
                0x00800354        0x4 C:\Users\movil\Documents\Atmel Studio\weightlogger\weightlogger_main\ArduinoCore\Release\libArduinoCore.a(wiring.o)
                0x00800354                timer0_overflow_count
 .bss._ZN8SPIClass13interruptSaveE
                0x00800358        0x1 C:\Users\movil\Documents\Atmel Studio\weightlogger\weightlogger_main\ArduinoCore\Release\libArduinoCore.a(SPI.o)
                0x00800358                _ZN8SPIClass13interruptSaveE
 .bss._ZN8SPIClass13interruptMaskE
                0x00800359        0x1 C:\Users\movil\Documents\Atmel Studio\weightlogger\weightlogger_main\ArduinoCore\Release\libArduinoCore.a(SPI.o)
                0x00800359                _ZN8SPIClass13interruptMaskE
 .bss._ZN8SPIClass13interruptModeE
                0x0080035a        0x1 C:\Users\movil\Documents\Atmel Studio\weightlogger\weightlogger_main\ArduinoCore\Release\libArduinoCore.a(SPI.o)
                0x0080035a                _ZN8SPIClass13interruptModeE
 .bss._ZN8SPIClass11initializedE
                0x0080035b        0x1 C:\Users\movil\Documents\Atmel Studio\weightlogger\weightlogger_main\ArduinoCore\Release\libArduinoCore.a(SPI.o)
                0x0080035b                _ZN8SPIClass11initializedE
 .bss.Wire      0x0080035c        0xc C:\Users\movil\Documents\Atmel Studio\weightlogger\weightlogger_main\ArduinoCore\Release\libArduinoCore.a(Wire.o)
                0x0080035c                Wire
 .bss._ZN7TwoWire14user_onReceiveE
                0x00800368        0x2 C:\Users\movil\Documents\Atmel Studio\weightlogger\weightlogger_main\ArduinoCore\Release\libArduinoCore.a(Wire.o)
                0x00800368                _ZN7TwoWire14user_onReceiveE
 .bss._ZN7TwoWire14user_onRequestE
                0x0080036a        0x2 C:\Users\movil\Documents\Atmel Studio\weightlogger\weightlogger_main\ArduinoCore\Release\libArduinoCore.a(Wire.o)
                0x0080036a                _ZN7TwoWire14user_onRequestE
 .bss._ZN7TwoWire12transmittingE
                0x0080036c        0x1 C:\Users\movil\Documents\Atmel Studio\weightlogger\weightlogger_main\ArduinoCore\Release\libArduinoCore.a(Wire.o)
                0x0080036c                _ZN7TwoWire12transmittingE
 .bss._ZN7TwoWire14txBufferLengthE
                0x0080036d        0x1 C:\Users\movil\Documents\Atmel Studio\weightlogger\weightlogger_main\ArduinoCore\Release\libArduinoCore.a(Wire.o)
                0x0080036d                _ZN7TwoWire14txBufferLengthE
 .bss._ZN7TwoWire13txBufferIndexE
                0x0080036e        0x1 C:\Users\movil\Documents\Atmel Studio\weightlogger\weightlogger_main\ArduinoCore\Release\libArduinoCore.a(Wire.o)
                0x0080036e                _ZN7TwoWire13txBufferIndexE
 .bss._ZN7TwoWire8txBufferE
                0x0080036f       0x20 C:\Users\movil\Documents\Atmel Studio\weightlogger\weightlogger_main\ArduinoCore\Release\libArduinoCore.a(Wire.o)
                0x0080036f                _ZN7TwoWire8txBufferE
 .bss._ZN7TwoWire9txAddressE
                0x0080038f        0x1 C:\Users\movil\Documents\Atmel Studio\weightlogger\weightlogger_main\ArduinoCore\Release\libArduinoCore.a(Wire.o)
                0x0080038f                _ZN7TwoWire9txAddressE
 .bss._ZN7TwoWire14rxBufferLengthE
                0x00800390        0x1 C:\Users\movil\Documents\Atmel Studio\weightlogger\weightlogger_main\ArduinoCore\Release\libArduinoCore.a(Wire.o)
                0x00800390                _ZN7TwoWire14rxBufferLengthE
 .bss._ZN7TwoWire13rxBufferIndexE
                0x00800391        0x1 C:\Users\movil\Documents\Atmel Studio\weightlogger\weightlogger_main\ArduinoCore\Release\libArduinoCore.a(Wire.o)
                0x00800391                _ZN7TwoWire13rxBufferIndexE
 .bss._ZN7TwoWire8rxBufferE
                0x00800392       0x20 C:\Users\movil\Documents\Atmel Studio\weightlogger\weightlogger_main\ArduinoCore\Release\libArduinoCore.a(Wire.o)
                0x00800392                _ZN7TwoWire8rxBufferE
 .bss.twi_error
                0x008003b2        0x1 C:\Users\movil\Documents\Atmel Studio\weightlogger\weightlogger_main\ArduinoCore\Release\libArduinoCore.a(twi.o)
 .bss.twi_rxBufferIndex
                0x008003b3        0x1 C:\Users\movil\Documents\Atmel Studio\weightlogger\weightlogger_main\ArduinoCore\Release\libArduinoCore.a(twi.o)
 .bss.twi_rxBuffer
                0x008003b4       0x20 C:\Users\movil\Documents\Atmel Studio\weightlogger\weightlogger_main\ArduinoCore\Release\libArduinoCore.a(twi.o)
 .bss.twi_txBufferLength
                0x008003d4        0x1 C:\Users\movil\Documents\Atmel Studio\weightlogger\weightlogger_main\ArduinoCore\Release\libArduinoCore.a(twi.o)
 .bss.twi_txBufferIndex
                0x008003d5        0x1 C:\Users\movil\Documents\Atmel Studio\weightlogger\weightlogger_main\ArduinoCore\Release\libArduinoCore.a(twi.o)
 .bss.twi_txBuffer
                0x008003d6       0x20 C:\Users\movil\Documents\Atmel Studio\weightlogger\weightlogger_main\ArduinoCore\Release\libArduinoCore.a(twi.o)
 .bss.twi_masterBufferLength
                0x008003f6        0x1 C:\Users\movil\Documents\Atmel Studio\weightlogger\weightlogger_main\ArduinoCore\Release\libArduinoCore.a(twi.o)
 .bss.twi_masterBufferIndex
                0x008003f7        0x1 C:\Users\movil\Documents\Atmel Studio\weightlogger\weightlogger_main\ArduinoCore\Release\libArduinoCore.a(twi.o)
 .bss.twi_masterBuffer
                0x008003f8       0x20 C:\Users\movil\Documents\Atmel Studio\weightlogger\weightlogger_main\ArduinoCore\Release\libArduinoCore.a(twi.o)
 .bss.twi_onSlaveReceive
                0x00800418        0x2 C:\Users\movil\Documents\Atmel Studio\weightlogger\weightlogger_main\ArduinoCore\Release\libArduinoCore.a(twi.o)
 .bss.twi_onSlaveTransmit
                0x0080041a        0x2 C:\Users\movil\Documents\Atmel Studio\weightlogger\weightlogger_main\ArduinoCore\Release\libArduinoCore.a(twi.o)
 .bss.twi_inRepStart
                0x0080041c        0x1 C:\Users\movil\Documents\Atmel Studio\weightlogger\weightlogger_main\ArduinoCore\Release\libArduinoCore.a(twi.o)
 .bss.twi_sendStop
                0x0080041d        0x1 C:\Users\movil\Documents\Atmel Studio\weightlogger\weightlogger_main\ArduinoCore\Release\libArduinoCore.a(twi.o)
 .bss.twi_slarw
                0x0080041e        0x1 C:\Users\movil\Documents\Atmel Studio\weightlogger\weightlogger_main\ArduinoCore\Release\libArduinoCore.a(twi.o)
 .bss.twi_state
                0x0080041f        0x1 C:\Users\movil\Documents\Atmel Studio\weightlogger\weightlogger_main\ArduinoCore\Release\libArduinoCore.a(twi.o)
 *(COMMON)
                0x00800420                PROVIDE (__bss_end, .)
                0x0000453e                __data_load_start = LOADADDR (.data)
                0x00004696                __data_load_end = (__data_load_start + SIZEOF (.data))

.noinit         0x00800420        0x0
                [!provide]                PROVIDE (__noinit_start, .)
 *(.noinit*)
                [!provide]                PROVIDE (__noinit_end, .)
                0x00800420                _end = .
                0x00800420                PROVIDE (__heap_start, .)

.eeprom         0x00810000        0x0
 *(.eeprom*)
                0x00810000                __eeprom_end = .

.fuse
 *(.fuse)
 *(.lfuse)
 *(.hfuse)
 *(.efuse)

.lock
 *(.lock*)

.signature
 *(.signature*)

.user_signatures
 *(.user_signatures*)

.stab
 *(.stab)

.stabstr
 *(.stabstr)

.stab.excl
 *(.stab.excl)

.stab.exclstr
 *(.stab.exclstr)

.stab.index
 *(.stab.index)

.stab.indexstr
 *(.stab.indexstr)

.comment        0x00000000       0x5c
 *(.comment)
 .comment       0x00000000       0x30 card_manager.o
                                 0x31 (size before relaxing)
 .comment       0x00000030       0x31 converters.o
 .comment       0x00000030       0x31 elcan_lcd.o
 .comment       0x00000030       0x31 elcan_wifi.o
 .comment       0x00000030       0x31 rfid.o
 .comment       0x00000030       0x31 rtc.o
 .comment       0x00000030       0x31 main_sketch.o
 .comment       0x00000030       0x31 substring.o
 .comment       0x00000030       0x31 C:\Users\movil\Documents\Atmel Studio\weightlogger\weightlogger_main\ArduinoCore\Release\libArduinoCore.a(HardwareSerial.o)
 .comment       0x00000030       0x31 C:\Users\movil\Documents\Atmel Studio\weightlogger\weightlogger_main\ArduinoCore\Release\libArduinoCore.a(HardwareSerial0.o)
 .comment       0x00000030       0x31 C:\Users\movil\Documents\Atmel Studio\weightlogger\weightlogger_main\ArduinoCore\Release\libArduinoCore.a(main.o)
 .comment       0x00000030       0x31 C:\Users\movil\Documents\Atmel Studio\weightlogger\weightlogger_main\ArduinoCore\Release\libArduinoCore.a(Print.o)
 .comment       0x00000030       0x31 C:\Users\movil\Documents\Atmel Studio\weightlogger\weightlogger_main\ArduinoCore\Release\libArduinoCore.a(Stream.o)
 .comment       0x00000030       0x31 C:\Users\movil\Documents\Atmel Studio\weightlogger\weightlogger_main\ArduinoCore\Release\libArduinoCore.a(Tone.o)
 .comment       0x00000030       0x31 C:\Users\movil\Documents\Atmel Studio\weightlogger\weightlogger_main\ArduinoCore\Release\libArduinoCore.a(wiring.o)
 .comment       0x00000030       0x31 C:\Users\movil\Documents\Atmel Studio\weightlogger\weightlogger_main\ArduinoCore\Release\libArduinoCore.a(wiring_digital.o)
 .comment       0x00000030       0x31 C:\Users\movil\Documents\Atmel Studio\weightlogger\weightlogger_main\ArduinoCore\Release\libArduinoCore.a(LiquidCrystal_I2C.o)
 .comment       0x00000030       0x31 C:\Users\movil\Documents\Atmel Studio\weightlogger\weightlogger_main\ArduinoCore\Release\libArduinoCore.a(MFRC522.o)
 .comment       0x00000030       0x31 C:\Users\movil\Documents\Atmel Studio\weightlogger\weightlogger_main\ArduinoCore\Release\libArduinoCore.a(RTClib.o)
 .comment       0x00000030       0x31 C:\Users\movil\Documents\Atmel Studio\weightlogger\weightlogger_main\ArduinoCore\Release\libArduinoCore.a(SPI.o)
 .comment       0x00000030       0x31 C:\Users\movil\Documents\Atmel Studio\weightlogger\weightlogger_main\ArduinoCore\Release\libArduinoCore.a(Wire.o)
 .comment       0x00000030       0x31 C:\Users\movil\Documents\Atmel Studio\weightlogger\weightlogger_main\ArduinoCore\Release\libArduinoCore.a(hooks.o)
 .comment       0x00000030       0x31 C:\Users\movil\Documents\Atmel Studio\weightlogger\weightlogger_main\ArduinoCore\Release\libArduinoCore.a(twi.o)
 .comment       0x00000030       0x31 c:/program files (x86)/atmel/studio/7.0/toolchain/avr8/avr8-gnu-toolchain/bin/../lib/gcc/avr/5.4.0/../../../../avr/lib/avr5\libc.a(strtok.o)
 .comment       0x00000030       0x31 c:/program files (x86)/atmel/studio/7.0/toolchain/avr8/avr8-gnu-toolchain/bin/../lib/gcc/avr/5.4.0/../../../../avr/lib/avr5\libc.a(sprintf.o)
 .comment       0x00000030       0x2c c:/program files (x86)/atmel/studio/7.0/toolchain/avr8/avr8-gnu-toolchain/bin/../lib/gcc/avr/5.4.0/../../../../avr/lib/avr5\libc.a(vfprintf_std.o)
                                 0x2d (size before relaxing)
 .comment       0x0000005c       0x31 c:/program files (x86)/atmel/studio/7.0/toolchain/avr8/avr8-gnu-toolchain/bin/../lib/gcc/avr/5.4.0/../../../../avr/lib/avr5\libc.a(fputc.o)

.note.gnu.avr.deviceinfo
                0x00000000       0x40
 .note.gnu.avr.deviceinfo
                0x00000000       0x40 C:/Program Files (x86)/Atmel/Studio/7.0/Packs/Atmel/ATmega_DFP/1.3.300/gcc/dev/atmega328p/avr5/crtatmega328p.o

.note.gnu.build-id
 *(.note.gnu.build-id)

.debug
 *(.debug)

.line
 *(.line)

.debug_srcinfo
 *(.debug_srcinfo)

.debug_sfnames
 *(.debug_sfnames)

.debug_aranges  0x00000000      0xc40
 *(.debug_aranges)
 .debug_aranges
                0x00000000       0x38 card_manager.o
 .debug_aranges
                0x00000038       0x20 converters.o
 .debug_aranges
                0x00000058       0x58 elcan_lcd.o
 .debug_aranges
                0x000000b0       0x70 elcan_wifi.o
 .debug_aranges
                0x00000120       0x30 rfid.o
 .debug_aranges
                0x00000150       0x40 rtc.o
 .debug_aranges
                0x00000190       0x78 main_sketch.o
 .debug_aranges
                0x00000208       0x20 substring.o
 .debug_aranges
                0x00000228       0x68 C:\Users\movil\Documents\Atmel Studio\weightlogger\weightlogger_main\ArduinoCore\Release\libArduinoCore.a(HardwareSerial.o)
 .debug_aranges
                0x00000290       0x48 C:\Users\movil\Documents\Atmel Studio\weightlogger\weightlogger_main\ArduinoCore\Release\libArduinoCore.a(HardwareSerial0.o)
 .debug_aranges
                0x000002d8       0x30 C:\Users\movil\Documents\Atmel Studio\weightlogger\weightlogger_main\ArduinoCore\Release\libArduinoCore.a(main.o)
 .debug_aranges
                0x00000308      0x100 C:\Users\movil\Documents\Atmel Studio\weightlogger\weightlogger_main\ArduinoCore\Release\libArduinoCore.a(Print.o)
 .debug_aranges
                0x00000408       0x98 C:\Users\movil\Documents\Atmel Studio\weightlogger\weightlogger_main\ArduinoCore\Release\libArduinoCore.a(Stream.o)
 .debug_aranges
                0x000004a0       0x38 C:\Users\movil\Documents\Atmel Studio\weightlogger\weightlogger_main\ArduinoCore\Release\libArduinoCore.a(Tone.o)
 .debug_aranges
                0x000004d8       0x48 C:\Users\movil\Documents\Atmel Studio\weightlogger\weightlogger_main\ArduinoCore\Release\libArduinoCore.a(wiring.o)
 .debug_aranges
                0x00000520       0x38 C:\Users\movil\Documents\Atmel Studio\weightlogger\weightlogger_main\ArduinoCore\Release\libArduinoCore.a(wiring_digital.o)
 .debug_aranges
                0x00000558      0x170 C:\Users\movil\Documents\Atmel Studio\weightlogger\weightlogger_main\ArduinoCore\Release\libArduinoCore.a(LiquidCrystal_I2C.o)
 .debug_aranges
                0x000006c8      0x208 C:\Users\movil\Documents\Atmel Studio\weightlogger\weightlogger_main\ArduinoCore\Release\libArduinoCore.a(MFRC522.o)
 .debug_aranges
                0x000008d0      0x160 C:\Users\movil\Documents\Atmel Studio\weightlogger\weightlogger_main\ArduinoCore\Release\libArduinoCore.a(RTClib.o)
 .debug_aranges
                0x00000a30       0x38 C:\Users\movil\Documents\Atmel Studio\weightlogger\weightlogger_main\ArduinoCore\Release\libArduinoCore.a(SPI.o)
 .debug_aranges
                0x00000a68       0xf8 C:\Users\movil\Documents\Atmel Studio\weightlogger\weightlogger_main\ArduinoCore\Release\libArduinoCore.a(Wire.o)
 .debug_aranges
                0x00000b60       0x20 C:\Users\movil\Documents\Atmel Studio\weightlogger\weightlogger_main\ArduinoCore\Release\libArduinoCore.a(hooks.o)
 .debug_aranges
                0x00000b80       0x80 C:\Users\movil\Documents\Atmel Studio\weightlogger\weightlogger_main\ArduinoCore\Release\libArduinoCore.a(twi.o)
 .debug_aranges
                0x00000c00       0x20 C:/Program Files (x86)/Atmel/Studio/7.0/Packs/Atmel/ATmega_DFP/1.3.300/gcc/dev/atmega328p/avr5\libatmega328p.a(eerd_byte.o)
 .debug_aranges
                0x00000c20       0x20 C:/Program Files (x86)/Atmel/Studio/7.0/Packs/Atmel/ATmega_DFP/1.3.300/gcc/dev/atmega328p/avr5\libatmega328p.a(eewr_byte.o)

.debug_pubnames
 *(.debug_pubnames)

.debug_info     0x00000000    0x1e916
 *(.debug_info .gnu.linkonce.wi.*)
 .debug_info    0x00000000      0x5f4 C:/Program Files (x86)/Atmel/Studio/7.0/Packs/Atmel/ATmega_DFP/1.3.300/gcc/dev/atmega328p/avr5/crtatmega328p.o
 .debug_info    0x000005f4      0xc0d card_manager.o
 .debug_info    0x00001201       0xc8 converters.o
 .debug_info    0x000012c9      0xbe9 elcan_lcd.o
 .debug_info    0x00001eb2     0x1ff2 elcan_wifi.o
 .debug_info    0x00003ea4      0x669 rfid.o
 .debug_info    0x0000450d     0x2331 rtc.o
 .debug_info    0x0000683e     0x1e78 main_sketch.o
 .debug_info    0x000086b6       0xa7 substring.o
 .debug_info    0x0000875d     0x1f64 C:\Users\movil\Documents\Atmel Studio\weightlogger\weightlogger_main\ArduinoCore\Release\libArduinoCore.a(HardwareSerial.o)
 .debug_info    0x0000a6c1     0x1b16 C:\Users\movil\Documents\Atmel Studio\weightlogger\weightlogger_main\ArduinoCore\Release\libArduinoCore.a(HardwareSerial0.o)
 .debug_info    0x0000c1d7      0x237 C:\Users\movil\Documents\Atmel Studio\weightlogger\weightlogger_main\ArduinoCore\Release\libArduinoCore.a(main.o)
 .debug_info    0x0000c40e     0x28ff C:\Users\movil\Documents\Atmel Studio\weightlogger\weightlogger_main\ArduinoCore\Release\libArduinoCore.a(Print.o)
 .debug_info    0x0000ed0d     0x215e C:\Users\movil\Documents\Atmel Studio\weightlogger\weightlogger_main\ArduinoCore\Release\libArduinoCore.a(Stream.o)
 .debug_info    0x00010e6b      0x7ab C:\Users\movil\Documents\Atmel Studio\weightlogger\weightlogger_main\ArduinoCore\Release\libArduinoCore.a(Tone.o)
 .debug_info    0x00011616      0x2cb C:\Users\movil\Documents\Atmel Studio\weightlogger\weightlogger_main\ArduinoCore\Release\libArduinoCore.a(wiring.o)
 .debug_info    0x000118e1      0x5fe C:\Users\movil\Documents\Atmel Studio\weightlogger\weightlogger_main\ArduinoCore\Release\libArduinoCore.a(wiring_digital.o)
 .debug_info    0x00011edf     0x19c8 C:\Users\movil\Documents\Atmel Studio\weightlogger\weightlogger_main\ArduinoCore\Release\libArduinoCore.a(LiquidCrystal_I2C.o)
 .debug_info    0x000138a7     0x5533 C:\Users\movil\Documents\Atmel Studio\weightlogger\weightlogger_main\ArduinoCore\Release\libArduinoCore.a(MFRC522.o)
 .debug_info    0x00018dda     0x25ab C:\Users\movil\Documents\Atmel Studio\weightlogger\weightlogger_main\ArduinoCore\Release\libArduinoCore.a(RTClib.o)
 .debug_info    0x0001b385      0x66b C:\Users\movil\Documents\Atmel Studio\weightlogger\weightlogger_main\ArduinoCore\Release\libArduinoCore.a(SPI.o)
 .debug_info    0x0001b9f0     0x27b0 C:\Users\movil\Documents\Atmel Studio\weightlogger\weightlogger_main\ArduinoCore\Release\libArduinoCore.a(Wire.o)
 .debug_info    0x0001e1a0       0x3e C:\Users\movil\Documents\Atmel Studio\weightlogger\weightlogger_main\ArduinoCore\Release\libArduinoCore.a(hooks.o)
 .debug_info    0x0001e1de      0x604 C:\Users\movil\Documents\Atmel Studio\weightlogger\weightlogger_main\ArduinoCore\Release\libArduinoCore.a(twi.o)
 .debug_info    0x0001e7e2       0x9a C:/Program Files (x86)/Atmel/Studio/7.0/Packs/Atmel/ATmega_DFP/1.3.300/gcc/dev/atmega328p/avr5\libatmega328p.a(eerd_byte.o)
 .debug_info    0x0001e87c       0x9a C:/Program Files (x86)/Atmel/Studio/7.0/Packs/Atmel/ATmega_DFP/1.3.300/gcc/dev/atmega328p/avr5\libatmega328p.a(eewr_byte.o)

.debug_abbrev   0x00000000     0x4efc
 *(.debug_abbrev)
 .debug_abbrev  0x00000000      0x5a2 C:/Program Files (x86)/Atmel/Studio/7.0/Packs/Atmel/ATmega_DFP/1.3.300/gcc/dev/atmega328p/avr5/crtatmega328p.o
 .debug_abbrev  0x000005a2      0x2c2 card_manager.o
 .debug_abbrev  0x00000864       0x99 converters.o
 .debug_abbrev  0x000008fd      0x2d3 elcan_lcd.o
 .debug_abbrev  0x00000bd0      0x46c elcan_wifi.o
 .debug_abbrev  0x0000103c      0x276 rfid.o
 .debug_abbrev  0x000012b2      0x453 rtc.o
 .debug_abbrev  0x00001705      0x522 main_sketch.o
 .debug_abbrev  0x00001c27       0x7d substring.o
 .debug_abbrev  0x00001ca4      0x4b7 C:\Users\movil\Documents\Atmel Studio\weightlogger\weightlogger_main\ArduinoCore\Release\libArduinoCore.a(HardwareSerial.o)
 .debug_abbrev  0x0000215b      0x3ce C:\Users\movil\Documents\Atmel Studio\weightlogger\weightlogger_main\ArduinoCore\Release\libArduinoCore.a(HardwareSerial0.o)
 .debug_abbrev  0x00002529      0x12d C:\Users\movil\Documents\Atmel Studio\weightlogger\weightlogger_main\ArduinoCore\Release\libArduinoCore.a(main.o)
 .debug_abbrev  0x00002656      0x47a C:\Users\movil\Documents\Atmel Studio\weightlogger\weightlogger_main\ArduinoCore\Release\libArduinoCore.a(Print.o)
 .debug_abbrev  0x00002ad0      0x487 C:\Users\movil\Documents\Atmel Studio\weightlogger\weightlogger_main\ArduinoCore\Release\libArduinoCore.a(Stream.o)
 .debug_abbrev  0x00002f57      0x2a5 C:\Users\movil\Documents\Atmel Studio\weightlogger\weightlogger_main\ArduinoCore\Release\libArduinoCore.a(Tone.o)
 .debug_abbrev  0x000031fc      0x146 C:\Users\movil\Documents\Atmel Studio\weightlogger\weightlogger_main\ArduinoCore\Release\libArduinoCore.a(wiring.o)
 .debug_abbrev  0x00003342      0x15b C:\Users\movil\Documents\Atmel Studio\weightlogger\weightlogger_main\ArduinoCore\Release\libArduinoCore.a(wiring_digital.o)
 .debug_abbrev  0x0000349d      0x3d4 C:\Users\movil\Documents\Atmel Studio\weightlogger\weightlogger_main\ArduinoCore\Release\libArduinoCore.a(LiquidCrystal_I2C.o)
 .debug_abbrev  0x00003871      0x657 C:\Users\movil\Documents\Atmel Studio\weightlogger\weightlogger_main\ArduinoCore\Release\libArduinoCore.a(MFRC522.o)
 .debug_abbrev  0x00003ec8      0x57e C:\Users\movil\Documents\Atmel Studio\weightlogger\weightlogger_main\ArduinoCore\Release\libArduinoCore.a(RTClib.o)
 .debug_abbrev  0x00004446      0x283 C:\Users\movil\Documents\Atmel Studio\weightlogger\weightlogger_main\ArduinoCore\Release\libArduinoCore.a(SPI.o)
 .debug_abbrev  0x000046c9      0x581 C:\Users\movil\Documents\Atmel Studio\weightlogger\weightlogger_main\ArduinoCore\Release\libArduinoCore.a(Wire.o)
 .debug_abbrev  0x00004c4a       0x2a C:\Users\movil\Documents\Atmel Studio\weightlogger\weightlogger_main\ArduinoCore\Release\libArduinoCore.a(hooks.o)
 .debug_abbrev  0x00004c74      0x260 C:\Users\movil\Documents\Atmel Studio\weightlogger\weightlogger_main\ArduinoCore\Release\libArduinoCore.a(twi.o)
 .debug_abbrev  0x00004ed4       0x14 C:/Program Files (x86)/Atmel/Studio/7.0/Packs/Atmel/ATmega_DFP/1.3.300/gcc/dev/atmega328p/avr5\libatmega328p.a(eerd_byte.o)
 .debug_abbrev  0x00004ee8       0x14 C:/Program Files (x86)/Atmel/Studio/7.0/Packs/Atmel/ATmega_DFP/1.3.300/gcc/dev/atmega328p/avr5\libatmega328p.a(eewr_byte.o)

.debug_line     0x00000000     0x7470
 *(.debug_line .debug_line.* .debug_line_end)
 .debug_line    0x00000000      0x133 C:/Program Files (x86)/Atmel/Studio/7.0/Packs/Atmel/ATmega_DFP/1.3.300/gcc/dev/atmega328p/avr5/crtatmega328p.o
 .debug_line    0x00000133      0x311 card_manager.o
 .debug_line    0x00000444       0xaf converters.o
 .debug_line    0x000004f3      0x410 elcan_lcd.o
 .debug_line    0x00000903      0x459 elcan_wifi.o
 .debug_line    0x00000d5c      0x1f0 rfid.o
 .debug_line    0x00000f4c      0x368 rtc.o
 .debug_line    0x000012b4      0x6b8 main_sketch.o
 .debug_line    0x0000196c       0x5c substring.o
 .debug_line    0x000019c8      0x4d9 C:\Users\movil\Documents\Atmel Studio\weightlogger\weightlogger_main\ArduinoCore\Release\libArduinoCore.a(HardwareSerial.o)
 .debug_line    0x00001ea1      0x2a1 C:\Users\movil\Documents\Atmel Studio\weightlogger\weightlogger_main\ArduinoCore\Release\libArduinoCore.a(HardwareSerial0.o)
 .debug_line    0x00002142      0x17a C:\Users\movil\Documents\Atmel Studio\weightlogger\weightlogger_main\ArduinoCore\Release\libArduinoCore.a(main.o)
 .debug_line    0x000022bc      0x69a C:\Users\movil\Documents\Atmel Studio\weightlogger\weightlogger_main\ArduinoCore\Release\libArduinoCore.a(Print.o)
 .debug_line    0x00002956      0x60c C:\Users\movil\Documents\Atmel Studio\weightlogger\weightlogger_main\ArduinoCore\Release\libArduinoCore.a(Stream.o)
 .debug_line    0x00002f62      0x40d C:\Users\movil\Documents\Atmel Studio\weightlogger\weightlogger_main\ArduinoCore\Release\libArduinoCore.a(Tone.o)
 .debug_line    0x0000336f      0x2ae C:\Users\movil\Documents\Atmel Studio\weightlogger\weightlogger_main\ArduinoCore\Release\libArduinoCore.a(wiring.o)
 .debug_line    0x0000361d      0x267 C:\Users\movil\Documents\Atmel Studio\weightlogger\weightlogger_main\ArduinoCore\Release\libArduinoCore.a(wiring_digital.o)
 .debug_line    0x00003884      0x7e8 C:\Users\movil\Documents\Atmel Studio\weightlogger\weightlogger_main\ArduinoCore\Release\libArduinoCore.a(LiquidCrystal_I2C.o)
 .debug_line    0x0000406c     0x1862 C:\Users\movil\Documents\Atmel Studio\weightlogger\weightlogger_main\ArduinoCore\Release\libArduinoCore.a(MFRC522.o)
 .debug_line    0x000058ce      0xc5b C:\Users\movil\Documents\Atmel Studio\weightlogger\weightlogger_main\ArduinoCore\Release\libArduinoCore.a(RTClib.o)
 .debug_line    0x00006529      0x2f8 C:\Users\movil\Documents\Atmel Studio\weightlogger\weightlogger_main\ArduinoCore\Release\libArduinoCore.a(SPI.o)
 .debug_line    0x00006821      0x5ec C:\Users\movil\Documents\Atmel Studio\weightlogger\weightlogger_main\ArduinoCore\Release\libArduinoCore.a(Wire.o)
 .debug_line    0x00006e0d       0x41 C:\Users\movil\Documents\Atmel Studio\weightlogger\weightlogger_main\ArduinoCore\Release\libArduinoCore.a(hooks.o)
 .debug_line    0x00006e4e      0x50a C:\Users\movil\Documents\Atmel Studio\weightlogger\weightlogger_main\ArduinoCore\Release\libArduinoCore.a(twi.o)
 .debug_line    0x00007358       0x7a C:/Program Files (x86)/Atmel/Studio/7.0/Packs/Atmel/ATmega_DFP/1.3.300/gcc/dev/atmega328p/avr5\libatmega328p.a(eerd_byte.o)
 .debug_line    0x000073d2       0x9e C:/Program Files (x86)/Atmel/Studio/7.0/Packs/Atmel/ATmega_DFP/1.3.300/gcc/dev/atmega328p/avr5\libatmega328p.a(eewr_byte.o)

.debug_frame    0x00000000     0x2a40
 *(.debug_frame)
 .debug_frame   0x00000000       0xec card_manager.o
 .debug_frame   0x000000ec       0x30 converters.o
 .debug_frame   0x0000011c      0x16c elcan_lcd.o
 .debug_frame   0x00000288      0x160 elcan_wifi.o
 .debug_frame   0x000003e8       0x78 rfid.o
 .debug_frame   0x00000460       0xf0 rtc.o
 .debug_frame   0x00000550      0x1d4 main_sketch.o
 .debug_frame   0x00000724       0x24 substring.o
 .debug_frame   0x00000748      0x110 C:\Users\movil\Documents\Atmel Studio\weightlogger\weightlogger_main\ArduinoCore\Release\libArduinoCore.a(HardwareSerial.o)
 .debug_frame   0x00000858       0xe0 C:\Users\movil\Documents\Atmel Studio\weightlogger\weightlogger_main\ArduinoCore\Release\libArduinoCore.a(HardwareSerial0.o)
 .debug_frame   0x00000938       0x54 C:\Users\movil\Documents\Atmel Studio\weightlogger\weightlogger_main\ArduinoCore\Release\libArduinoCore.a(main.o)
 .debug_frame   0x0000098c      0x3ac C:\Users\movil\Documents\Atmel Studio\weightlogger\weightlogger_main\ArduinoCore\Release\libArduinoCore.a(Print.o)
 .debug_frame   0x00000d38      0x2e4 C:\Users\movil\Documents\Atmel Studio\weightlogger\weightlogger_main\ArduinoCore\Release\libArduinoCore.a(Stream.o)
 .debug_frame   0x0000101c       0xfc C:\Users\movil\Documents\Atmel Studio\weightlogger\weightlogger_main\ArduinoCore\Release\libArduinoCore.a(Tone.o)
 .debug_frame   0x00001118       0xc4 C:\Users\movil\Documents\Atmel Studio\weightlogger\weightlogger_main\ArduinoCore\Release\libArduinoCore.a(wiring.o)
 .debug_frame   0x000011dc       0x7c C:\Users\movil\Documents\Atmel Studio\weightlogger\weightlogger_main\ArduinoCore\Release\libArduinoCore.a(wiring_digital.o)
 .debug_frame   0x00001258      0x380 C:\Users\movil\Documents\Atmel Studio\weightlogger\weightlogger_main\ArduinoCore\Release\libArduinoCore.a(LiquidCrystal_I2C.o)
 .debug_frame   0x000015d8      0xacc C:\Users\movil\Documents\Atmel Studio\weightlogger\weightlogger_main\ArduinoCore\Release\libArduinoCore.a(MFRC522.o)
 .debug_frame   0x000020a4      0x568 C:\Users\movil\Documents\Atmel Studio\weightlogger\weightlogger_main\ArduinoCore\Release\libArduinoCore.a(RTClib.o)
 .debug_frame   0x0000260c       0x5c C:\Users\movil\Documents\Atmel Studio\weightlogger\weightlogger_main\ArduinoCore\Release\libArduinoCore.a(SPI.o)
 .debug_frame   0x00002668      0x280 C:\Users\movil\Documents\Atmel Studio\weightlogger\weightlogger_main\ArduinoCore\Release\libArduinoCore.a(Wire.o)
 .debug_frame   0x000028e8       0x24 C:\Users\movil\Documents\Atmel Studio\weightlogger\weightlogger_main\ArduinoCore\Release\libArduinoCore.a(hooks.o)
 .debug_frame   0x0000290c      0x134 C:\Users\movil\Documents\Atmel Studio\weightlogger\weightlogger_main\ArduinoCore\Release\libArduinoCore.a(twi.o)

.debug_str      0x00000000     0x6273
 *(.debug_str)
 .debug_str     0x00000000      0x208 C:/Program Files (x86)/Atmel/Studio/7.0/Packs/Atmel/ATmega_DFP/1.3.300/gcc/dev/atmega328p/avr5/crtatmega328p.o
 .debug_str     0x00000208      0x72c card_manager.o
                                0x785 (size before relaxing)
 .debug_str     0x00000934       0x60 converters.o
                                0x1c9 (size before relaxing)
 .debug_str     0x00000994      0x384 elcan_lcd.o
                                0x639 (size before relaxing)
 .debug_str     0x00000d18     0x10f8 elcan_wifi.o
                               0x1462 (size before relaxing)
 .debug_str     0x00001e10      0x2b0 rfid.o
                                0x536 (size before relaxing)
 .debug_str     0x000020c0      0x582 rtc.o
                               0x1869 (size before relaxing)
 .debug_str     0x00002642      0x60c main_sketch.o
                               0x138b (size before relaxing)
 .debug_str     0x00002c4e       0x13 substring.o
                                0x199 (size before relaxing)
 .debug_str     0x00002c61      0x3e1 C:\Users\movil\Documents\Atmel Studio\weightlogger\weightlogger_main\ArduinoCore\Release\libArduinoCore.a(HardwareSerial.o)
                               0x1619 (size before relaxing)
 .debug_str     0x00003042       0x86 C:\Users\movil\Documents\Atmel Studio\weightlogger\weightlogger_main\ArduinoCore\Release\libArduinoCore.a(HardwareSerial0.o)
                               0x140c (size before relaxing)
 .debug_str     0x000030c8       0x37 C:\Users\movil\Documents\Atmel Studio\weightlogger\weightlogger_main\ArduinoCore\Release\libArduinoCore.a(main.o)
                                0x2b8 (size before relaxing)
 .debug_str     0x000030ff      0x38f C:\Users\movil\Documents\Atmel Studio\weightlogger\weightlogger_main\ArduinoCore\Release\libArduinoCore.a(Print.o)
                               0x1246 (size before relaxing)
 .debug_str     0x0000348e       0x97 C:\Users\movil\Documents\Atmel Studio\weightlogger\weightlogger_main\ArduinoCore\Release\libArduinoCore.a(Stream.o)
                               0x126a (size before relaxing)
 .debug_str     0x00003525      0x18b C:\Users\movil\Documents\Atmel Studio\weightlogger\weightlogger_main\ArduinoCore\Release\libArduinoCore.a(Tone.o)
                                0x43f (size before relaxing)
 .debug_str     0x000036b0      0x14d C:\Users\movil\Documents\Atmel Studio\weightlogger\weightlogger_main\ArduinoCore\Release\libArduinoCore.a(wiring.o)
                                0x24e (size before relaxing)
 .debug_str     0x000037fd       0x70 C:\Users\movil\Documents\Atmel Studio\weightlogger\weightlogger_main\ArduinoCore\Release\libArduinoCore.a(wiring_digital.o)
                                0x2b3 (size before relaxing)
 .debug_str     0x0000386d      0x9a2 C:\Users\movil\Documents\Atmel Studio\weightlogger\weightlogger_main\ArduinoCore\Release\libArduinoCore.a(LiquidCrystal_I2C.o)
                                0xe13 (size before relaxing)
 .debug_str     0x0000420f     0x147d C:\Users\movil\Documents\Atmel Studio\weightlogger\weightlogger_main\ArduinoCore\Release\libArduinoCore.a(MFRC522.o)
                               0x1e0c (size before relaxing)
 .debug_str     0x0000568c      0x559 C:\Users\movil\Documents\Atmel Studio\weightlogger\weightlogger_main\ArduinoCore\Release\libArduinoCore.a(RTClib.o)
                                0xe15 (size before relaxing)
 .debug_str     0x00005be5       0x9f C:\Users\movil\Documents\Atmel Studio\weightlogger\weightlogger_main\ArduinoCore\Release\libArduinoCore.a(SPI.o)
                                0x6b1 (size before relaxing)
 .debug_str     0x00005c84      0x48c C:\Users\movil\Documents\Atmel Studio\weightlogger\weightlogger_main\ArduinoCore\Release\libArduinoCore.a(Wire.o)
                               0x18c5 (size before relaxing)
 .debug_str     0x00006110       0x1c C:\Users\movil\Documents\Atmel Studio\weightlogger\weightlogger_main\ArduinoCore\Release\libArduinoCore.a(hooks.o)
                                0x143 (size before relaxing)
 .debug_str     0x0000612c      0x147 C:\Users\movil\Documents\Atmel Studio\weightlogger\weightlogger_main\ArduinoCore\Release\libArduinoCore.a(twi.o)
                                0x3ce (size before relaxing)

.debug_loc      0x00000000     0xeecb
 *(.debug_loc)
 .debug_loc     0x00000000      0x580 card_manager.o
 .debug_loc     0x00000580       0x9d converters.o
 .debug_loc     0x0000061d      0x6df elcan_lcd.o
 .debug_loc     0x00000cfc      0x5e3 elcan_wifi.o
 .debug_loc     0x000012df      0x1e4 rfid.o
 .debug_loc     0x000014c3      0x40f rtc.o
 .debug_loc     0x000018d2      0x507 main_sketch.o
 .debug_loc     0x00001dd9       0x7d substring.o
 .debug_loc     0x00001e56      0x4dc C:\Users\movil\Documents\Atmel Studio\weightlogger\weightlogger_main\ArduinoCore\Release\libArduinoCore.a(HardwareSerial.o)
 .debug_loc     0x00002332      0x1b0 C:\Users\movil\Documents\Atmel Studio\weightlogger\weightlogger_main\ArduinoCore\Release\libArduinoCore.a(HardwareSerial0.o)
 .debug_loc     0x000024e2     0x1c87 C:\Users\movil\Documents\Atmel Studio\weightlogger\weightlogger_main\ArduinoCore\Release\libArduinoCore.a(Print.o)
 .debug_loc     0x00004169     0x14ae C:\Users\movil\Documents\Atmel Studio\weightlogger\weightlogger_main\ArduinoCore\Release\libArduinoCore.a(Stream.o)
 .debug_loc     0x00005617      0x9ff C:\Users\movil\Documents\Atmel Studio\weightlogger\weightlogger_main\ArduinoCore\Release\libArduinoCore.a(Tone.o)
 .debug_loc     0x00006016      0x28d C:\Users\movil\Documents\Atmel Studio\weightlogger\weightlogger_main\ArduinoCore\Release\libArduinoCore.a(wiring.o)