Archive member included to satisfy reference by file (symbol)

C:\Users\movil\Documents\Atmel Studio\weightlogger\ArduinoSketch1\ArduinoCore\Debug\libArduinoCore.a(HardwareSerial.o)
                              elcan_wifi.o (_ZN14HardwareSerial9availableEv)
C:\Users\movil\Documents\Atmel Studio\weightlogger\ArduinoSketch1\ArduinoCore\Debug\libArduinoCore.a(HardwareSerial0.o)
                              card_manager.o (Serial)
C:\Users\movil\Documents\Atmel Studio\weightlogger\ArduinoSketch1\ArduinoCore\Debug\libArduinoCore.a(main.o)
                              C:/Program Files (x86)/Atmel/Studio/7.0/Packs/Atmel/ATmega_DFP/1.3.300/gcc/dev/atmega328p/avr5/crtatmega328p.o (main)
C:\Users\movil\Documents\Atmel Studio\weightlogger\ArduinoSketch1\ArduinoCore\Debug\libArduinoCore.a(Print.o)
                              main_sketch.o (_ZN5Print5writeEPKhj)
C:\Users\movil\Documents\Atmel Studio\weightlogger\ArduinoSketch1\ArduinoCore\Debug\libArduinoCore.a(Stream.o)
                              elcan_wifi.o (_ZN6Stream14readBytesUntilEcPcj)
C:\Users\movil\Documents\Atmel Studio\weightlogger\ArduinoSketch1\ArduinoCore\Debug\libArduinoCore.a(Tone.o)
                              elcan_lcd.o (_Z4tonehjm)
C:\Users\movil\Documents\Atmel Studio\weightlogger\ArduinoSketch1\ArduinoCore\Debug\libArduinoCore.a(wiring.o)
                              elcan_lcd.o (millis)
C:\Users\movil\Documents\Atmel Studio\weightlogger\ArduinoSketch1\ArduinoCore\Debug\libArduinoCore.a(wiring_digital.o)
                              main_sketch.o (pinMode)
C:\Users\movil\Documents\Atmel Studio\weightlogger\ArduinoSketch1\ArduinoCore\Debug\libArduinoCore.a(WString.o)
                              C:\Users\movil\Documents\Atmel Studio\weightlogger\ArduinoSketch1\ArduinoCore\Debug\libArduinoCore.a(Stream.o) (_ZN6StringC1EPKc)
C:\Users\movil\Documents\Atmel Studio\weightlogger\ArduinoSketch1\ArduinoCore\Debug\libArduinoCore.a(LiquidCrystal_I2C.o)
                              elcan_lcd.o (_ZN17LiquidCrystal_I2CC1Ev)
C:\Users\movil\Documents\Atmel Studio\weightlogger\ArduinoSketch1\ArduinoCore\Debug\libArduinoCore.a(MFRC522.o)
                              rfid.o (_ZN7MFRC52219PICC_ReadCardSerialEv)
C:\Users\movil\Documents\Atmel Studio\weightlogger\ArduinoSketch1\ArduinoCore\Debug\libArduinoCore.a(RTClib.o)
                              rtc.o (_ZN8DateTimeC1Em)
C:\Users\movil\Documents\Atmel Studio\weightlogger\ArduinoSketch1\ArduinoCore\Debug\libArduinoCore.a(SPI.o)
                              main_sketch.o (_ZN8SPIClass5beginEv)
C:\Users\movil\Documents\Atmel Studio\weightlogger\ArduinoSketch1\ArduinoCore\Debug\libArduinoCore.a(Wire.o)
                              scale_i2c.o (_ZN7TwoWire9availableEv)
C:\Users\movil\Documents\Atmel Studio\weightlogger\ArduinoSketch1\ArduinoCore\Debug\libArduinoCore.a(abi.o)
                              C:\Users\movil\Documents\Atmel Studio\weightlogger\ArduinoSketch1\ArduinoCore\Debug\libArduinoCore.a(Print.o) (__cxa_pure_virtual)
C:\Users\movil\Documents\Atmel Studio\weightlogger\ArduinoSketch1\ArduinoCore\Debug\libArduinoCore.a(hooks.o)
                              C:\Users\movil\Documents\Atmel Studio\weightlogger\ArduinoSketch1\ArduinoCore\Debug\libArduinoCore.a(wiring.o) (yield)
C:\Users\movil\Documents\Atmel Studio\weightlogger\ArduinoSketch1\ArduinoCore\Debug\libArduinoCore.a(twi.o)
                              C:\Users\movil\Documents\Atmel Studio\weightlogger\ArduinoSketch1\ArduinoCore\Debug\libArduinoCore.a(Wire.o) (twi_init)
c:/program files (x86)/atmel/studio/7.0/toolchain/avr8/avr8-gnu-toolchain/bin/../lib/gcc/avr/5.4.0/../../../../avr/lib/avr5\libm.a(addsf3.o)
                              C:\Users\movil\Documents\Atmel Studio\weightlogger\ArduinoSketch1\ArduinoCore\Debug\libArduinoCore.a(Print.o) (__subsf3)
c:/program files (x86)/atmel/studio/7.0/toolchain/avr8/avr8-gnu-toolchain/bin/../lib/gcc/avr/5.4.0/../../../../avr/lib/avr5\libm.a(addsf3x.o)
                              c:/program files (x86)/atmel/studio/7.0/toolchain/avr8/avr8-gnu-toolchain/bin/../lib/gcc/avr/5.4.0/../../../../avr/lib/avr5\libm.a(addsf3.o) (__addsf3x)
c:/program files (x86)/atmel/studio/7.0/toolchain/avr8/avr8-gnu-toolchain/bin/../lib/gcc/avr/5.4.0/../../../../avr/lib/avr5\libm.a(cmpsf2.o)
                              C:\Users\movil\Documents\Atmel Studio\weightlogger\ArduinoSketch1\ArduinoCore\Debug\libArduinoCore.a(Print.o) (__ltsf2)
c:/program files (x86)/atmel/studio/7.0/toolchain/avr8/avr8-gnu-toolchain/bin/../lib/gcc/avr/5.4.0/../../../../avr/lib/avr5\libm.a(divsf3.o)
                              C:\Users\movil\Documents\Atmel Studio\weightlogger\ArduinoSketch1\ArduinoCore\Debug\libArduinoCore.a(Print.o) (__divsf3)
c:/program files (x86)/atmel/studio/7.0/toolchain/avr8/avr8-gnu-toolchain/bin/../lib/gcc/avr/5.4.0/../../../../avr/lib/avr5\libm.a(divsf3x.o)
[...]
Memory Configuration

Name             Origin             Length             Attributes
text             0x00000000         0x00020000         xr
data             0x00800060         0x0000ffa0         rw !x
eeprom           0x00810000         0x00010000         rw !x
fuse             0x00820000         0x00000003         rw !x
lock             0x00830000         0x00000400         rw !x
signature        0x00840000         0x00000400         rw !x
user_signatures  0x00850000         0x00000400         rw !x
*default*        0x00000000         0xffffffff

Linker script and memory map

Address of section .data set to 0x800100
LOAD C:/Program Files (x86)/Atmel/Studio/7.0/Packs/Atmel/ATmega_DFP/1.3.300/gcc/dev/atmega328p/avr5/crtatmega328p.o
LOAD card_manager.o
LOAD converters.o
LOAD elcan_lcd.o
LOAD elcan_wifi.o
LOAD rfid.o
LOAD rtc.o
LOAD scale_i2c.o
LOAD main_sketch.o
LOAD substring.o
START GROUP
LOAD c:/program files (x86)/atmel/studio/7.0/toolchain/avr8/avr8-gnu-toolchain/bin/../lib/gcc/avr/5.4.0/../../../../avr/lib/avr5\libm.a
LOAD C:\Users\movil\Documents\Atmel Studio\weightlogger\ArduinoSketch1\ArduinoCore\Debug\libArduinoCore.a
END GROUP
LOAD c:/program files (x86)/atmel/studio/7.0/toolchain/avr8/avr8-gnu-toolchain/bin/../lib/gcc/avr/5.4.0/avr5\libgcc.a
LOAD c:/program files (x86)/atmel/studio/7.0/toolchain/avr8/avr8-gnu-toolchain/bin/../lib/gcc/avr/5.4.0/../../../../avr/lib/avr5\libm.a
START GROUP
LOAD c:/program files (x86)/atmel/studio/7.0/toolchain/avr8/avr8-gnu-toolchain/bin/../lib/gcc/avr/5.4.0/avr5\libgcc.a
LOAD c:/program files (x86)/atmel/studio/7.0/toolchain/avr8/avr8-gnu-toolchain/bin/../lib/gcc/avr/5.4.0/../../../../avr/lib/avr5\libm.a
LOAD c:/program files (x86)/atmel/studio/7.0/toolchain/avr8/avr8-gnu-toolchain/bin/../lib/gcc/avr/5.4.0/../../../../avr/lib/avr5\libc.a
LOAD C:/Program Files (x86)/Atmel/Studio/7.0/Packs/Atmel/ATmega_DFP/1.3.300/gcc/dev/atmega328p/avr5\libatmega328p.a
END GROUP
                0x00020000                __TEXT_REGION_LENGTH__ = DEFINED (__TEXT_REGION_LENGTH__)?__TEXT_REGION_LENGTH__:0x20000
                0x0000ffa0                __DATA_REGION_LENGTH__ = DEFINED (__DATA_REGION_LENGTH__)?__DATA_REGION_LENGTH__:0xffa0
                0x00010000                __EEPROM_REGION_LENGTH__ = DEFINED (__EEPROM_REGION_LENGTH__)?__EEPROM_REGION_LENGTH__:0x10000
                [0x00000003]                __FUSE_REGION_LENGTH__ = DEFINED (__FUSE_REGION_LENGTH__)?__FUSE_REGION_LENGTH__:0x400
                0x00000400                __LOCK_REGION_LENGTH__ = DEFINED (__LOCK_REGION_LENGTH__)?__LOCK_REGION_LENGTH__:0x400
                0x00000400                __SIGNATURE_REGION_LENGTH__ = DEFINED (__SIGNATURE_REGION_LENGTH__)?__SIGNATURE_REGION_LENGTH__:0x400
                0x00000400                __USER_SIGNATURE_REGION_LENGTH__ = DEFINED (__USER_SIGNATURE_REGION_LENGTH__)?__USER_SIGNATURE_REGION_LENGTH__:0x400

.hash
 *(.hash)

.dynsym
 *(.dynsym)

.dynstr
 *(.dynstr)

.gnu.version
 *(.gnu.version)

.gnu.version_d
 *(.gnu.version_d)

.gnu.version_r
 *(.gnu.version_r)

.rel.init
 *(.rel.init)

.rela.init
 *(.rela.init)

.rel.text
 *(.rel.text)
 *(.rel.text.*)
 *(.rel.gnu.linkonce.t*)

.rela.text
 *(.rela.text)
 *(.rela.text.*)
 *(.rela.gnu.linkonce.t*)

.rel.fini
 *(.rel.fini)

.rela.fini
 *(.rela.fini)

.rel.rodata
 *(.rel.rodata)
 *(.rel.rodata.*)
 *(.rel.gnu.linkonce.r*)

.rela.rodata
 *(.rela.rodata)
 *(.rela.rodata.*)
 *(.rela.gnu.linkonce.r*)

.rel.data
 *(.rel.data)
 *(.rel.data.*)
 *(.rel.gnu.linkonce.d*)

.rela.data
 *(.rela.data)
 *(.rela.data.*)
 *(.rela.gnu.linkonce.d*)

.rel.ctors
 *(.rel.ctors)

.rela.ctors
 *(.rela.ctors)

.rel.dtors
 *(.rel.dtors)

.rela.dtors
 *(.rela.dtors)

.rel.got
 *(.rel.got)

.rela.got
 *(.rela.got)

.rel.bss
 *(.rel.bss)

.rela.bss
 *(.rela.bss)

.rel.plt
 *(.rel.plt)

.rela.plt
 *(.rela.plt)

.text           0x00000000     0x4ac8
 *(.vectors)
 .vectors       0x00000000       0x68 C:/Program Files (x86)/Atmel/Studio/7.0/Packs/Atmel/ATmega_DFP/1.3.300/gcc/dev/atmega328p/avr5/crtatmega328p.o
                0x00000000                __vector_default
                0x00000000                __vectors
 *(.vectors)
 *(.progmem.gcc*)
 .progmem.gcc_sw_table._ZN8DateTimeC2EPK19__FlashStringHelperS2_
                0x00000068       0x26 C:\Users\movil\Documents\Atmel Studio\weightlogger\ArduinoSketch1\ArduinoCore\Debug\libArduinoCore.a(RTClib.o)
                0x0000008e                . = ALIGN (0x2)
                0x0000008e                __trampolines_start = .
 *(.trampolines)
 .trampolines   0x0000008e        0x0 linker stubs
 *(.trampolines*)
                0x0000008e                __trampolines_end = .
 *libprintf_flt.a:*(.progmem.data)
 *libc.a:*(.progmem.data)
 *(.progmem*)
 .progmem.data._ZL21tone_pin_to_timer_PGM
                0x0000008e        0x1 C:\Users\movil\Documents\Atmel Studio\weightlogger\ArduinoSketch1\ArduinoCore\Debug\libArduinoCore.a(Tone.o)
 .progmem.data.digital_pin_to_timer_PGM
                0x0000008f       0x14 C:\Users\movil\Documents\Atmel Studio\weightlogger\ArduinoSketch1\ArduinoCore\Debug\libArduinoCore.a(wiring_digital.o)
                0x0000008f                digital_pin_to_timer_PGM
 .progmem.data.digital_pin_to_bit_mask_PGM
                0x000000a3       0x14 C:\Users\movil\Documents\Atmel Studio\weightlogger\ArduinoSketch1\ArduinoCore\Debug\libArduinoCore.a(wiring_digital.o)
                0x000000a3                digital_pin_to_bit_mask_PGM
 .progmem.data.digital_pin_to_port_PGM
                0x000000b7       0x14 C:\Users\movil\Documents\Atmel Studio\weightlogger\ArduinoSketch1\ArduinoCore\Debug\libArduinoCore.a(wiring_digital.o)
                0x000000b7                digital_pin_to_port_PGM
 .progmem.data.port_to_input_PGM
                0x000000cb        0xa C:\Users\movil\Documents\Atmel Studio\weightlogger\ArduinoSketch1\ArduinoCore\Debug\libArduinoCore.a(wiring_digital.o)
                0x000000cb                port_to_input_PGM
 .progmem.data.port_to_output_PGM
                0x000000d5        0xa C:\Users\movil\Documents\Atmel Studio\weightlogger\ArduinoSketch1\ArduinoCore\Debug\libArduinoCore.a(wiring_digital.o)
                0x000000d5                port_to_output_PGM
 .progmem.data.port_to_mode_PGM
                0x000000df        0xa C:\Users\movil\Documents\Atmel Studio\weightlogger\ArduinoSketch1\ArduinoCore\Debug\libArduinoCore.a(wiring_digital.o)
                0x000000df                port_to_mode_PGM
 .progmem.data._ZL11daysInMonth
                0x000000e9        0xc C:\Users\movil\Documents\Atmel Studio\weightlogger\ArduinoSketch1\ArduinoCore\Debug\libArduinoCore.a(RTClib.o)
                0x000000f6                . = ALIGN (0x2)
 *fill*         0x000000f5        0x1 
 *(.jumptables)
 *(.jumptables*)
 *(.lowtext)
 *(.lowtext*)
                0x000000f6                __ctors_start = .
 *(.ctors)
 .ctors         0x000000f6        0x2 main_sketch.o
 .ctors         0x000000f8        0x2 C:\Users\movil\Documents\Atmel Studio\weightlogger\ArduinoSketch1\ArduinoCore\Debug\libArduinoCore.a(HardwareSerial0.o)
 .ctors         0x000000fa        0x2 C:\Users\movil\Documents\Atmel Studio\weightlogger\ArduinoSketch1\ArduinoCore\Debug\libArduinoCore.a(Wire.o)
                0x000000fc                __ctors_end = .
                0x000000fc                __dtors_start = .
 *(.dtors)
                0x000000fc                __dtors_end = .
 SORT(*)(.ctors)
 SORT(*)(.dtors)
 *(.init0)
 .init0         0x000000fc        0x0 C:/Program Files (x86)/Atmel/Studio/7.0/Packs/Atmel/ATmega_DFP/1.3.300/gcc/dev/atmega328p/avr5/crtatmega328p.o
                0x000000fc                __init
 *(.init0)
 *(.init1)
 *(.init1)
 *(.init2)
 .init2         0x000000fc        0xc C:/Program Files (x86)/Atmel/Studio/7.0/Packs/Atmel/ATmega_DFP/1.3.300/gcc/dev/atmega328p/avr5/crtatmega328p.o
 *(.init2)
 *(.init3)
 *(.init3)
 *(.init4)
 .init4         0x00000108       0x16 c:/program files (x86)/atmel/studio/7.0/toolchain/avr8/avr8-gnu-toolchain/bin/../lib/gcc/avr/5.4.0/avr5\libgcc.a(_copy_data.o)
                0x00000108                __do_copy_data
 .init4         0x0000011e       0x10 c:/program files (x86)/atmel/studio/7.0/toolchain/avr8/avr8-gnu-toolchain/bin/../lib/gcc/avr/5.4.0/avr5\libgcc.a(_clear_bss.o)
                0x0000011e                __do_clear_bss
 *(.init4)
 *(.init5)
 *(.init5)
 *(.init6)
 .init6         0x0000012e       0x16 c:/program files (x86)/atmel/studio/7.0/toolchain/avr8/avr8-gnu-toolchain/bin/../lib/gcc/avr/5.4.0/avr5\libgcc.a(_ctors.o)
                0x0000012e                __do_global_ctors
 *(.init6)
 *(.init7)
 *(.init7)
 *(.init8)
 *(.init8)
 *(.init9)
 .init9         0x00000144        0x8 C:/Program Files (x86)/Atmel/Studio/7.0/Packs/Atmel/ATmega_DFP/1.3.300/gcc/dev/atmega328p/avr5/crtatmega328p.o
 *(.init9)
 *(.text)
 .text          0x0000014c        0x4 C:/Program Files (x86)/Atmel/Studio/7.0/Packs/Atmel/ATmega_DFP/1.3.300/gcc/dev/atmega328p/avr5/crtatmega328p.o
                0x0000014c                __vector_22
                0x0000014c                __vector_1
                0x0000014c                __vector_12
                0x0000014c                __bad_interrupt
                0x0000014c                __vector_6
                0x0000014c                __vector_3
                0x0000014c                __vector_23
                0x0000014c                __vector_25
                0x0000014c                __vector_11
                0x0000014c                __vector_13
                0x0000014c                __vector_17
                0x0000014c                __vector_5
                0x0000014c                __vector_4
                0x0000014c                __vector_9
                0x0000014c                __vector_2
                0x0000014c                __vector_21
                0x0000014c                __vector_15
                0x0000014c                __vector_8
                0x0000014c                __vector_14
                0x0000014c                __vector_10
                0x0000014c                __vector_20
                0x00000150                . = ALIGN (0x2)
 *(.text.*)
 .text._Z12compare_cardPcS_
                0x00000150       0x8e card_manager.o
                0x00000150                _Z12compare_cardPcS_
 .text._Z13is_known_cardPc
                0x000001de       0xb4 card_manager.o
                0x000001de                _Z13is_known_cardPc
 .text._Z10store_card10card_blockc
                0x00000292       0x7a card_manager.o
                0x00000292                _Z10store_card10card_blockc
 .text._Z10erase_cardc
                0x0000030c       0x40 card_manager.o
                0x0000030c                _Z10erase_cardc
 .text._Z24hex_string_to_byte_arrayPcS_cc
                0x0000034c       0x46 converters.o
                0x0000034c                _Z24hex_string_to_byte_arrayPcS_cc
 .text._ZN15ElcanLCDManagerC2Eccc
                0x00000392       0x84 elcan_lcd.o
                0x00000392                _ZN15ElcanLCDManagerC1Eccc
                0x00000392                _ZN15ElcanLCDManagerC2Eccc
 .text._ZN15ElcanLCDManager5beginEcc
                0x00000416        0x6 elcan_lcd.o
                0x00000416                _ZN15ElcanLCDManager5beginEcc
 .text._ZN15ElcanLCDManager10show_errorEc
                0x0000041c       0xa4 elcan_lcd.o
                0x0000041c                _ZN15ElcanLCDManager10show_errorEc
 .text._ZN15ElcanLCDManager10show_readyEPc
                0x000004c0       0x38 elcan_lcd.o
                0x000004c0                _ZN15ElcanLCDManager10show_readyEPc
 .text._ZN15ElcanLCDManager12show_messageEPc
                0x000004f8       0xd0 elcan_lcd.o
                0x000004f8                _ZN15ElcanLCDManager12show_messageEPc
 .text._ZN15ElcanLCDManager7show_ipEPc
                0x000005c8       0x7e elcan_lcd.o
                0x000005c8                _ZN15ElcanLCDManager7show_ipEPc
 .text._ZN15ElcanLCDManager11check_lightEv
                0x00000646       0x58 elcan_lcd.o
                0x00000646                _ZN15ElcanLCDManager11check_lightEv
 .text._ZN15ElcanLCDManager8light_onEv
                0x0000069e       0x1c elcan_lcd.o
                0x0000069e                _ZN15ElcanLCDManager8light_onEv
 .text._ZN5Print5writeEPKc
                0x000006ba       0x2a elcan_wifi.o
                0x000006ba                _ZN5Print5writeEPKc
 .text._ZN9ElcanWifiC2Ev
                0x000006e4        0x6 elcan_wifi.o
                0x000006e4                _ZN9ElcanWifiC2Ev
                0x000006e4                _ZN9ElcanWifiC1Ev
 .text._ZN9ElcanWifi19empty_serial_bufferEv
                0x000006ea       0x18 elcan_wifi.o
                0x000006ea                _ZN9ElcanWifi19empty_serial_bufferEv
 .text._ZN9ElcanWifi5beginEv
                0x00000702       0x96 elcan_wifi.o
                0x00000702                _ZN9ElcanWifi5beginEv
 .text._ZN9ElcanWifi6get_ipEPc
                0x00000798       0x3a elcan_wifi.o
                0x00000798                _ZN9ElcanWifi6get_ipEPc
 .text._ZN9ElcanWifi12readCardDataEPcc
                0x000007d2       0x6a elcan_wifi.o
                0x000007d2                _ZN9ElcanWifi12readCardDataEPcc
 .text._ZN9ElcanWifi4pollEv
                0x0000083c       0x38 elcan_wifi.o
                0x0000083c                _ZN9ElcanWifi4pollEv
 .text._ZN9ElcanWifi20sendIntrussionAttempEPc
                0x00000874       0x98 elcan_wifi.o
                0x00000874                _ZN9ElcanWifi20sendIntrussionAttempEPc
 .text._ZN9ElcanWifi9sendEntryEPc
                0x0000090c       0x66 elcan_wifi.o
                0x0000090c                _ZN9ElcanWifi9sendEntryEPc
 .text._ZN11RfidManagerC2Ev
                0x00000972       0x6a rfid.o
                0x00000972                _ZN11RfidManagerC2Ev
                0x00000972                _ZN11RfidManagerC1Ev
 .text._ZN11RfidManager5beginEv
                0x000009dc       0x16 rfid.o
                0x000009dc                _ZN11RfidManager5beginEv
 .text._ZN11RfidManager5getIDEv
                0x000009f2       0x88 rfid.o
                0x000009f2                _ZN11RfidManager5getIDEv
 .text._ZN8ElcanRtcC2Ev
                0x00000a7a        0x2 rtc.o
                0x00000a7a                _ZN8ElcanRtcC1Ev
                0x00000a7a                _ZN8ElcanRtcC2Ev
 .text._ZN8ElcanRtc10initializeEv
                0x00000a7c       0x60 rtc.o
                0x00000a7c                _ZN8ElcanRtc10initializeEv
 .text._ZN8ElcanRtc3nowEv
                0x00000adc       0x12 rtc.o
                0x00000adc                _ZN8ElcanRtc3nowEv
 .text._ZN8ElcanRtc15split_date_timeEPc
                0x00000aee      0x162 rtc.o
                0x00000aee                _ZN8ElcanRtc15split_date_timeEPc
 .text._ZN8ElcanRtc18adjust_from_serialEv
                0x00000c50      0x104 rtc.o
                0x00000c50                _ZN8ElcanRtc18adjust_from_serialEv
 .text._ZN10ElcanScaleC2Ev
                0x00000d54        0x8 scale_i2c.o
                0x00000d54                _ZN10ElcanScaleC2Ev
                0x00000d54                _ZN10ElcanScaleC1Ev
 .text._ZN10ElcanScale10get_weightEPc
                0x00000d5c       0xb0 scale_i2c.o
                0x00000d5c                _ZN10ElcanScale10get_weightEPc
 .text._ZN10ElcanScale5beginEh
                0x00000e0c       0xca scale_i2c.o
                0x00000e0c                _ZN10ElcanScale5beginEh
 .text.setup    0x00000ed6      0x11c main_sketch.o
                0x00000ed6                setup
 .text._Z18check_card_and_actv
                0x00000ff2       0x66 main_sketch.o
                0x00000ff2                _Z18check_card_and_actv
 .text._Z12open_barrierv
                0x00001058       0x1c main_sketch.o
                0x00001058                _Z12open_barrierv
 .text._Z18check_elapsed_timev
                0x00001074       0x5a main_sketch.o
                0x00001074                _Z18check_elapsed_timev
 .text._Z10check_wifiv
                0x000010ce       0x62 main_sketch.o
                0x000010ce                _Z10check_wifiv
 .text._Z19tag_string_to_bytesPcPhS0_
                0x00001130       0x84 main_sketch.o
                0x00001130                _Z19tag_string_to_bytesPcPhS0_
 .text._Z12get_tag_datav
                0x000011b4       0xd8 main_sketch.o
                0x000011b4                _Z12get_tag_datav
 .text.startup._GLOBAL__sub_I_sys_state
                0x0000128c       0x4a main_sketch.o
 .text._Z32send_intrussion_attemp_to_serverv
                0x000012d6      0x114 main_sketch.o
                0x000012d6                _Z32send_intrussion_attemp_to_serverv
 .text._Z12alertUnknownv
                0x000013ea       0x3a main_sketch.o
                0x000013ea                _Z12alertUnknownv
 .text._Z14send_to_serverv
                0x00001424      0x114 main_sketch.o
                0x00001424                _Z14send_to_serverv
 .text.loop     0x00001538      0x1bc main_sketch.o
                0x00001538                loop
 .text._Z9substringPcS_ii
                0x000016f4       0x30 substring.o
                0x000016f4                _Z9substringPcS_ii
 .text._ZN14HardwareSerial9availableEv
                0x00001724       0x18 C:\Users\movil\Documents\Atmel Studio\weightlogger\ArduinoSketch1\ArduinoCore\Debug\libArduinoCore.a(HardwareSerial.o)
                0x00001724                _ZN14HardwareSerial9availableEv
 .text._ZN14HardwareSerial4peekEv
                0x0000173c       0x1c C:\Users\movil\Documents\Atmel Studio\weightlogger\ArduinoSketch1\ArduinoCore\Debug\libArduinoCore.a(HardwareSerial.o)
                0x0000173c                _ZN14HardwareSerial4peekEv
 .text._ZN14HardwareSerial4readEv
                0x00001758       0x28 C:\Users\movil\Documents\Atmel Studio\weightlogger\ArduinoSketch1\ArduinoCore\Debug\libArduinoCore.a(HardwareSerial.o)
                0x00001758                _ZN14HardwareSerial4readEv
 .text._ZN14HardwareSerial17availableForWriteEv
                0x00001780       0x1e C:\Users\movil\Documents\Atmel Studio\weightlogger\ArduinoSketch1\ArduinoCore\Debug\libArduinoCore.a(HardwareSerial.o)
                0x00001780                _ZN14HardwareSerial17availableForWriteEv
 .text._Z14serialEventRunv
                0x0000179e       0x1c C:\Users\movil\Documents\Atmel Studio\weightlogger\ArduinoSketch1\ArduinoCore\Debug\libArduinoCore.a(HardwareSerial.o)
                0x0000179e                _Z14serialEventRunv
 .text._ZN14HardwareSerial17_tx_udr_empty_irqEv
                0x000017ba       0x44 C:\Users\movil\Documents\Atmel Studio\weightlogger\ArduinoSketch1\ArduinoCore\Debug\libArduinoCore.a(HardwareSerial.o)
                0x000017ba                _ZN14HardwareSerial17_tx_udr_empty_irqEv
 .text._ZN14HardwareSerial5writeEh
                0x000017fe       0x9a C:\Users\movil\Documents\Atmel Studio\weightlogger\ArduinoSketch1\ArduinoCore\Debug\libArduinoCore.a(HardwareSerial.o)
                0x000017fe                _ZN14HardwareSerial5writeEh
 .text._ZN14HardwareSerial5flushEv
                0x00001898       0x44 C:\Users\movil\Documents\Atmel Studio\weightlogger\ArduinoSketch1\ArduinoCore\Debug\libArduinoCore.a(HardwareSerial.o)
                0x00001898                _ZN14HardwareSerial5flushEv
 .text._ZN14HardwareSerial5beginEmh
                0x000018dc       0xca C:\Users\movil\Documents\Atmel Studio\weightlogger\ArduinoSketch1\ArduinoCore\Debug\libArduinoCore.a(HardwareSerial.o)
                0x000018dc                _ZN14HardwareSerial5beginEmh
 .text._ZN5Print17availableForWriteEv
                0x000019a6        0x6 C:\Users\movil\Documents\Atmel Studio\weightlogger\ArduinoSketch1\ArduinoCore\Debug\libArduinoCore.a(HardwareSerial0.o)
                0x000019a6                _ZN5Print17availableForWriteEv
 .text._ZN5Print5flushEv
                0x000019ac        0x2 C:\Users\movil\Documents\Atmel Studio\weightlogger\ArduinoSketch1\ArduinoCore\Debug\libArduinoCore.a(HardwareSerial0.o)
                0x000019ac                _ZN5Print5flushEv
 .text.__vector_18
                0x000019ae       0x64 C:\Users\movil\Documents\Atmel Studio\weightlogger\ArduinoSketch1\ArduinoCore\Debug\libArduinoCore.a(HardwareSerial0.o)
                0x000019ae                __vector_18
 .text.__vector_19
                0x00001a12       0x4c C:\Users\movil\Documents\Atmel Studio\weightlogger\ArduinoSketch1\ArduinoCore\Debug\libArduinoCore.a(HardwareSerial0.o)
                0x00001a12                __vector_19
 .text._Z17Serial0_availablev
                0x00001a5e       0x14 C:\Users\movil\Documents\Atmel Studio\weightlogger\ArduinoSketch1\ArduinoCore\Debug\libArduinoCore.a(HardwareSerial0.o)
                0x00001a5e                _Z17Serial0_availablev
 .text.startup._GLOBAL__sub_I___vector_18
                0x00001a72       0x5a C:\Users\movil\Documents\Atmel Studio\weightlogger\ArduinoSketch1\ArduinoCore\Debug\libArduinoCore.a(HardwareSerial0.o)
 .text.initVariant
                0x00001acc        0x2 C:\Users\movil\Documents\Atmel Studio\weightlogger\ArduinoSketch1\ArduinoCore\Debug\libArduinoCore.a(main.o)
                0x00001acc                initVariant
 .text.startup.main
                0x00001ace       0x1e C:\Users\movil\Documents\Atmel Studio\weightlogger\ArduinoSketch1\ArduinoCore\Debug\libArduinoCore.a(main.o)
                0x00001ace                main
 .text._ZN5Print5writeEPKhj
                0x00001aec       0x54 C:\Users\movil\Documents\Atmel Studio\weightlogger\ArduinoSketch1\ArduinoCore\Debug\libArduinoCore.a(Print.o)
                0x00001aec                _ZN5Print5writeEPKhj
 .text._ZN5Print5printEPK19__FlashStringHelper
                0x00001b40       0x48 C:\Users\movil\Documents\Atmel Studio\weightlogger\ArduinoSketch1\ArduinoCore\Debug\libArduinoCore.a(Print.o)
                0x00001b40                _ZN5Print5printEPK19__FlashStringHelper
 .text._ZN5Print5printEPKc
                0x00001b88        0x4 C:\Users\movil\Documents\Atmel Studio\weightlogger\ArduinoSketch1\ArduinoCore\Debug\libArduinoCore.a(Print.o)
                0x00001b88                _ZN5Print5printEPKc
 .text._ZN5Print5printEc
                0x00001b8c        0xe C:\Users\movil\Documents\Atmel Studio\weightlogger\ArduinoSketch1\ArduinoCore\Debug\libArduinoCore.a(Print.o)
                0x00001b8c                _ZN5Print5printEc
 .text._ZN5Print7printlnEv
                0x00001b9a        0x8 C:\Users\movil\Documents\Atmel Studio\weightlogger\ArduinoSketch1\ArduinoCore\Debug\libArduinoCore.a(Print.o)
                0x00001b9a                _ZN5Print7printlnEv
 .text._ZN5Print7printlnEPKc
                0x00001ba2       0x24 C:\Users\movil\Documents\Atmel Studio\weightlogger\ArduinoSketch1\ArduinoCore\Debug\libArduinoCore.a(Print.o)
                0x00001ba2                _ZN5Print7printlnEPKc
 .text._ZN5Print11printNumberEmh
                0x00001bc6       0x92 C:\Users\movil\Documents\Atmel Studio\weightlogger\ArduinoSketch1\ArduinoCore\Debug\libArduinoCore.a(Print.o)
                0x00001bc6                _ZN5Print11printNumberEmh
 .text._ZN5Print5printEmi
                0x00001c58       0x1a C:\Users\movil\Documents\Atmel Studio\weightlogger\ArduinoSketch1\ArduinoCore\Debug\libArduinoCore.a(Print.o)
                0x00001c58                _ZN5Print5printEmi
 .text._ZN5Print5printEhi
                0x00001c72        0xe C:\Users\movil\Documents\Atmel Studio\weightlogger\ArduinoSketch1\ArduinoCore\Debug\libArduinoCore.a(Print.o)
                0x00001c72                _ZN5Print5printEhi
 .text._ZN5Print7printlnEhi
                0x00001c80       0x24 C:\Users\movil\Documents\Atmel Studio\weightlogger\ArduinoSketch1\ArduinoCore\Debug\libArduinoCore.a(Print.o)
                0x00001c80                _ZN5Print7printlnEhi
 .text._ZN5Print5printEji
                0x00001ca4        0xc C:\Users\movil\Documents\Atmel Studio\weightlogger\ArduinoSketch1\ArduinoCore\Debug\libArduinoCore.a(Print.o)
                0x00001ca4                _ZN5Print5printEji
 .text._ZN5Print7printlnEmi
                0x00001cb0       0x24 C:\Users\movil\Documents\Atmel Studio\weightlogger\ArduinoSketch1\ArduinoCore\Debug\libArduinoCore.a(Print.o)
                0x00001cb0                _ZN5Print7printlnEmi
 .text._ZN5Print5printEli
                0x00001cd4       0x90 C:\Users\movil\Documents\Atmel Studio\weightlogger\ArduinoSketch1\ArduinoCore\Debug\libArduinoCore.a(Print.o)
                0x00001cd4                _ZN5Print5printEli
 .text._ZN5Print5printEii
                0x00001d64        0xe C:\Users\movil\Documents\Atmel Studio\weightlogger\ArduinoSketch1\ArduinoCore\Debug\libArduinoCore.a(Print.o)
                0x00001d64                _ZN5Print5printEii
 .text._ZN5Print7printlnEii
                0x00001d72       0x24 C:\Users\movil\Documents\Atmel Studio\weightlogger\ArduinoSketch1\ArduinoCore\Debug\libArduinoCore.a(Print.o)
                0x00001d72                _ZN5Print7printlnEii
 .text._ZN6Stream9timedReadEv
                0x00001d96       0x60 C:\Users\movil\Documents\Atmel Studio\weightlogger\ArduinoSketch1\ArduinoCore\Debug\libArduinoCore.a(Stream.o)
                0x00001d96                _ZN6Stream9timedReadEv
 .text._ZN6Stream14readBytesUntilEcPcj
                0x00001df6       0x68 C:\Users\movil\Documents\Atmel Studio\weightlogger\ArduinoSketch1\ArduinoCore\Debug\libArduinoCore.a(Stream.o)
                0x00001df6                _ZN6Stream14readBytesUntilEcPcj
 .text._Z4tonehjm
                0x00001e5e      0x504 C:\Users\movil\Documents\Atmel Studio\weightlogger\ArduinoSketch1\ArduinoCore\Debug\libArduinoCore.a(Tone.o)
                0x00001e5e                _Z4tonehjm
 .text._Z12disableTimerh
                0x00002362       0x40 C:\Users\movil\Documents\Atmel Studio\weightlogger\ArduinoSketch1\ArduinoCore\Debug\libArduinoCore.a(Tone.o)
                0x00002362                _Z12disableTimerh
 .text._Z6noToneh
                0x000023a2       0x2a C:\Users\movil\Documents\Atmel Studio\weightlogger\ArduinoSketch1\ArduinoCore\Debug\libArduinoCore.a(Tone.o)
                0x000023a2                _Z6noToneh
 .text.__vector_7
                0x000023cc       0xb8 C:\Users\movil\Documents\Atmel Studio\weightlogger\ArduinoSketch1\ArduinoCore\Debug\libArduinoCore.a(Tone.o)
                0x000023cc                __vector_7
 .text.__vector_16
                0x00002484       0x94 C:\Users\movil\Documents\Atmel Studio\weightlogger\ArduinoSketch1\ArduinoCore\Debug\libArduinoCore.a(wiring.o)
                0x00002484                __vector_16
 .text.millis   0x00002518       0x18 C:\Users\movil\Documents\Atmel Studio\weightlogger\ArduinoSketch1\ArduinoCore\Debug\libArduinoCore.a(wiring.o)
                0x00002518                millis
 .text.micros   0x00002530       0x4a C:\Users\movil\Documents\Atmel Studio\weightlogger\ArduinoSketch1\ArduinoCore\Debug\libArduinoCore.a(wiring.o)
                0x00002530                micros
 .text.delay    0x0000257a       0x78 C:\Users\movil\Documents\Atmel Studio\weightlogger\ArduinoSketch1\ArduinoCore\Debug\libArduinoCore.a(wiring.o)
                0x0000257a                delay
 .text.delayMicroseconds
                0x000025f2       0x16 C:\Users\movil\Documents\Atmel Studio\weightlogger\ArduinoSketch1\ArduinoCore\Debug\libArduinoCore.a(wiring.o)
                0x000025f2                delayMicroseconds
 .text.init     0x00002608       0x76 C:\Users\movil\Documents\Atmel Studio\weightlogger\ArduinoSketch1\ArduinoCore\Debug\libArduinoCore.a(wiring.o)
                0x00002608                init
 .text.turnOffPWM
                0x0000267e       0x52 C:\Users\movil\Documents\Atmel Studio\weightlogger\ArduinoSketch1\ArduinoCore\Debug\libArduinoCore.a(wiring_digital.o)
 .text.pinMode  0x000026d0       0x78 C:\Users\movil\Documents\Atmel Studio\weightlogger\ArduinoSketch1\ArduinoCore\Debug\libArduinoCore.a(wiring_digital.o)
                0x000026d0                pinMode
 .text.digitalWrite
                0x00002748       0x5e C:\Users\movil\Documents\Atmel Studio\weightlogger\ArduinoSketch1\ArduinoCore\Debug\libArduinoCore.a(wiring_digital.o)
                0x00002748                digitalWrite
 .text.digitalRead
                0x000027a6       0x52 C:\Users\movil\Documents\Atmel Studio\weightlogger\ArduinoSketch1\ArduinoCore\Debug\libArduinoCore.a(wiring_digital.o)
                0x000027a6                digitalRead
 .text._ZN17LiquidCrystal_I2CC2Ev
                0x000027f8       0x12 C:\Users\movil\Documents\Atmel Studio\weightlogger\ArduinoSketch1\ArduinoCore\Debug\libArduinoCore.a(LiquidCrystal_I2C.o)
                0x000027f8                _ZN17LiquidCrystal_I2CC2Ev
                0x000027f8                _ZN17LiquidCrystal_I2CC1Ev
 .text._ZN17LiquidCrystal_I2C13expanderWriteEh
                0x0000280a       0x2e C:\Users\movil\Documents\Atmel Studio\weightlogger\ArduinoSketch1\ArduinoCore\Debug\libArduinoCore.a(LiquidCrystal_I2C.o)
                0x0000280a                _ZN17LiquidCrystal_I2C13expanderWriteEh
 .text._ZN17LiquidCrystal_I2C11noBacklightEv
                0x00002838        0xa C:\Users\movil\Documents\Atmel Studio\weightlogger\ArduinoSketch1\ArduinoCore\Debug\libArduinoCore.a(LiquidCrystal_I2C.o)
                0x00002838                _ZN17LiquidCrystal_I2C11noBacklightEv
 .text._ZN17LiquidCrystal_I2C9backlightEv
                0x00002842        0xc C:\Users\movil\Documents\Atmel Studio\weightlogger\ArduinoSketch1\ArduinoCore\Debug\libArduinoCore.a(LiquidCrystal_I2C.o)
                0x00002842                _ZN17LiquidCrystal_I2C9backlightEv
 .text._ZN17LiquidCrystal_I2C11pulseEnableEh
                0x0000284e       0x30 C:\Users\movil\Documents\Atmel Studio\weightlogger\ArduinoSketch1\ArduinoCore\Debug\libArduinoCore.a(LiquidCrystal_I2C.o)
                0x0000284e                _ZN17LiquidCrystal_I2C11pulseEnableEh
 .text._ZN17LiquidCrystal_I2C10write4bitsEh
                0x0000287e       0x1c C:\Users\movil\Documents\Atmel Studio\weightlogger\ArduinoSketch1\ArduinoCore\Debug\libArduinoCore.a(LiquidCrystal_I2C.o)
                0x0000287e                _ZN17LiquidCrystal_I2C10write4bitsEh
 .text._ZN17LiquidCrystal_I2C4sendEhh
                0x0000289a       0x2e C:\Users\movil\Documents\Atmel Studio\weightlogger\ArduinoSketch1\ArduinoCore\Debug\libArduinoCore.a(LiquidCrystal_I2C.o)
                0x0000289a                _ZN17LiquidCrystal_I2C4sendEhh
 .text._ZN17LiquidCrystal_I2C7commandEh
                0x000028c8        0x6 C:\Users\movil\Documents\Atmel Studio\weightlogger\ArduinoSketch1\ArduinoCore\Debug\libArduinoCore.a(LiquidCrystal_I2C.o)
                0x000028c8                _ZN17LiquidCrystal_I2C7commandEh
 .text._ZN17LiquidCrystal_I2C5clearEv
                0x000028ce        0xe C:\Users\movil\Documents\Atmel Studio\weightlogger\ArduinoSketch1\ArduinoCore\Debug\libArduinoCore.a(LiquidCrystal_I2C.o)
                0x000028ce                _ZN17LiquidCrystal_I2C5clearEv
 .text._ZN17LiquidCrystal_I2C4homeEv
                0x000028dc        0xe C:\Users\movil\Documents\Atmel Studio\weightlogger\ArduinoSketch1\ArduinoCore\Debug\libArduinoCore.a(LiquidCrystal_I2C.o)
                0x000028dc                _ZN17LiquidCrystal_I2C4homeEv
 .text._ZN17LiquidCrystal_I2C9setCursorEhh
                0x000028ea       0x5c C:\Users\movil\Documents\Atmel Studio\weightlogger\ArduinoSketch1\ArduinoCore\Debug\libArduinoCore.a(LiquidCrystal_I2C.o)
                0x000028ea                _ZN17LiquidCrystal_I2C9setCursorEhh
 .text._ZN17LiquidCrystal_I2C7displayEv
                0x00002946       0x10 C:\Users\movil\Documents\Atmel Studio\weightlogger\ArduinoSketch1\ArduinoCore\Debug\libArduinoCore.a(LiquidCrystal_I2C.o)
                0x00002946                _ZN17LiquidCrystal_I2C7displayEv
 .text._ZN17LiquidCrystal_I2C5writeEh
                0x00002956        0xc C:\Users\movil\Documents\Atmel Studio\weightlogger\ArduinoSketch1\ArduinoCore\Debug\libArduinoCore.a(LiquidCrystal_I2C.o)
                0x00002956                _ZN17LiquidCrystal_I2C5writeEh
 .text._ZN17LiquidCrystal_I2C5beginEhhh
                0x00002962       0xa8 C:\Users\movil\Documents\Atmel Studio\weightlogger\ArduinoSketch1\ArduinoCore\Debug\libArduinoCore.a(LiquidCrystal_I2C.o)
                0x00002962                _ZN17LiquidCrystal_I2C5beginEhhh
 .text._ZN17LiquidCrystal_I2C9init_privEv
                0x00002a0a       0x20 C:\Users\movil\Documents\Atmel Studio\weightlogger\ArduinoSketch1\ArduinoCore\Debug\libArduinoCore.a(LiquidCrystal_I2C.o)
                0x00002a0a                _ZN17LiquidCrystal_I2C9init_privEv
 .text._ZN17LiquidCrystal_I2C4initEhhh
                0x00002a2a        0xc C:\Users\movil\Documents\Atmel Studio\weightlogger\ArduinoSketch1\ArduinoCore\Debug\libArduinoCore.a(LiquidCrystal_I2C.o)
                0x00002a2a                _ZN17LiquidCrystal_I2C4initEhhh
 .text._ZN7MFRC52219PICC_ReadCardSerialEv
                0x00002a36       0x20 C:\Users\movil\Documents\Atmel Studio\weightlogger\ArduinoSketch1\ArduinoCore\Debug\libArduinoCore.a(MFRC522.o)
                0x00002a36                _ZN7MFRC52219PICC_ReadCardSerialEv
 .text._ZN8SPIClass16beginTransactionE11SPISettings
                0x00002a56       0x34 C:\Users\movil\Documents\Atmel Studio\weightlogger\ArduinoSketch1\ArduinoCore\Debug\libArduinoCore.a(MFRC522.o)
                0x00002a56                _ZN8SPIClass16beginTransactionE11SPISettings
 .text._ZN8SPIClass8transferEh
                0x00002a8a        0xe C:\Users\movil\Documents\Atmel Studio\weightlogger\ArduinoSketch1\ArduinoCore\Debug\libArduinoCore.a(MFRC522.o)
                0x00002a8a                _ZN8SPIClass8transferEh
 .text._ZN8SPIClass14endTransactionEv
                0x00002a98       0x22 C:\Users\movil\Documents\Atmel Studio\weightlogger\ArduinoSketch1\ArduinoCore\Debug\libArduinoCore.a(MFRC522.o)
                0x00002a98                _ZN8SPIClass14endTransactionEv
 .text._ZN7MFRC52216PCD_ReadRegisterENS_12PCD_RegisterEhPhh.part.1.constprop.8
                0x00002aba       0xaa C:\Users\movil\Documents\Atmel Studio\weightlogger\ArduinoSketch1\ArduinoCore\Debug\libArduinoCore.a(MFRC522.o)
 .text._ZN7MFRC522C2Ev
                0x00002b64       0x14 C:\Users\movil\Documents\Atmel Studio\weightlogger\ArduinoSketch1\ArduinoCore\Debug\libArduinoCore.a(MFRC522.o)
                0x00002b64                _ZN7MFRC522C1Ev
                0x00002b64                _ZN7MFRC522C2Ev
 .text._ZN7MFRC522C2Ehh
                0x00002b78       0x10 C:\Users\movil\Documents\Atmel Studio\weightlogger\ArduinoSketch1\ArduinoCore\Debug\libArduinoCore.a(MFRC522.o)
                0x00002b78                _ZN7MFRC522C2Ehh
                0x00002b78                _ZN7MFRC522C1Ehh
 .text._ZN7MFRC52217PCD_WriteRegisterENS_12PCD_RegisterEh
                0x00002b88       0x3e C:\Users\movil\Documents\Atmel Studio\weightlogger\ArduinoSketch1\ArduinoCore\Debug\libArduinoCore.a(MFRC522.o)
                0x00002b88                _ZN7MFRC52217PCD_WriteRegisterENS_12PCD_RegisterEh
 .text._ZN7MFRC52217PCD_WriteRegisterENS_12PCD_RegisterEhPh
                0x00002bc6       0x66 C:\Users\movil\Documents\Atmel Studio\weightlogger\ArduinoSketch1\ArduinoCore\Debug\libArduinoCore.a(MFRC522.o)
                0x00002bc6                _ZN7MFRC52217PCD_WriteRegisterENS_12PCD_RegisterEhPh
 .text._ZN7MFRC52216PCD_ReadRegisterENS_12PCD_RegisterE
                0x00002c2c       0x40 C:\Users\movil\Documents\Atmel Studio\weightlogger\ArduinoSketch1\ArduinoCore\Debug\libArduinoCore.a(MFRC522.o)
                0x00002c2c                _ZN7MFRC52216PCD_ReadRegisterENS_12PCD_RegisterE
 .text._ZN7MFRC52216PCD_ReadRegisterENS_12PCD_RegisterEhPhh
                0x00002c6c        0xc C:\Users\movil\Documents\Atmel Studio\weightlogger\ArduinoSketch1\ArduinoCore\Debug\libArduinoCore.a(MFRC522.o)
                0x00002c6c                _ZN7MFRC52216PCD_ReadRegisterENS_12PCD_RegisterEhPhh
 .text._ZN7MFRC52222PCD_SetRegisterBitMaskENS_12PCD_RegisterEh
                0x00002c78       0x26 C:\Users\movil\Documents\Atmel Studio\weightlogger\ArduinoSketch1\ArduinoCore\Debug\libArduinoCore.a(MFRC522.o)
                0x00002c78                _ZN7MFRC52222PCD_SetRegisterBitMaskENS_12PCD_RegisterEh
 .text._ZN7MFRC52224PCD_ClearRegisterBitMaskENS_12PCD_RegisterEh
                0x00002c9e       0x28 C:\Users\movil\Documents\Atmel Studio\weightlogger\ArduinoSketch1\ArduinoCore\Debug\libArduinoCore.a(MFRC522.o)
                0x00002c9e                _ZN7MFRC52224PCD_ClearRegisterBitMaskENS_12PCD_RegisterEh
 .text._ZN7MFRC52216PCD_CalculateCRCEPhhS0_
                0x00002cc6       0x9a C:\Users\movil\Documents\Atmel Studio\weightlogger\ArduinoSketch1\ArduinoCore\Debug\libArduinoCore.a(MFRC522.o)
                0x00002cc6                _ZN7MFRC52216PCD_CalculateCRCEPhhS0_
 .text._ZN7MFRC5229PCD_ResetEv
                0x00002d60       0x36 C:\Users\movil\Documents\Atmel Studio\weightlogger\ArduinoSketch1\ArduinoCore\Debug\libArduinoCore.a(MFRC522.o)
                0x00002d60                _ZN7MFRC5229PCD_ResetEv
 .text._ZN7MFRC52213PCD_AntennaOnEv
                0x00002d96       0x2a C:\Users\movil\Documents\Atmel Studio\weightlogger\ArduinoSketch1\ArduinoCore\Debug\libArduinoCore.a(MFRC522.o)
                0x00002d96                _ZN7MFRC52213PCD_AntennaOnEv
 .text._ZN7MFRC5228PCD_InitEv
                0x00002dc0       0xc8 C:\Users\movil\Documents\Atmel Studio\weightlogger\ArduinoSketch1\ArduinoCore\Debug\libArduinoCore.a(MFRC522.o)
                0x00002dc0                _ZN7MFRC5228PCD_InitEv
 .text._ZN7MFRC52218PCD_GetAntennaGainEv
                0x00002e88        0xa C:\Users\movil\Documents\Atmel Studio\weightlogger\ArduinoSketch1\ArduinoCore\Debug\libArduinoCore.a(MFRC522.o)
                0x00002e88                _ZN7MFRC52218PCD_GetAntennaGainEv
 .text._ZN7MFRC52218PCD_SetAntennaGainEh
                0x00002e92       0x36 C:\Users\movil\Documents\Atmel Studio\weightlogger\ArduinoSketch1\ArduinoCore\Debug\libArduinoCore.a(MFRC522.o)
                0x00002e92                _ZN7MFRC52218PCD_SetAntennaGainEh
 .text._ZN7MFRC52223PCD_CommunicateWithPICCEhhPhhS0_S0_S0_hb
                0x00002ec8      0x1a6 C:\Users\movil\Documents\Atmel Studio\weightlogger\ArduinoSketch1\ArduinoCore\Debug\libArduinoCore.a(MFRC522.o)
                0x00002ec8                _ZN7MFRC52223PCD_CommunicateWithPICCEhhPhhS0_S0_S0_hb
 .text._ZN7MFRC52218PCD_TransceiveDataEPhhS0_S0_S0_hb
                0x0000306e       0x3e C:\Users\movil\Documents\Atmel Studio\weightlogger\ArduinoSketch1\ArduinoCore\Debug\libArduinoCore.a(MFRC522.o)
                0x0000306e                _ZN7MFRC52218PCD_TransceiveDataEPhhS0_S0_S0_hb
 .text._ZN7MFRC52211PICC_SelectEPNS_3UidEh
                0x000030ac      0x30a C:\Users\movil\Documents\Atmel Studio\weightlogger\ArduinoSketch1\ArduinoCore\Debug\libArduinoCore.a(MFRC522.o)
                0x000030ac                _ZN7MFRC52211PICC_SelectEPNS_3UidEh
 .text._ZN7MFRC52217PICC_REQA_or_WUPAEhPhS0_
                0x000033b6       0xa0 C:\Users\movil\Documents\Atmel Studio\weightlogger\ArduinoSketch1\ArduinoCore\Debug\libArduinoCore.a(MFRC522.o)
                0x000033b6                _ZN7MFRC52217PICC_REQA_or_WUPAEhPhS0_
 .text._ZN7MFRC52213PICC_RequestAEPhS0_
                0x00003456        0xa C:\Users\movil\Documents\Atmel Studio\weightlogger\ArduinoSketch1\ArduinoCore\Debug\libArduinoCore.a(MFRC522.o)
                0x00003456                _ZN7MFRC52213PICC_RequestAEPhS0_
 .text._ZN7MFRC52221PICC_IsNewCardPresentEv
                0x00003460       0x64 C:\Users\movil\Documents\Atmel Studio\weightlogger\ArduinoSketch1\ArduinoCore\Debug\libArduinoCore.a(MFRC522.o)
                0x00003460                _ZN7MFRC52221PICC_IsNewCardPresentEv
 .text._ZN7MFRC52210PICC_HaltAEv
                0x000034c4       0x86 C:\Users\movil\Documents\Atmel Studio\weightlogger\ArduinoSketch1\ArduinoCore\Debug\libArduinoCore.a(MFRC522.o)
                0x000034c4                _ZN7MFRC52210PICC_HaltAEv
 .text._ZL9date2daysjhh
                0x0000354a       0x64 C:\Users\movil\Documents\Atmel Studio\weightlogger\ArduinoSketch1\ArduinoCore\Debug\libArduinoCore.a(RTClib.o)
 .text._ZL6conv2dPKc
                0x000035ae       0x1a C:\Users\movil\Documents\Atmel Studio\weightlogger\ArduinoSketch1\ArduinoCore\Debug\libArduinoCore.a(RTClib.o)
 .text._ZN8DateTimeC2Em
                0x000035c8       0xf0 C:\Users\movil\Documents\Atmel Studio\weightlogger\ArduinoSketch1\ArduinoCore\Debug\libArduinoCore.a(RTClib.o)
                0x000035c8                _ZN8DateTimeC2Em
                0x000035c8                _ZN8DateTimeC1Em
 .text._ZN8DateTimeC2Ejhhhhh
                0x000036b8       0x28 C:\Users\movil\Documents\Atmel Studio\weightlogger\ArduinoSketch1\ArduinoCore\Debug\libArduinoCore.a(RTClib.o)
                0x000036b8                _ZN8DateTimeC2Ejhhhhh
                0x000036b8                _ZN8DateTimeC1Ejhhhhh
 .text._ZN8DateTimeC2EPK19__FlashStringHelperS2_
                0x000036e0       0xf4 C:\Users\movil\Documents\Atmel Studio\weightlogger\ArduinoSketch1\ArduinoCore\Debug\libArduinoCore.a(RTClib.o)
                0x000036e0                _ZN8DateTimeC2EPK19__FlashStringHelperS2_
                0x000036e0                _ZN8DateTimeC1EPK19__FlashStringHelperS2_
 .text._ZNK8DateTime8unixtimeEv
                0x000037d4       0x7c C:\Users\movil\Documents\Atmel Studio\weightlogger\ArduinoSketch1\ArduinoCore\Debug\libArduinoCore.a(RTClib.o)
                0x000037d4                _ZNK8DateTime8unixtimeEv
 .text._ZN8DateTimemiERKS_
                0x00003850       0x48 C:\Users\movil\Documents\Atmel Studio\weightlogger\ArduinoSketch1\ArduinoCore\Debug\libArduinoCore.a(RTClib.o)
                0x00003850                _ZN8DateTimemiERKS_
 .text._ZN10RTC_DS32315beginEv
                0x00003898        0xc C:\Users\movil\Documents\Atmel Studio\weightlogger\ArduinoSketch1\ArduinoCore\Debug\libArduinoCore.a(RTClib.o)
                0x00003898                _ZN10RTC_DS32315beginEv
 .text._ZN10RTC_DS32313nowEv
                0x000038a4      0x116 C:\Users\movil\Documents\Atmel Studio\weightlogger\ArduinoSketch1\ArduinoCore\Debug\libArduinoCore.a(RTClib.o)
                0x000038a4                _ZN10RTC_DS32313nowEv
 .text._ZL17read_i2c_registerhh.constprop.7
                0x000039ba       0x38 C:\Users\movil\Documents\Atmel Studio\weightlogger\ArduinoSketch1\ArduinoCore\Debug\libArduinoCore.a(RTClib.o)
 .text._ZN10RTC_DS32316adjustERK8DateTime
                0x000039f2      0x128 C:\Users\movil\Documents\Atmel Studio\weightlogger\ArduinoSketch1\ArduinoCore\Debug\libArduinoCore.a(RTClib.o)
                0x000039f2                _ZN10RTC_DS32316adjustERK8DateTime
 .text._ZN10RTC_DS32319lostPowerEv
                0x00003b1a        0xe C:\Users\movil\Documents\Atmel Studio\weightlogger\ArduinoSketch1\ArduinoCore\Debug\libArduinoCore.a(RTClib.o)
                0x00003b1a                _ZN10RTC_DS32319lostPowerEv
 .text._ZN8SPIClass5beginEv
                0x00003b28       0x6c C:\Users\movil\Documents\Atmel Studio\weightlogger\ArduinoSketch1\ArduinoCore\Debug\libArduinoCore.a(SPI.o)
                0x00003b28                _ZN8SPIClass5beginEv
 .text._ZN7TwoWire9availableEv
                0x00003b94       0x10 C:\Users\movil\Documents\Atmel Studio\weightlogger\ArduinoSketch1\ArduinoCore\Debug\libArduinoCore.a(Wire.o)
                0x00003b94                _ZN7TwoWire9availableEv
 .text._ZN7TwoWire4readEv
                0x00003ba4       0x28 C:\Users\movil\Documents\Atmel Studio\weightlogger\ArduinoSketch1\ArduinoCore\Debug\libArduinoCore.a(Wire.o)
                0x00003ba4                _ZN7TwoWire4readEv
 .text._ZN7TwoWire4peekEv
                0x00003bcc       0x1e C:\Users\movil\Documents\Atmel Studio\weightlogger\ArduinoSketch1\ArduinoCore\Debug\libArduinoCore.a(Wire.o)
                0x00003bcc                _ZN7TwoWire4peekEv
 .text._ZN7TwoWire5flushEv
                0x00003bea        0x2 C:\Users\movil\Documents\Atmel Studio\weightlogger\ArduinoSketch1\ArduinoCore\Debug\libArduinoCore.a(Wire.o)
                0x00003bea                _ZN7TwoWire5flushEv
 .text._ZN7TwoWire16onReceiveServiceEPhi
                0x00003bec       0x54 C:\Users\movil\Documents\Atmel Studio\weightlogger\ArduinoSketch1\ArduinoCore\Debug\libArduinoCore.a(Wire.o)
                0x00003bec                _ZN7TwoWire16onReceiveServiceEPhi
 .text._ZN7TwoWire16onRequestServiceEv
                0x00003c40       0x18 C:\Users\movil\Documents\Atmel Studio\weightlogger\ArduinoSketch1\ArduinoCore\Debug\libArduinoCore.a(Wire.o)
                0x00003c40                _ZN7TwoWire16onRequestServiceEv
 .text._ZN7TwoWire5writeEPKhj
                0x00003c58       0x5a C:\Users\movil\Documents\Atmel Studio\weightlogger\ArduinoSketch1\ArduinoCore\Debug\libArduinoCore.a(Wire.o)
                0x00003c58                _ZN7TwoWire5writeEPKhj
 .text._ZN7TwoWire5writeEh
                0x00003cb2       0x5e C:\Users\movil\Documents\Atmel Studio\weightlogger\ArduinoSketch1\ArduinoCore\Debug\libArduinoCore.a(Wire.o)
                0x00003cb2                _ZN7TwoWire5writeEh
 .text._ZN7TwoWireC2Ev
                0x00003d10       0x20 C:\Users\movil\Documents\Atmel Studio\weightlogger\ArduinoSketch1\ArduinoCore\Debug\libArduinoCore.a(Wire.o)
                0x00003d10                _ZN7TwoWireC1Ev
                0x00003d10                _ZN7TwoWireC2Ev
 .text._ZN7TwoWire5beginEv
                0x00003d30       0x24 C:\Users\movil\Documents\Atmel Studio\weightlogger\ArduinoSketch1\ArduinoCore\Debug\libArduinoCore.a(Wire.o)
                0x00003d30                _ZN7TwoWire5beginEv
 .text._ZN7TwoWire17beginTransmissionEh
                0x00003d54       0x14 C:\Users\movil\Documents\Atmel Studio\weightlogger\ArduinoSketch1\ArduinoCore\Debug\libArduinoCore.a(Wire.o)
                0x00003d54                _ZN7TwoWire17beginTransmissionEh
 .text._ZN7TwoWire17beginTransmissionEi
                0x00003d68        0x4 C:\Users\movil\Documents\Atmel Studio\weightlogger\ArduinoSketch1\ArduinoCore\Debug\libArduinoCore.a(Wire.o)
                0x00003d68                _ZN7TwoWire17beginTransmissionEi
 .text._ZN7TwoWire15endTransmissionEh
                0x00003d6c       0x26 C:\Users\movil\Documents\Atmel Studio\weightlogger\ArduinoSketch1\ArduinoCore\Debug\libArduinoCore.a(Wire.o)
                0x00003d6c                _ZN7TwoWire15endTransmissionEh
 .text._ZN7TwoWire11requestFromEhhmhh
                0x00003d92       0xa8 C:\Users\movil\Documents\Atmel Studio\weightlogger\ArduinoSketch1\ArduinoCore\Debug\libArduinoCore.a(Wire.o)
                0x00003d92                _ZN7TwoWire11requestFromEhhmhh
 .text._ZN7TwoWire11requestFromEhhh
                0x00003e3a       0x20 C:\Users\movil\Documents\Atmel Studio\weightlogger\ArduinoSketch1\ArduinoCore\Debug\libArduinoCore.a(Wire.o)
                0x00003e3a                _ZN7TwoWire11requestFromEhhh
 .text._ZN7TwoWire11requestFromEhh
                0x00003e5a        0x6 C:\Users\movil\Documents\Atmel Studio\weightlogger\ArduinoSketch1\ArduinoCore\Debug\libArduinoCore.a(Wire.o)
                0x00003e5a                _ZN7TwoWire11requestFromEhh
 .text._ZN7TwoWire11requestFromEii
                0x00003e60        0x6 C:\Users\movil\Documents\Atmel Studio\weightlogger\ArduinoSketch1\ArduinoCore\Debug\libArduinoCore.a(Wire.o)
                0x00003e60                _ZN7TwoWire11requestFromEii
 .text._ZN7TwoWire15endTransmissionEv
                0x00003e66        0x6 C:\Users\movil\Documents\Atmel Studio\weightlogger\ArduinoSketch1\ArduinoCore\Debug\libArduinoCore.a(Wire.o)
                0x00003e66                _ZN7TwoWire15endTransmissionEv
 .text.startup._GLOBAL__sub_I__ZN7TwoWire8rxBufferE
                0x00003e6c        0x8 C:\Users\movil\Documents\Atmel Studio\weightlogger\ArduinoSketch1\ArduinoCore\Debug\libArduinoCore.a(Wire.o)
 .text.__empty  0x00003e74        0x2 C:\Users\movil\Documents\Atmel Studio\weightlogger\ArduinoSketch1\ArduinoCore\Debug\libArduinoCore.a(hooks.o)
                0x00003e74                yield
 .text.twi_init
                0x00003e76       0x3c C:\Users\movil\Documents\Atmel Studio\weightlogger\ArduinoSketch1\ArduinoCore\Debug\libArduinoCore.a(twi.o)
                0x00003e76                twi_init
 .text.twi_readFrom
                0x00003eb2       0x90 C:\Users\movil\Documents\Atmel Studio\weightlogger\ArduinoSketch1\ArduinoCore\Debug\libArduinoCore.a(twi.o)
                0x00003eb2                twi_readFrom
 .text.twi_writeTo
                0x00003f42       0xac C:\Users\movil\Documents\Atmel Studio\weightlogger\ArduinoSketch1\ArduinoCore\Debug\libArduinoCore.a(twi.o)
                0x00003f42                twi_writeTo
 .text.twi_transmit
                0x00003fee       0x50 C:\Users\movil\Documents\Atmel Studio\weightlogger\ArduinoSketch1\ArduinoCore\Debug\libArduinoCore.a(twi.o)
                0x00003fee                twi_transmit
 .text.twi_attachSlaveRxEvent
                0x0000403e        0xa C:\Users\movil\Documents\Atmel Studio\weightlogger\ArduinoSketch1\ArduinoCore\Debug\libArduinoCore.a(twi.o)
                0x0000403e                twi_attachSlaveRxEvent
 .text.twi_attachSlaveTxEvent
                0x00004048        0xa C:\Users\movil\Documents\Atmel Studio\weightlogger\ArduinoSketch1\ArduinoCore\Debug\libArduinoCore.a(twi.o)
                0x00004048                twi_attachSlaveTxEvent
 .text.twi_stop
                0x00004052       0x14 C:\Users\movil\Documents\Atmel Studio\weightlogger\ArduinoSketch1\ArduinoCore\Debug\libArduinoCore.a(twi.o)
                0x00004052                twi_stop
 .text.twi_releaseBus
                0x00004066        0xc C:\Users\movil\Documents\Atmel Studio\weightlogger\ArduinoSketch1\ArduinoCore\Debug\libArduinoCore.a(twi.o)
                0x00004066                twi_releaseBus
 .text.__vector_24
                0x00004072      0x25a C:\Users\movil\Documents\Atmel Studio\weightlogger\ArduinoSketch1\ArduinoCore\Debug\libArduinoCore.a(twi.o)
                0x00004072                __vector_24
 .text.libgcc.div
                0x000042cc       0x18 c:/program files (x86)/atmel/studio/7.0/toolchain/avr8/avr8-gnu-toolchain/bin/../lib/gcc/avr/5.4.0/avr5\libgcc.a(_udivmodqi4.o)
                0x000042cc                __udivmodqi4
 .text.libgcc.div
                0x000042e4       0x44 c:/program files (x86)/atmel/studio/7.0/toolchain/avr8/avr8-gnu-toolchain/bin/../lib/gcc/avr/5.4.0/avr5\libgcc.a(_udivmodsi4.o)
                0x000042e4                __udivmodsi4
 .text.libgcc.div
                0x00004328       0x2e c:/program files (x86)/atmel/studio/7.0/toolchain/avr8/avr8-gnu-toolchain/bin/../lib/gcc/avr/5.4.0/avr5\libgcc.a(_divmodsi4.o)
                0x00004328                __divmodsi4
 .text.libgcc.div
                0x00004356       0x10 c:/program files (x86)/atmel/studio/7.0/toolchain/avr8/avr8-gnu-toolchain/bin/../lib/gcc/avr/5.4.0/avr5\libgcc.a(_negsi2.o)
                0x00004356                __negsi2
 .text.libgcc   0x00004366        0xc c:/program files (x86)/atmel/studio/7.0/toolchain/avr8/avr8-gnu-toolchain/bin/../lib/gcc/avr/5.4.0/avr5\libgcc.a(_tablejump2.o)
                0x00004366                __tablejump2__
 .text.libgcc.mul
                0x00004372       0x1e c:/program files (x86)/atmel/studio/7.0/toolchain/avr8/avr8-gnu-toolchain/bin/../lib/gcc/avr/5.4.0/avr5\libgcc.a(_umulhisi3.o)
                0x00004372                __umulhisi3
 .text.libgcc.mul
                0x00004390       0x16 c:/program files (x86)/atmel/studio/7.0/toolchain/avr8/avr8-gnu-toolchain/bin/../lib/gcc/avr/5.4.0/avr5\libgcc.a(_muluhisi3.o)
                0x00004390                __muluhisi3
 .text.avr-libc
                0x000043a6       0x3c c:/program files (x86)/atmel/studio/7.0/toolchain/avr8/avr8-gnu-toolchain/bin/../lib/gcc/avr/5.4.0/../../../../avr/lib/avr5\libc.a(atoi.o)
                0x000043a6                atoi
 .text.avr-libc
                0x000043e2       0x12 c:/program files (x86)/atmel/studio/7.0/toolchain/avr8/avr8-gnu-toolchain/bin/../lib/gcc/avr/5.4.0/../../../../avr/lib/avr5\libc.a(memcpy_P.o)
                0x000043e2                memcpy_P
 .text.avr-libc
                0x000043f4        0xa c:/program files (x86)/atmel/studio/7.0/toolchain/avr8/avr8-gnu-toolchain/bin/../lib/gcc/avr/5.4.0/../../../../avr/lib/avr5\libc.a(strtok.o)
                0x000043f4                strtok
 .text.avr-libc
                0x000043fe       0x12 c:/program files (x86)/atmel/studio/7.0/toolchain/avr8/avr8-gnu-toolchain/bin/../lib/gcc/avr/5.4.0/../../../../avr/lib/avr5\libc.a(memcpy.o)
                0x000043fe                memcpy
 .text.avr-libc
                0x00004410        0xe c:/program files (x86)/atmel/studio/7.0/toolchain/avr8/avr8-gnu-toolchain/bin/../lib/gcc/avr/5.4.0/../../../../avr/lib/avr5\libc.a(memset.o)
                0x00004410                memset
 .text.avr-libc
                0x0000441e       0x16 c:/program files (x86)/atmel/studio/7.0/toolchain/avr8/avr8-gnu-toolchain/bin/../lib/gcc/avr/5.4.0/../../../../avr/lib/avr5\libc.a(strcat.o)
                0x0000441e                strcat
 .text.avr-libc
                0x00004434       0x12 c:/program files (x86)/atmel/studio/7.0/toolchain/avr8/avr8-gnu-toolchain/bin/../lib/gcc/avr/5.4.0/../../../../avr/lib/avr5\libc.a(strcmp.o)
                0x00004434                strcmp
 .text.avr-libc
                0x00004446       0x20 c:/program files (x86)/atmel/studio/7.0/toolchain/avr8/avr8-gnu-toolchain/bin/../lib/gcc/avr/5.4.0/../../../../avr/lib/avr5\libc.a(strncat.o)
                0x00004446                strncat
 .text.avr-libc
                0x00004466       0x4e c:/program files (x86)/atmel/studio/7.0/toolchain/avr8/avr8-gnu-toolchain/bin/../lib/gcc/avr/5.4.0/../../../../avr/lib/avr5\libc.a(strtok_r.o)
                0x00004466                strtok_r
 .text.avr-libc
                0x000044b4       0x10 c:/program files (x86)/atmel/studio/7.0/toolchain/avr8/avr8-gnu-toolchain/bin/../lib/gcc/avr/5.4.0/../../../../avr/lib/avr5\libc.a(mul10.o)
                0x000044b4                __mulhi_const_10
 .text.avr-libc
                0x000044c4       0x44 c:/program files (x86)/atmel/studio/7.0/toolchain/avr8/avr8-gnu-toolchain/bin/../lib/gcc/avr/5.4.0/../../../../avr/lib/avr5\libc.a(sprintf.o)
                0x000044c4                sprintf
 .text.avr-libc
                0x00004508      0x3c2 c:/program files (x86)/atmel/studio/7.0/toolchain/avr8/avr8-gnu-toolchain/bin/../lib/gcc/avr/5.4.0/../../../../avr/lib/avr5\libc.a(vfprintf_std.o)
                0x00004508                vfprintf
 .text.avr-libc
                0x000048ca       0x16 c:/program files (x86)/atmel/studio/7.0/toolchain/avr8/avr8-gnu-toolchain/bin/../lib/gcc/avr/5.4.0/../../../../avr/lib/avr5\libc.a(strnlen_P.o)
                0x000048ca                strnlen_P
 .text.avr-libc
                0x000048e0       0x16 c:/program files (x86)/atmel/studio/7.0/toolchain/avr8/avr8-gnu-toolchain/bin/../lib/gcc/avr/5.4.0/../../../../avr/lib/avr5\libc.a(strnlen.o)
                0x000048e0                strnlen
 .text.avr-libc
                0x000048f6       0x78 c:/program files (x86)/atmel/studio/7.0/toolchain/avr8/avr8-gnu-toolchain/bin/../lib/gcc/avr/5.4.0/../../../../avr/lib/avr5\libc.a(fputc.o)
                0x000048f6                fputc
 .text.avr-libc
                0x0000496e       0xbc c:/program files (x86)/atmel/studio/7.0/toolchain/avr8/avr8-gnu-toolchain/bin/../lib/gcc/avr/5.4.0/../../../../avr/lib/avr5\libc.a(ultoa_invert.o)
                0x0000496e                __ultoa_invert
 .text.avr-libc
                0x00004a2a       0x10 C:/Program Files (x86)/Atmel/Studio/7.0/Packs/Atmel/ATmega_DFP/1.3.300/gcc/dev/atmega328p/avr5\libatmega328p.a(eerd_byte.o)
                0x00004a2a                eeprom_read_byte
 .text.avr-libc
                0x00004a3a       0x1c C:/Program Files (x86)/Atmel/Studio/7.0/Packs/Atmel/ATmega_DFP/1.3.300/gcc/dev/atmega328p/avr5\libatmega328p.a(eewr_byte.o)
                0x00004a3a                eeprom_write_byte
                0x00004a3c                eeprom_write_r18
 .text.libgcc.prologue
                0x00004a56       0x38 c:/program files (x86)/atmel/studio/7.0/toolchain/avr8/avr8-gnu-toolchain/bin/../lib/gcc/avr/5.4.0/avr5\libgcc.a(_prologue.o)
                0x00004a56                __prologue_saves__
 .text.libgcc.prologue
                0x00004a8e       0x36 c:/program files (x86)/atmel/studio/7.0/toolchain/avr8/avr8-gnu-toolchain/bin/../lib/gcc/avr/5.4.0/avr5\libgcc.a(_epilogue.o)
                0x00004a8e                __epilogue_restores__
                0x00004ac4                . = ALIGN (0x2)
 *(.fini9)
 .fini9         0x00004ac4        0x0 c:/program files (x86)/atmel/studio/7.0/toolchain/avr8/avr8-gnu-toolchain/bin/../lib/gcc/avr/5.4.0/avr5\libgcc.a(_exit.o)
                0x00004ac4                _exit
                0x00004ac4                exit
 *(.fini9)
 *(.fini8)
 *(.fini8)
 *(.fini7)
 *(.fini7)
 *(.fini6)
 *(.fini6)
 *(.fini5)
 *(.fini5)
 *(.fini4)
 *(.fini4)
 *(.fini3)
 *(.fini3)
 *(.fini2)
 *(.fini2)
 *(.fini1)
 *(.fini1)
 *(.fini0)
 .fini0         0x00004ac4        0x4 c:/program files (x86)/atmel/studio/7.0/toolchain/avr8/avr8-gnu-toolchain/bin/../lib/gcc/avr/5.4.0/avr5\libgcc.a(_exit.o)
 *(.fini0)
                0x00004ac8                _etext = .

.data           0x00800100      0x18c load address 0x00004ac8
                0x00800100                PROVIDE (__data_start, .)
 *(.data)
 *(.data*)
 .data._ZL9tone_pins
                0x00800100        0x1 C:\Users\movil\Documents\Atmel Studio\weightlogger\ArduinoSketch1\ArduinoCore\Debug\libArduinoCore.a(Tone.o)
 *(.gnu.linkonce.d*)
 *(.rodata)
 .rodata        0x00800101        0x8 C:\Users\movil\Documents\Atmel Studio\weightlogger\ArduinoSketch1\ArduinoCore\Debug\libArduinoCore.a(LiquidCrystal_I2C.o)
 *(.rodata*)
 .rodata.str1.1
                0x00800109        0x4 card_manager.o
 .rodata.str1.1
                0x0080010d       0x46 elcan_lcd.o
 .rodata.str1.1
                0x00800153       0x13 elcan_wifi.o
 .rodata.str1.1
                0x00800166       0x13 rfid.o
                                  0x6 (size before relaxing)
 .rodata.str1.1
                0x00800166       0x17 rtc.o
                                 0x1b (size before relaxing)
 .rodata.str1.1
                0x0080017d        0x9 scale_i2c.o
                                  0xb (size before relaxing)
 .rodata.str1.1
                0x00800186       0xbf main_sketch.o
                                 0xc3 (size before relaxing)
 .rodata._ZTV14HardwareSerial
                0x00800245       0x12 C:\Users\movil\Documents\Atmel Studio\weightlogger\ArduinoSketch1\ArduinoCore\Debug\libArduinoCore.a(HardwareSerial.o)
                0x00800245                _ZTV14HardwareSerial
 .rodata.str1.1
                0x00800257        0xc C:\Users\movil\Documents\Atmel Studio\weightlogger\ArduinoSketch1\ArduinoCore\Debug\libArduinoCore.a(Print.o)
                                  0xf (size before relaxing)
 .rodata._ZTV17LiquidCrystal_I2C
                0x00800263        0xc C:\Users\movil\Documents\Atmel Studio\weightlogger\ArduinoSketch1\ArduinoCore\Debug\libArduinoCore.a(LiquidCrystal_I2C.o)
                0x00800263                _ZTV17LiquidCrystal_I2C
 .rodata._ZTV7MFRC522
                0x0080026f        0xa C:\Users\movil\Documents\Atmel Studio\weightlogger\ArduinoSketch1\ArduinoCore\Debug\libArduinoCore.a(MFRC522.o)
                0x0080026f                _ZTV7MFRC522
 .rodata._ZTV7TwoWire
                0x00800279       0x12 C:\Users\movil\Documents\Atmel Studio\weightlogger\ArduinoSketch1\ArduinoCore\Debug\libArduinoCore.a(Wire.o)
                0x00800279                _ZTV7TwoWire
 *(.gnu.linkonce.r*)
                0x0080028c                . = ALIGN (0x2)
 *fill*         0x0080028b        0x1 
                0x0080028c                _edata = .
                0x0080028c                PROVIDE (__data_end, .)

.bss            0x0080028c      0x1cb
                0x0080028c                PROVIDE (__bss_start, .)
 *(.bss)
 .bss           0x0080028c        0x2 c:/program files (x86)/atmel/studio/7.0/toolchain/avr8/avr8-gnu-toolchain/bin/../lib/gcc/avr/5.4.0/../../../../avr/lib/avr5\libc.a(strtok.o)
 *(.bss*)
 .bss.scale     0x0080028e        0x3 main_sketch.o
                0x0080028e                scale
 .bss.rfid      0x00800291       0x14 main_sketch.o
                0x00800291                rfid
 .bss.rtc       0x008002a5        0x1 main_sketch.o
                0x008002a5                rtc
 .bss.wifi      0x008002a6        0x2 main_sketch.o
                0x008002a6                wifi
 .bss.ElcanLcd  0x008002a8       0x10 main_sketch.o
                0x008002a8                ElcanLcd
 .bss.lastPoll  0x008002b8        0x4 main_sketch.o
                0x008002b8                lastPoll
 .bss.backlightStart
                0x008002bc        0x4 main_sketch.o
                0x008002bc                backlightStart
 .bss.timerStarted
                0x008002c0        0x6 main_sketch.o
                0x008002c0                timerStarted
 .bss.enteringTime
                0x008002c6        0x6 main_sketch.o
                0x008002c6                enteringTime
 .bss.measuredWeight
                0x008002cc        0x7 main_sketch.o
                0x008002cc                measuredWeight
 .bss.sys_state
                0x008002d3        0x1 main_sketch.o
                0x008002d3                sys_state
 .bss.Serial    0x008002d4       0x9d C:\Users\movil\Documents\Atmel Studio\weightlogger\ArduinoSketch1\ArduinoCore\Debug\libArduinoCore.a(HardwareSerial0.o)
                0x008002d4                Serial
 .bss.timer2_pin_mask
                0x00800371        0x1 C:\Users\movil\Documents\Atmel Studio\weightlogger\ArduinoSketch1\ArduinoCore\Debug\libArduinoCore.a(Tone.o)
                0x00800371                timer2_pin_mask
 .bss.timer2_pin_port
                0x00800372        0x2 C:\Users\movil\Documents\Atmel Studio\weightlogger\ArduinoSketch1\ArduinoCore\Debug\libArduinoCore.a(Tone.o)
                0x00800372                timer2_pin_port
 .bss.timer2_toggle_count
                0x00800374        0x4 C:\Users\movil\Documents\Atmel Studio\weightlogger\ArduinoSketch1\ArduinoCore\Debug\libArduinoCore.a(Tone.o)
                0x00800374                timer2_toggle_count
 .bss.timer1_pin_mask
                0x00800378        0x1 C:\Users\movil\Documents\Atmel Studio\weightlogger\ArduinoSketch1\ArduinoCore\Debug\libArduinoCore.a(Tone.o)
                0x00800378                timer1_pin_mask
 .bss.timer1_pin_port
                0x00800379        0x2 C:\Users\movil\Documents\Atmel Studio\weightlogger\ArduinoSketch1\ArduinoCore\Debug\libArduinoCore.a(Tone.o)
                0x00800379                timer1_pin_port
 .bss.timer1_toggle_count
                0x0080037b        0x4 C:\Users\movil\Documents\Atmel Studio\weightlogger\ArduinoSketch1\ArduinoCore\Debug\libArduinoCore.a(Tone.o)
                0x0080037b                timer1_toggle_count
 .bss.timer0_pin_mask
                0x0080037f        0x1 C:\Users\movil\Documents\Atmel Studio\weightlogger\ArduinoSketch1\ArduinoCore\Debug\libArduinoCore.a(Tone.o)
                0x0080037f                timer0_pin_mask
 .bss.timer0_pin_port
                0x00800380        0x2 C:\Users\movil\Documents\Atmel Studio\weightlogger\ArduinoSketch1\ArduinoCore\Debug\libArduinoCore.a(Tone.o)
                0x00800380                timer0_pin_port
 .bss.timer0_toggle_count
                0x00800382        0x4 C:\Users\movil\Documents\Atmel Studio\weightlogger\ArduinoSketch1\ArduinoCore\Debug\libArduinoCore.a(Tone.o)
                0x00800382                timer0_toggle_count
 .bss.timer0_fract
                0x00800386        0x1 C:\Users\movil\Documents\Atmel Studio\weightlogger\ArduinoSketch1\ArduinoCore\Debug\libArduinoCore.a(wiring.o)
 .bss.timer0_millis
                0x00800387        0x4 C:\Users\movil\Documents\Atmel Studio\weightlogger\ArduinoSketch1\ArduinoCore\Debug\libArduinoCore.a(wiring.o)
                0x00800387                timer0_millis
 .bss.timer0_overflow_count
                0x0080038b        0x4 C:\Users\movil\Documents\Atmel Studio\weightlogger\ArduinoSketch1\ArduinoCore\Debug\libArduinoCore.a(wiring.o)
                0x0080038b                timer0_overflow_count
 .bss._ZN8SPIClass13interruptSaveE
                0x0080038f        0x1 C:\Users\movil\Documents\Atmel Studio\weightlogger\ArduinoSketch1\ArduinoCore\Debug\libArduinoCore.a(SPI.o)
                0x0080038f                _ZN8SPIClass13interruptSaveE
 .bss._ZN8SPIClass13interruptMaskE
                0x00800390        0x1 C:\Users\movil\Documents\Atmel Studio\weightlogger\ArduinoSketch1\ArduinoCore\Debug\libArduinoCore.a(SPI.o)
                0x00800390                _ZN8SPIClass13interruptMaskE
 .bss._ZN8SPIClass13interruptModeE
                0x00800391        0x1 C:\Users\movil\Documents\Atmel Studio\weightlogger\ArduinoSketch1\ArduinoCore\Debug\libArduinoCore.a(SPI.o)
                0x00800391                _ZN8SPIClass13interruptModeE
 .bss._ZN8SPIClass11initializedE
                0x00800392        0x1 C:\Users\movil\Documents\Atmel Studio\weightlogger\ArduinoSketch1\ArduinoCore\Debug\libArduinoCore.a(SPI.o)
                0x00800392                _ZN8SPIClass11initializedE
 .bss.Wire      0x00800393        0xc C:\Users\movil\Documents\Atmel Studio\weightlogger\ArduinoSketch1\ArduinoCore\Debug\libArduinoCore.a(Wire.o)
                0x00800393                Wire
 .bss._ZN7TwoWire14user_onReceiveE
                0x0080039f        0x2 C:\Users\movil\Documents\Atmel Studio\weightlogger\ArduinoSketch1\ArduinoCore\Debug\libArduinoCore.a(Wire.o)
                0x0080039f                _ZN7TwoWire14user_onReceiveE
 .bss._ZN7TwoWire14user_onRequestE
                0x008003a1        0x2 C:\Users\movil\Documents\Atmel Studio\weightlogger\ArduinoSketch1\ArduinoCore\Debug\libArduinoCore.a(Wire.o)
                0x008003a1                _ZN7TwoWire14user_onRequestE
 .bss._ZN7TwoWire12transmittingE
                0x008003a3        0x1 C:\Users\movil\Documents\Atmel Studio\weightlogger\ArduinoSketch1\ArduinoCore\Debug\libArduinoCore.a(Wire.o)
                0x008003a3                _ZN7TwoWire12transmittingE
 .bss._ZN7TwoWire14txBufferLengthE
                0x008003a4        0x1 C:\Users\movil\Documents\Atmel Studio\weightlogger\ArduinoSketch1\ArduinoCore\Debug\libArduinoCore.a(Wire.o)
                0x008003a4                _ZN7TwoWire14txBufferLengthE
 .bss._ZN7TwoWire13txBufferIndexE
                0x008003a5        0x1 C:\Users\movil\Documents\Atmel Studio\weightlogger\ArduinoSketch1\ArduinoCore\Debug\libArduinoCore.a(Wire.o)
                0x008003a5                _ZN7TwoWire13txBufferIndexE
 .bss._ZN7TwoWire8txBufferE
                0x008003a6       0x20 C:\Users\movil\Documents\Atmel Studio\weightlogger\ArduinoSketch1\ArduinoCore\Debug\libArduinoCore.a(Wire.o)
                0x008003a6                _ZN7TwoWire8txBufferE
 .bss._ZN7TwoWire9txAddressE
                0x008003c6        0x1 C:\Users\movil\Documents\Atmel Studio\weightlogger\ArduinoSketch1\ArduinoCore\Debug\libArduinoCore.a(Wire.o)
                0x008003c6                _ZN7TwoWire9txAddressE
 .bss._ZN7TwoWire14rxBufferLengthE
                0x008003c7        0x1 C:\Users\movil\Documents\Atmel Studio\weightlogger\ArduinoSketch1\ArduinoCore\Debug\libArduinoCore.a(Wire.o)
                0x008003c7                _ZN7TwoWire14rxBufferLengthE
 .bss._ZN7TwoWire13rxBufferIndexE
                0x008003c8        0x1 C:\Users\movil\Documents\Atmel Studio\weightlogger\ArduinoSketch1\ArduinoCore\Debug\libArduinoCore.a(Wire.o)
                0x008003c8                _ZN7TwoWire13rxBufferIndexE
 .bss._ZN7TwoWire8rxBufferE
                0x008003c9       0x20 C:\Users\movil\Documents\Atmel Studio\weightlogger\ArduinoSketch1\ArduinoCore\Debug\libArduinoCore.a(Wire.o)
                0x008003c9                _ZN7TwoWire8rxBufferE
 .bss.twi_error
                0x008003e9        0x1 C:\Users\movil\Documents\Atmel Studio\weightlogger\ArduinoSketch1\ArduinoCore\Debug\libArduinoCore.a(twi.o)
 .bss.twi_rxBufferIndex
                0x008003ea        0x1 C:\Users\movil\Documents\Atmel Studio\weightlogger\ArduinoSketch1\ArduinoCore\Debug\libArduinoCore.a(twi.o)
 .bss.twi_rxBuffer
                0x008003eb       0x20 C:\Users\movil\Documents\Atmel Studio\weightlogger\ArduinoSketch1\ArduinoCore\Debug\libArduinoCore.a(twi.o)
 .bss.twi_txBufferLength
                0x0080040b        0x1 C:\Users\movil\Documents\Atmel Studio\weightlogger\ArduinoSketch1\ArduinoCore\Debug\libArduinoCore.a(twi.o)
 .bss.twi_txBufferIndex
                0x0080040c        0x1 C:\Users\movil\Documents\Atmel Studio\weightlogger\ArduinoSketch1\ArduinoCore\Debug\libArduinoCore.a(twi.o)
 .bss.twi_txBuffer
                0x0080040d       0x20 C:\Users\movil\Documents\Atmel Studio\weightlogger\ArduinoSketch1\ArduinoCore\Debug\libArduinoCore.a(twi.o)
 .bss.twi_masterBufferLength
                0x0080042d        0x1 C:\Users\movil\Documents\Atmel Studio\weightlogger\ArduinoSketch1\ArduinoCore\Debug\libArduinoCore.a(twi.o)
 .bss.twi_masterBufferIndex
                0x0080042e        0x1 C:\Users\movil\Documents\Atmel Studio\weightlogger\ArduinoSketch1\ArduinoCore\Debug\libArduinoCore.a(twi.o)
 .bss.twi_masterBuffer
                0x0080042f       0x20 C:\Users\movil\Documents\Atmel Studio\weightlogger\ArduinoSketch1\ArduinoCore\Debug\libArduinoCore.a(twi.o)
 .bss.twi_onSlaveReceive
                0x0080044f        0x2 C:\Users\movil\Documents\Atmel Studio\weightlogger\ArduinoSketch1\ArduinoCore\Debug\libArduinoCore.a(twi.o)
 .bss.twi_onSlaveTransmit
                0x00800451        0x2 C:\Users\movil\Documents\Atmel Studio\weightlogger\ArduinoSketch1\ArduinoCore\Debug\libArduinoCore.a(twi.o)
 .bss.twi_inRepStart
                0x00800453        0x1 C:\Users\movil\Documents\Atmel Studio\weightlogger\ArduinoSketch1\ArduinoCore\Debug\libArduinoCore.a(twi.o)
 .bss.twi_sendStop
                0x00800454        0x1 C:\Users\movil\Documents\Atmel Studio\weightlogger\ArduinoSketch1\ArduinoCore\Debug\libArduinoCore.a(twi.o)
 .bss.twi_slarw
                0x00800455        0x1 C:\Users\movil\Documents\Atmel Studio\weightlogger\ArduinoSketch1\ArduinoCore\Debug\libArduinoCore.a(twi.o)
 .bss.twi_state
                0x00800456        0x1 C:\Users\movil\Documents\Atmel Studio\weightlogger\ArduinoSketch1\ArduinoCore\Debug\libArduinoCore.a(twi.o)
 *(COMMON)
                0x00800457                PROVIDE (__bss_end, .)
                0x00004ac8                __data_load_start = LOADADDR (.data)
                0x00004c54                __data_load_end = (__data_load_start + SIZEOF (.data))

.noinit         0x00800457        0x0
                [!provide]                PROVIDE (__noinit_start, .)
 *(.noinit*)
                [!provide]                PROVIDE (__noinit_end, .)
                0x00800457                _end = .
                0x00800457                PROVIDE (__heap_start, .)

.eeprom         0x00810000        0x0
 *(.eeprom*)
                0x00810000                __eeprom_end = .

.fuse
 *(.fuse)
 *(.lfuse)
 *(.hfuse)
 *(.efuse)

.lock
 *(.lock*)

.signature
 *(.signature*)

.user_signatures
 *(.user_signatures*)

.stab
 *(.stab)

.stabstr
 *(.stabstr)

.stab.excl
 *(.stab.excl)

.stab.exclstr
 *(.stab.exclstr)

.stab.index
 *(.stab.index)

.stab.indexstr
 *(.stab.indexstr)

.comment        0x00000000       0x5c
 *(.comment)
 .comment       0x00000000       0x30 card_manager.o
                                 0x31 (size before relaxing)
 .comment       0x00000030       0x31 converters.o
 .comment       0x00000030       0x31 elcan_lcd.o
 .comment       0x00000030       0x31 elcan_wifi.o
 .comment       0x00000030       0x31 rfid.o
 .comment       0x00000030       0x31 rtc.o
 .comment       0x00000030       0x31 scale_i2c.o
 .comment       0x00000030       0x31 main_sketch.o
 .comment       0x00000030       0x31 substring.o
 .comment       0x00000030       0x31 C:\Users\movil\Documents\Atmel Studio\weightlogger\ArduinoSketch1\ArduinoCore\Debug\libArduinoCore.a(HardwareSerial.o)
 .comment       0x00000030       0x31 C:\Users\movil\Documents\Atmel Studio\weightlogger\ArduinoSketch1\ArduinoCore\Debug\libArduinoCore.a(HardwareSerial0.o)
 .comment       0x00000030       0x31 C:\Users\movil\Documents\Atmel Studio\weightlogger\ArduinoSketch1\ArduinoCore\Debug\libArduinoCore.a(main.o)
 .comment       0x00000030       0x31 C:\Users\movil\Documents\Atmel Studio\weightlogger\ArduinoSketch1\ArduinoCore\Debug\libArduinoCore.a(Print.o)
 .comment       0x00000030       0x31 C:\Users\movil\Documents\Atmel Studio\weightlogger\ArduinoSketch1\ArduinoCore\Debug\libArduinoCore.a(Stream.o)
 .comment       0x00000030       0x31 C:\Users\movil\Documents\Atmel Studio\weightlogger\ArduinoSketch1\ArduinoCore\Debug\libArduinoCore.a(Tone.o)
 .comment       0x00000030       0x31 C:\Users\movil\Documents\Atmel Studio\weightlogger\ArduinoSketch1\ArduinoCore\Debug\libArduinoCore.a(wiring.o)
 .comment       0x00000030       0x31 C:\Users\movil\Documents\Atmel Studio\weightlogger\ArduinoSketch1\ArduinoCore\Debug\libArduinoCore.a(wiring_digital.o)
 .comment       0x00000030       0x31 C:\Users\movil\Documents\Atmel Studio\weightlogger\ArduinoSketch1\ArduinoCore\Debug\libArduinoCore.a(LiquidCrystal_I2C.o)
 .comment       0x00000030       0x31 C:\Users\movil\Documents\Atmel Studio\weightlogger\ArduinoSketch1\ArduinoCore\Debug\libArduinoCore.a(MFRC522.o)
 .comment       0x00000030       0x31 C:\Users\movil\Documents\Atmel Studio\weightlogger\ArduinoSketch1\ArduinoCore\Debug\libArduinoCore.a(RTClib.o)
 .comment       0x00000030       0x31 C:\Users\movil\Documents\Atmel Studio\weightlogger\ArduinoSketch1\ArduinoCore\Debug\libArduinoCore.a(SPI.o)
 .comment       0x00000030       0x31 C:\Users\movil\Documents\Atmel Studio\weightlogger\ArduinoSketch1\ArduinoCore\Debug\libArduinoCore.a(Wire.o)
 .comment       0x00000030       0x31 C:\Users\movil\Documents\Atmel Studio\weightlogger\ArduinoSketch1\ArduinoCore\Debug\libArduinoCore.a(hooks.o)
 .comment       0x00000030       0x31 C:\Users\movil\Documents\Atmel Studio\weightlogger\ArduinoSketch1\ArduinoCore\Debug\libArduinoCore.a(twi.o)
 .comment       0x00000030       0x31 c:/program files (x86)/atmel/studio/7.0/toolchain/avr8/avr8-gnu-toolchain/bin/../lib/gcc/avr/5.4.0/../../../../avr/lib/avr5\libc.a(strtok.o)
 .comment       0x00000030       0x31 c:/program files (x86)/atmel/studio/7.0/toolchain/avr8/avr8-gnu-toolchain/bin/../lib/gcc/avr/5.4.0/../../../../avr/lib/avr5\libc.a(sprintf.o)
 .comment       0x00000030       0x2c c:/program files (x86)/atmel/studio/7.0/toolchain/avr8/avr8-gnu-toolchain/bin/../lib/gcc/avr/5.4.0/../../../../avr/lib/avr5\libc.a(vfprintf_std.o)
                                 0x2d (size before relaxing)
 .comment       0x0000005c       0x31 c:/program files (x86)/atmel/studio/7.0/toolchain/avr8/avr8-gnu-toolchain/bin/../lib/gcc/avr/5.4.0/../../../../avr/lib/avr5\libc.a(fputc.o)

.note.gnu.avr.deviceinfo
                0x00000000       0x40
 .note.gnu.avr.deviceinfo
                0x00000000       0x40 C:/Program Files (x86)/Atmel/Studio/7.0/Packs/Atmel/ATmega_DFP/1.3.300/gcc/dev/atmega328p/avr5/crtatmega328p.o

.note.gnu.build-id
 *(.note.gnu.build-id)

.debug
 *(.debug)

.line
 *(.line)

.debug_srcinfo
 *(.debug_srcinfo)

.debug_sfnames
 *(.debug_sfnames)

.debug_aranges  0x00000000      0xc78
 *(.debug_aranges)
 .debug_aranges
                0x00000000       0x38 card_manager.o
 .debug_aranges
                0x00000038       0x20 converters.o
 .debug_aranges
                0x00000058       0x58 elcan_lcd.o
 .debug_aranges
                0x000000b0       0x70 elcan_wifi.o
 .debug_aranges
                0x00000120       0x30 rfid.o
 .debug_aranges
                0x00000150       0x40 rtc.o
 .debug_aranges
                0x00000190       0x38 scale_i2c.o
 .debug_aranges
                0x000001c8       0x78 main_sketch.o
 .debug_aranges
                0x00000240       0x20 substring.o
 .debug_aranges
                0x00000260       0x68 C:\Users\movil\Documents\Atmel Studio\weightlogger\ArduinoSketch1\ArduinoCore\Debug\libArduinoCore.a(HardwareSerial.o)
 .debug_aranges
                0x000002c8       0x48 C:\Users\movil\Documents\Atmel Studio\weightlogger\ArduinoSketch1\ArduinoCore\Debug\libArduinoCore.a(HardwareSerial0.o)
 .debug_aranges
                0x00000310       0x30 C:\Users\movil\Documents\Atmel Studio\weightlogger\ArduinoSketch1\ArduinoCore\Debug\libArduinoCore.a(main.o)
 .debug_aranges
                0x00000340      0x100 C:\Users\movil\Documents\Atmel Studio\weightlogger\ArduinoSketch1\ArduinoCore\Debug\libArduinoCore.a(Print.o)
 .debug_aranges
                0x00000440       0x98 C:\Users\movil\Documents\Atmel Studio\weightlogger\ArduinoSketch1\ArduinoCore\Debug\libArduinoCore.a(Stream.o)
 .debug_aranges
                0x000004d8       0x38 C:\Users\movil\Documents\Atmel Studio\weightlogger\ArduinoSketch1\ArduinoCore\Debug\libArduinoCore.a(Tone.o)
 .debug_aranges
                0x00000510       0x48 C:\Users\movil\Documents\Atmel Studio\weightlogger\ArduinoSketch1\ArduinoCore\Debug\libArduinoCore.a(wiring.o)
 .debug_aranges
                0x00000558       0x38 C:\Users\movil\Documents\Atmel Studio\weightlogger\ArduinoSketch1\ArduinoCore\Debug\libArduinoCore.a(wiring_digital.o)
 .debug_aranges
                0x00000590      0x170 C:\Users\movil\Documents\Atmel Studio\weightlogger\ArduinoSketch1\ArduinoCore\Debug\libArduinoCore.a(LiquidCrystal_I2C.o)
 .debug_aranges
                0x00000700      0x208 C:\Users\movil\Documents\Atmel Studio\weightlogger\ArduinoSketch1\ArduinoCore\Debug\libArduinoCore.a(MFRC522.o)
 .debug_aranges
                0x00000908      0x160 C:\Users\movil\Documents\Atmel Studio\weightlogger\ArduinoSketch1\ArduinoCore\Debug\libArduinoCore.a(RTClib.o)
 .debug_aranges
                0x00000a68       0x38 C:\Users\movil\Documents\Atmel Studio\weightlogger\ArduinoSketch1\ArduinoCore\Debug\libArduinoCore.a(SPI.o)
 .debug_aranges
                0x00000aa0       0xf8 C:\Users\movil\Documents\Atmel Studio\weightlogger\ArduinoSketch1\ArduinoCore\Debug\libArduinoCore.a(Wire.o)
 .debug_aranges
                0x00000b98       0x20 C:\Users\movil\Documents\Atmel Studio\weightlogger\ArduinoSketch1\ArduinoCore\Debug\libArduinoCore.a(hooks.o)
 .debug_aranges
                0x00000bb8       0x80 C:\Users\movil\Documents\Atmel Studio\weightlogger\ArduinoSketch1\ArduinoCore\Debug\libArduinoCore.a(twi.o)
 .debug_aranges
                0x00000c38       0x20 C:/Program Files (x86)/Atmel/Studio/7.0/Packs/Atmel/ATmega_DFP/1.3.300/gcc/dev/atmega328p/avr5\libatmega328p.a(eerd_byte.o)
 .debug_aranges
                0x00000c58       0x20 C:/Program Files (x86)/Atmel/Studio/7.0/Packs/Atmel/ATmega_DFP/1.3.300/gcc/dev/atmega328p/avr5\libatmega328p.a(eewr_byte.o)

.debug_pubnames
 *(.debug_pubnames)

.debug_info     0x00000000    0x1fb9b
 *(.debug_info .gnu.linkonce.wi.*)
 .debug_info    0x00000000      0x5f4 C:/Program Files (x86)/Atmel/Studio/7.0/Packs/Atmel/ATmega_DFP/1.3.300/gcc/dev/atmega328p/avr5/crtatmega328p.o
 .debug_info    0x000005f4      0xd06 card_manager.o
 .debug_info    0x000012fa       0xc8 converters.o
 .debug_info    0x000013c2      0xbe9 elcan_lcd.o
 .debug_info    0x00001fab     0x1ff2 elcan_wifi.o
 .debug_info    0x00003f9d      0x774 rfid.o
 .debug_info    0x00004711     0x254e rtc.o
 .debug_info    0x00006c5f      0x619 scale_i2c.o
 .debug_info    0x00007278     0x26c3 main_sketch.o
 .debug_info    0x0000993b       0xa7 substring.o
 .debug_info    0x000099e2     0x1f64 C:\Users\movil\Documents\Atmel Studio\weightlogger\ArduinoSketch1\ArduinoCore\Debug\libArduinoCore.a(HardwareSerial.o)
 .debug_info    0x0000b946     0x1b16 C:\Users\movil\Documents\Atmel Studio\weightlogger\ArduinoSketch1\ArduinoCore\Debug\libArduinoCore.a(HardwareSerial0.o)
 .debug_info    0x0000d45c      0x237 C:\Users\movil\Documents\Atmel Studio\weightlogger\ArduinoSketch1\ArduinoCore\Debug\libArduinoCore.a(main.o)
 .debug_info    0x0000d693     0x28ff C:\Users\movil\Documents\Atmel Studio\weightlogger\ArduinoSketch1\ArduinoCore\Debug\libArduinoCore.a(Print.o)
 .debug_info    0x0000ff92     0x215e C:\Users\movil\Documents\Atmel Studio\weightlogger\ArduinoSketch1\ArduinoCore\Debug\libArduinoCore.a(Stream.o)
 .debug_info    0x000120f0      0x7ab C:\Users\movil\Documents\Atmel Studio\weightlogger\ArduinoSketch1\ArduinoCore\Debug\libArduinoCore.a(Tone.o)
 .debug_info    0x0001289b      0x2cb C:\Users\movil\Documents\Atmel Studio\weightlogger\ArduinoSketch1\ArduinoCore\Debug\libArduinoCore.a(wiring.o)
 .debug_info    0x00012b66      0x5fe C:\Users\movil\Documents\Atmel Studio\weightlogger\ArduinoSketch1\ArduinoCore\Debug\libArduinoCore.a(wiring_digital.o)
 .debug_info    0x00013164     0x19c8 C:\Users\movil\Documents\Atmel Studio\weightlogger\ArduinoSketch1\ArduinoCore\Debug\libArduinoCore.a(LiquidCrystal_I2C.o)
 .debug_info    0x00014b2c     0x5533 C:\Users\movil\Documents\Atmel Studio\weightlogger\ArduinoSketch1\ArduinoCore\Debug\libArduinoCore.a(MFRC522.o)
 .debug_info    0x0001a05f     0x25ab C:\Users\movil\Documents\Atmel Studio\weightlogger\ArduinoSketch1\ArduinoCore\Debug\libArduinoCore.a(RTClib.o)
 .debug_info    0x0001c60a      0x66b C:\Users\movil\Documents\Atmel Studio\weightlogger\ArduinoSketch1\ArduinoCore\Debug\libArduinoCore.a(SPI.o)
 .debug_info    0x0001cc75     0x27b0 C:\Users\movil\Documents\Atmel Studio\weightlogger\ArduinoSketch1\ArduinoCore\Debug\libArduinoCore.a(Wire.o)
 .debug_info    0x0001f425       0x3e C:\Users\movil\Documents\Atmel Studio\weightlogger\ArduinoSketch1\ArduinoCore\Debug\libArduinoCore.a(hooks.o)
 .debug_info    0x0001f463      0x604 C:\Users\movil\Documents\Atmel Studio\weightlogger\ArduinoSketch1\ArduinoCore\Debug\libArduinoCore.a(twi.o)
 .debug_info    0x0001fa67       0x9a C:/Program Files (x86)/Atmel/Studio/7.0/Packs/Atmel/ATmega_DFP/1.3.300/gcc/dev/atmega328p/avr5\libatmega328p.a(eerd_byte.o)
 .debug_info    0x0001fb01       0x9a C:/Program Files (x86)/Atmel/Studio/7.0/Packs/Atmel/ATmega_DFP/1.3.300/gcc/dev/atmega328p/avr5\libatmega328p.a(eewr_byte.o)

.debug_abbrev   0x00000000     0x5201
 *(.debug_abbrev)
 .debug_abbrev  0x00000000      0x5a2 C:/Program Files (x86)/Atmel/Studio/7.0/Packs/Atmel/ATmega_DFP/1.3.300/gcc/dev/atmega328p/avr5/crtatmega328p.o
 .debug_abbrev  0x000005a2      0x2ee card_manager.o
 .debug_abbrev  0x00000890       0x99 converters.o
 .debug_abbrev  0x00000929      0x2d3 elcan_lcd.o
 .debug_abbrev  0x00000bfc      0x46c elcan_wifi.o
 .debug_abbrev  0x00001068      0x2bf rfid.o
 .debug_abbrev  0x00001327      0x453 rtc.o
 .debug_abbrev  0x0000177a      0x27c scale_i2c.o
 .debug_abbrev  0x000019f6      0x536 main_sketch.o
 .debug_abbrev  0x00001f2c       0x7d substring.o
 .debug_abbrev  0x00001fa9      0x4b7 C:\Users\movil\Documents\Atmel Studio\weightlogger\ArduinoSketch1\ArduinoCore\Debug\libArduinoCore.a(HardwareSerial.o)
 .debug_abbrev  0x00002460      0x3ce C:\Users\movil\Documents\Atmel Studio\weightlogger\ArduinoSketch1\ArduinoCore\Debug\libArduinoCore.a(HardwareSerial0.o)
 .debug_abbrev  0x0000282e      0x12d C:\Users\movil\Documents\Atmel Studio\weightlogger\ArduinoSketch1\ArduinoCore\Debug\libArduinoCore.a(main.o)
 .debug_abbrev  0x0000295b      0x47a C:\Users\movil\Documents\Atmel Studio\weightlogger\ArduinoSketch1\ArduinoCore\Debug\libArduinoCore.a(Print.o)
 .debug_abbrev  0x00002dd5      0x487 C:\Users\movil\Documents\Atmel Studio\weightlogger\ArduinoSketch1\ArduinoCore\Debug\libArduinoCore.a(Stream.o)
 .debug_abbrev  0x0000325c      0x2a5 C:\Users\movil\Documents\Atmel Studio\weightlogger\ArduinoSketch1\ArduinoCore\Debug\libArduinoCore.a(Tone.o)
 .debug_abbrev  0x00003501      0x146 C:\Users\movil\Documents\Atmel Studio\weightlogger\ArduinoSketch1\ArduinoCore\Debug\libArduinoCore.a(wiring.o)
 .debug_abbrev  0x00003647      0x15b C:\Users\movil\Documents\Atmel Studio\weightlogger\ArduinoSketch1\ArduinoCore\Debug\libArduinoCore.a(wiring_digital.o)
 .debug_abbrev  0x000037a2      0x3d4 C:\Users\movil\Documents\Atmel Studio\weightlogger\ArduinoSketch1\ArduinoCore\Debug\libArduinoCore.a(LiquidCrystal_I2C.o)
 .debug_abbrev  0x00003b76      0x657 C:\Users\movil\Documents\Atmel Studio\weightlogger\ArduinoSketch1\ArduinoCore\Debug\libArduinoCore.a(MFRC522.o)
 .debug_abbrev  0x000041cd      0x57e C:\Users\movil\Documents\Atmel Studio\weightlogger\ArduinoSketch1\ArduinoCore\Debug\libArduinoCore.a(RTClib.o)
 .debug_abbrev  0x0000474b      0x283 C:\Users\movil\Documents\Atmel Studio\weightlogger\ArduinoSketch1\ArduinoCore\Debug\libArduinoCore.a(SPI.o)
 .debug_abbrev  0x000049ce      0x581 C:\Users\movil\Documents\Atmel Studio\weightlogger\ArduinoSketch1\ArduinoCore\Debug\libArduinoCore.a(Wire.o)
 .debug_abbrev  0x00004f4f       0x2a C:\Users\movil\Documents\Atmel Studio\weightlogger\ArduinoSketch1\ArduinoCore\Debug\libArduinoCore.a(hooks.o)
 .debug_abbrev  0x00004f79      0x260 C:\Users\movil\Documents\Atmel Studio\weightlogger\ArduinoSketch1\ArduinoCore\Debug\libArduinoCore.a(twi.o)
 .debug_abbrev  0x000051d9       0x14 C:/Program Files (x86)/Atmel/Studio/7.0/Packs/Atmel/ATmega_DFP/1.3.300/gcc/dev/atmega328p/avr5\libatmega328p.a(eerd_byte.o)
 .debug_abbrev  0x000051ed       0x14 C:/Program Files (x86)/Atmel/Studio/7.0/Packs/Atmel/ATmega_DFP/1.3.300/gcc/dev/atmega328p/avr5\libatmega328p.a(eewr_byte.o)

.debug_line     0x00000000     0x79be
 *(.debug_line .debug_line.* .debug_line_end)
 .debug_line    0x00000000      0x133 C:/Program Files (x86)/Atmel/Studio/7.0/Packs/Atmel/ATmega_DFP/1.3.300/gcc/dev/atmega328p/avr5/crtatmega328p.o
 .debug_line    0x00000133      0x3b8 card_manager.o
 .debug_line    0x000004eb       0xaf converters.o
 .debug_line    0x0000059a      0x410 elcan_lcd.o
 .debug_line    0x000009aa      0x459 elcan_wifi.o
 .debug_line    0x00000e03      0x2ad rfid.o
 .debug_line    0x000010b0      0x3c2 rtc.o
 .debug_line    0x00001472      0x2fb scale_i2c.o
 .debug_line    0x0000176d      0x74d main_sketch.o
 .debug_line    0x00001eba       0x5c substring.o
 .debug_line    0x00001f16      0x4d9 C:\Users\movil\Documents\Atmel Studio\weightlogger\ArduinoSketch1\ArduinoCore\Debug\libArduinoCore.a(HardwareSerial.o)
 .debug_line    0x000023ef      0x2a1 C:\Users\movil\Documents\Atmel Studio\weightlogger\ArduinoSketch1\ArduinoCore\Debug\libArduinoCore.a(HardwareSerial0.o)
 .debug_line    0x00002690      0x17a C:\Users\movil\Documents\Atmel Studio\weightlogger\ArduinoSketch1\ArduinoCore\Debug\libArduinoCore.a(main.o)
 .debug_line    0x0000280a      0x69a C:\Users\movil\Documents\Atmel Studio\weightlogger\ArduinoSketch1\ArduinoCore\Debug\libArduinoCore.a(Print.o)
 .debug_line    0x00002ea4      0x60c C:\Users\movil\Documents\Atmel Studio\weightlogger\ArduinoSketch1\ArduinoCore\Debug\libArduinoCore.a(Stream.o)
 .debug_line    0x000034b0      0x40d C:\Users\movil\Documents\Atmel Studio\weightlogger\ArduinoSketch1\ArduinoCore\Debug\libArduinoCore.a(Tone.o)
 .debug_line    0x000038bd      0x2ae C:\Users\movil\Documents\Atmel Studio\weightlogger\ArduinoSketch1\ArduinoCore\Debug\libArduinoCore.a(wiring.o)
 .debug_line    0x00003b6b      0x267 C:\Users\movil\Documents\Atmel Studio\weightlogger\ArduinoSketch1\ArduinoCore\Debug\libArduinoCore.a(wiring_digital.o)
 .debug_line    0x00003dd2      0x7e8 C:\Users\movil\Documents\Atmel Studio\weightlogger\ArduinoSketch1\ArduinoCore\Debug\libArduinoCore.a(LiquidCrystal_I2C.o)
 .debug_line    0x000045ba     0x1862 C:\Users\movil\Documents\Atmel Studio\weightlogger\ArduinoSketch1\ArduinoCore\Debug\libArduinoCore.a(MFRC522.o)
 .debug_line    0x00005e1c      0xc5b C:\Users\movil\Documents\Atmel Studio\weightlogger\ArduinoSketch1\ArduinoCore\Debug\libArduinoCore.a(RTClib.o)
 .debug_line    0x00006a77      0x2f8 C:\Users\movil\Documents\Atmel Studio\weightlogger\ArduinoSketch1\ArduinoCore\Debug\libArduinoCore.a(SPI.o)
 .debug_line    0x00006d6f      0x5ec C:\Users\movil\Documents\Atmel Studio\weightlogger\ArduinoSketch1\ArduinoCore\Debug\libArduinoCore.a(Wire.o)
 .debug_line    0x0000735b       0x41 C:\Users\movil\Documents\Atmel Studio\weightlogger\ArduinoSketch1\ArduinoCore\Debug\libArduinoCore.a(hooks.o)
 .debug_line    0x0000739c      0x50a C:\Users\movil\Documents\Atmel Studio\weightlogger\ArduinoSketch1\ArduinoCore\Debug\libArduinoCore.a(twi.o)
 .debug_line    0x000078a6       0x7a C:/Program Files (x86)/Atmel/Studio/7.0/Packs/Atmel/ATmega_DFP/1.3.300/gcc/dev/atmega328p/avr5\libatmega328p.a(eerd_byte.o)
 .debug_line    0x00007920       0x9e C:/Program Files (x86)/Atmel/Studio/7.0/Packs/Atmel/ATmega_DFP/1.3.300/gcc/dev/atmega328p/avr5\libatmega328p.a(eewr_byte.o)

.debug_frame    0x00000000     0x2b2c
 *(.debug_frame)
 .debug_frame   0x00000000      0x120 card_manager.o
 .debug_frame   0x00000120       0x30 converters.o
 .debug_frame   0x00000150      0x16c elcan_lcd.o
 .debug_frame   0x000002bc      0x160 elcan_wifi.o
 .debug_frame   0x0000041c       0x8c rfid.o
 .debug_frame   0x000004a8       0xf0 rtc.o
 .debug_frame   0x00000598       0xa4 scale_i2c.o
 .debug_frame   0x0000063c      0x1d4 main_sketch.o
 .debug_frame   0x00000810       0x24 substring.o
 .debug_frame   0x00000834      0x110 C:\Users\movil\Documents\Atmel Studio\weightlogger\ArduinoSketch1\ArduinoCore\Debug\libArduinoCore.a(HardwareSerial.o)
 .debug_frame   0x00000944       0xe0 C:\Users\movil\Documents\Atmel Studio\weightlogger\ArduinoSketch1\ArduinoCore\Debug\libArduinoCore.a(HardwareSerial0.o)
 .debug_frame   0x00000a24       0x54 C:\Users\movil\Documents\Atmel Studio\weightlogger\ArduinoSketch1\ArduinoCore\Debug\libArduinoCore.a(main.o)
 .debug_frame   0x00000a78      0x3ac C:\Users\movil\Documents\Atmel Studio\weightlogger\ArduinoSketch1\ArduinoCore\Debug\libArduinoCore.a(Print.o)
 .debug_frame   0x00000e24      0x2e4 C:\Users\movil\Documents\Atmel Studio\weightlogger\ArduinoSketch1\ArduinoCore\Debug\libArduinoCore.a(Stream.o)
 .debug_frame   0x00001108       0xfc C:\Users\movil\Documents\Atmel Studio\weightlogger\ArduinoSketch1\ArduinoCore\Debug\libArduinoCore.a(Tone.o)
 .debug_frame   0x00001204       0xc4 C:\Users\movil\Documents\Atmel Studio\weightlogger\ArduinoSketch1\ArduinoCore\Debug\libArduinoCore.a(wiring.o)
 .debug_frame   0x000012c8       0x7c C:\Users\movil\Documents\Atmel Studio\weightlogger\ArduinoSketch1\ArduinoCore\Debug\libArduinoCore.a(wiring_digital.o)
 .debug_frame   0x00001344      0x380 C:\Users\movil\Documents\Atmel Studio\weightlogger\ArduinoSketch1\ArduinoCore\Debug\libArduinoCore.a(LiquidCrystal_I2C.o)
 .debug_frame   0x000016c4      0xacc C:\Users\movil\Documents\Atmel Studio\weightlogger\ArduinoSketch1\ArduinoCore\Debug\libArduinoCore.a(MFRC522.o)
 .debug_frame   0x00002190      0x568 C:\Users\movil\Documents\Atmel Studio\weightlogger\ArduinoSketch1\ArduinoCore\Debug\libArduinoCore.a(RTClib.o)
 .debug_frame   0x000026f8       0x5c C:\Users\movil\Documents\Atmel Studio\weightlogger\ArduinoSketch1\ArduinoCore\Debug\libArduinoCore.a(SPI.o)
 .debug_frame   0x00002754      0x280 C:\Users\movil\Documents\Atmel Studio\weightlogger\ArduinoSketch1\ArduinoCore\Debug\libArduinoCore.a(Wire.o)
 .debug_frame   0x000029d4       0x24 C:\Users\movil\Documents\Atmel Studio\weightlogger\ArduinoSketch1\ArduinoCore\Debug\libArduinoCore.a(hooks.o)
 .debug_frame   0x000029f8      0x134 C:\Users\movil\Documents\Atmel Studio\weightlogger\ArduinoSketch1\ArduinoCore\Debug\libArduinoCore.a(twi.o)

.debug_str      0x00000000     0x6324
 *(.debug_str)
 .debug_str     0x00000000      0x208 C:/Program Files (x86)/Atmel/Studio/7.0/Packs/Atmel/ATmega_DFP/1.3.300/gcc/dev/atmega328p/avr5/crtatmega328p.o
 .debug_str     0x00000208      0x79c card_manager.o
                                0x802 (size before relaxing)
 .debug_str     0x000009a4       0x60 converters.o
                                0x1c4 (size before relaxing)
 .debug_str     0x00000a04      0x34e elcan_lcd.o
                                0x634 (size before relaxing)
 .debug_str     0x00000d52     0x10e9 elcan_wifi.o
                               0x145d (size before relaxing)
 .debug_str     0x00001e3b      0x2c6 rfid.o
                                0x5ba (size before relaxing)
 .debug_str     0x00002101      0x5d2 rtc.o
                               0x18d6 (size before relaxing)
 .debug_str     0x000026d3      0x181 scale_i2c.o
                                0x46c (size before relaxing)
 .debug_str     0x00002854      0x608 main_sketch.o
                               0x17c4 (size before relaxing)
 .debug_str     0x00002e5c       0x13 substring.o
                                0x194 (size before relaxing)
 .debug_str     0x00002e6f      0x3dc C:\Users\movil\Documents\Atmel Studio\weightlogger\ArduinoSketch1\ArduinoCore\Debug\libArduinoCore.a(HardwareSerial.o)
                               0x1614 (size before relaxing)
 .debug_str     0x0000324b       0x86 C:\Users\movil\Documents\Atmel Studio\weightlogger\ArduinoSketch1\ArduinoCore\Debug\libArduinoCore.a(HardwareSerial0.o)
                               0x1407 (size before relaxing)
 .debug_str     0x000032d1       0x37 C:\Users\movil\Documents\Atmel Studio\weightlogger\ArduinoSketch1\ArduinoCore\Debug\libArduinoCore.a(main.o)
                                0x2b3 (size before relaxing)
 .debug_str     0x00003308      0x2e4 C:\Users\movil\Documents\Atmel Studio\weightlogger\ArduinoSketch1\ArduinoCore\Debug\libArduinoCore.a(Print.o)
                               0x1241 (size before relaxing)
 .debug_str     0x000035ec       0x97 C:\Users\movil\Documents\Atmel Studio\weightlogger\ArduinoSketch1\ArduinoCore\Debug\libArduinoCore.a(Stream.o)
                               0x1265 (size before relaxing)
 .debug_str     0x00003683      0x18b C:\Users\movil\Documents\Atmel Studio\weightlogger\ArduinoSketch1\ArduinoCore\Debug\libArduinoCore.a(Tone.o)
                                0x43a (size before relaxing)
 .debug_str     0x0000380e      0x14d C:\Users\movil\Documents\Atmel Studio\weightlogger\ArduinoSketch1\ArduinoCore\Debug\libArduinoCore.a(wiring.o)
                                0x249 (size before relaxing)