Archive member included to satisfy reference by file (symbol)

C:\Users\movil\Documents\Atmel Studio\weightlogger\weightlogger_main\ArduinoCore\Debug\libArduinoCore.a(HardwareSerial.o)
                              elcan_wifi.o (_ZN14HardwareSerial9availableEv)
C:\Users\movil\Documents\Atmel Studio\weightlogger\weightlogger_main\ArduinoCore\Debug\libArduinoCore.a(HardwareSerial0.o)
                              card_manager.o (Serial)
C:\Users\movil\Documents\Atmel Studio\weightlogger\weightlogger_main\ArduinoCore\Debug\libArduinoCore.a(main.o)
                              C:/Program Files (x86)/Atmel/Studio/7.0/Packs/Atmel/ATmega_DFP/1.3.300/gcc/dev/atmega328p/avr5/crtatmega328p.o (main)
C:\Users\movil\Documents\Atmel Studio\weightlogger\weightlogger_main\ArduinoCore\Debug\libArduinoCore.a(Print.o)
                              main_sketch.o (_ZN5Print5writeEPKhj)
C:\Users\movil\Documents\Atmel Studio\weightlogger\weightlogger_main\ArduinoCore\Debug\libArduinoCore.a(Stream.o)
                              elcan_wifi.o (_ZN6Stream14readBytesUntilEcPcj)
C:\Users\movil\Documents\Atmel Studio\weightlogger\weightlogger_main\ArduinoCore\Debug\libArduinoCore.a(Tone.o)
                              elcan_lcd.o (_Z4tonehjm)
C:\Users\movil\Documents\Atmel Studio\weightlogger\weightlogger_main\ArduinoCore\Debug\libArduinoCore.a(wiring.o)
                              elcan_lcd.o (millis)
C:\Users\movil\Documents\Atmel Studio\weightlogger\weightlogger_main\ArduinoCore\Debug\libArduinoCore.a(wiring_digital.o)
                              main_sketch.o (pinMode)
C:\Users\movil\Documents\Atmel Studio\weightlogger\weightlogger_main\ArduinoCore\Debug\libArduinoCore.a(WString.o)
                              C:\Users\movil\Documents\Atmel Studio\weightlogger\weightlogger_main\ArduinoCore\Debug\libArduinoCore.a(Stream.o) (_ZN6StringC1EPKc)
C:\Users\movil\Documents\Atmel Studio\weightlogger\weightlogger_main\ArduinoCore\Debug\libArduinoCore.a(LiquidCrystal_I2C.o)
                              elcan_lcd.o (_ZN17LiquidCrystal_I2CC1Ev)
C:\Users\movil\Documents\Atmel Studio\weightlogger\weightlogger_main\ArduinoCore\Debug\libArduinoCore.a(MFRC522.o)
                              rfid.o (_ZN7MFRC52219PICC_ReadCardSerialEv)
C:\Users\movil\Documents\Atmel Studio\weightlogger\weightlogger_main\ArduinoCore\Debug\libArduinoCore.a(RTClib.o)
                              rtc.o (_ZN8DateTimeC1Em)
C:\Users\movil\Documents\Atmel Studio\weightlogger\weightlogger_main\ArduinoCore\Debug\libArduinoCore.a(SPI.o)
                              main_sketch.o (_ZN8SPIClass5beginEv)
C:\Users\movil\Documents\Atmel Studio\weightlogger\weightlogger_main\ArduinoCore\Debug\libArduinoCore.a(Wire.o)
                              scale_i2c.o (_ZN7TwoWire9availableEv)
C:\Users\movil\Documents\Atmel Studio\weightlogger\weightlogger_main\ArduinoCore\Debug\libArduinoCore.a(abi.o)
                              C:\Users\movil\Documents\Atmel Studio\weightlogger\weightlogger_main\ArduinoCore\Debug\libArduinoCore.a(Print.o) (__cxa_pure_virtual)
C:\Users\movil\Documents\Atmel Studio\weightlogger\weightlogger_main\ArduinoCore\Debug\libArduinoCore.a(hooks.o)
                              C:\Users\movil\Documents\Atmel Studio\weightlogger\weightlogger_main\ArduinoCore\Debug\libArduinoCore.a(wiring.o) (yield)
C:\Users\movil\Documents\Atmel Studio\weightlogger\weightlogger_main\ArduinoCore\Debug\libArduinoCore.a(twi.o)
                              C:\Users\movil\Documents\Atmel Studio\weightlogger\weightlogger_main\ArduinoCore\Debug\libArduinoCore.a(Wire.o) (twi_init)
c:/program files (x86)/atmel/studio/7.0/toolchain/avr8/avr8-gnu-toolchain/bin/../lib/gcc/avr/5.4.0/../../../../avr/lib/avr5\libm.a(addsf3.o)
                              C:\Users\movil\Documents\Atmel Studio\weightlogger\weightlogger_main\ArduinoCore\Debug\libArduinoCore.a(Print.o) (__subsf3)
c:/program files (x86)/atmel/studio/7.0/toolchain/avr8/avr8-gnu-toolchain/bin/../lib/gcc/avr/5.4.0/../../../../avr/lib/avr5\libm.a(addsf3x.o)
                              c:/program files (x86)/atmel/studio/7.0/toolchain/avr8/avr8-gnu-toolchain/bin/../lib/gcc/avr/5.4.0/../../../../avr/lib/avr5\libm.a(addsf3.o) (__addsf3x)
c:/program files (x86)/atmel/studio/7.0/toolchain/avr8/avr8-gnu-toolchain/bin/../lib/gcc/avr/5.4.0/../../../../avr/lib/avr5\libm.a(cmpsf2.o)
                              C:\Users\movil\Documents\Atmel Studio\weightlogger\weightlogger_main\ArduinoCore\Debug\libArduinoCore.a(Print.o) (__ltsf2)
c:/program files (x86)/atmel/studio/7.0/toolchain/avr8/avr8-gnu-toolchain/bin/../lib/gcc/avr/5.4.0/../../../../avr/lib/avr5\libm.a(divsf3.o)
                              C:\Users\movil\Documents\Atmel Studio\weightlogger\weightlogger_main\ArduinoCore\Debug\libArduinoCore.a(Print.o) (__divsf3)
c:/program files (x86)/atmel/studio/7.0/toolchain/avr8/avr8-gnu-toolchain/bin/../lib/gcc/avr/5.4.0/../../../../avr/lib/avr5\libm.a(divsf3x.o)
[...]
Memory Configuration

Name             Origin             Length             Attributes
text             0x00000000         0x00020000         xr
data             0x00800060         0x0000ffa0         rw !x
eeprom           0x00810000         0x00010000         rw !x
fuse             0x00820000         0x00000003         rw !x
lock             0x00830000         0x00000400         rw !x
signature        0x00840000         0x00000400         rw !x
user_signatures  0x00850000         0x00000400         rw !x
*default*        0x00000000         0xffffffff

Linker script and memory map

Address of section .data set to 0x800100
LOAD C:/Program Files (x86)/Atmel/Studio/7.0/Packs/Atmel/ATmega_DFP/1.3.300/gcc/dev/atmega328p/avr5/crtatmega328p.o
LOAD card_manager.o
LOAD converters.o
LOAD elcan_lcd.o
LOAD elcan_wifi.o
LOAD rfid.o
LOAD rtc.o
LOAD scale_i2c.o
LOAD main_sketch.o
LOAD substring.o
START GROUP
LOAD c:/program files (x86)/atmel/studio/7.0/toolchain/avr8/avr8-gnu-toolchain/bin/../lib/gcc/avr/5.4.0/../../../../avr/lib/avr5\libm.a
LOAD C:\Users\movil\Documents\Atmel Studio\weightlogger\weightlogger_main\ArduinoCore\Debug\libArduinoCore.a
END GROUP
LOAD c:/program files (x86)/atmel/studio/7.0/toolchain/avr8/avr8-gnu-toolchain/bin/../lib/gcc/avr/5.4.0/avr5\libgcc.a
LOAD c:/program files (x86)/atmel/studio/7.0/toolchain/avr8/avr8-gnu-toolchain/bin/../lib/gcc/avr/5.4.0/../../../../avr/lib/avr5\libm.a
START GROUP
LOAD c:/program files (x86)/atmel/studio/7.0/toolchain/avr8/avr8-gnu-toolchain/bin/../lib/gcc/avr/5.4.0/avr5\libgcc.a
LOAD c:/program files (x86)/atmel/studio/7.0/toolchain/avr8/avr8-gnu-toolchain/bin/../lib/gcc/avr/5.4.0/../../../../avr/lib/avr5\libm.a
LOAD c:/program files (x86)/atmel/studio/7.0/toolchain/avr8/avr8-gnu-toolchain/bin/../lib/gcc/avr/5.4.0/../../../../avr/lib/avr5\libc.a
LOAD C:/Program Files (x86)/Atmel/Studio/7.0/Packs/Atmel/ATmega_DFP/1.3.300/gcc/dev/atmega328p/avr5\libatmega328p.a
END GROUP
                0x00020000                __TEXT_REGION_LENGTH__ = DEFINED (__TEXT_REGION_LENGTH__)?__TEXT_REGION_LENGTH__:0x20000
                0x0000ffa0                __DATA_REGION_LENGTH__ = DEFINED (__DATA_REGION_LENGTH__)?__DATA_REGION_LENGTH__:0xffa0
                0x00010000                __EEPROM_REGION_LENGTH__ = DEFINED (__EEPROM_REGION_LENGTH__)?__EEPROM_REGION_LENGTH__:0x10000
                [0x00000003]                __FUSE_REGION_LENGTH__ = DEFINED (__FUSE_REGION_LENGTH__)?__FUSE_REGION_LENGTH__:0x400
                0x00000400                __LOCK_REGION_LENGTH__ = DEFINED (__LOCK_REGION_LENGTH__)?__LOCK_REGION_LENGTH__:0x400
                0x00000400                __SIGNATURE_REGION_LENGTH__ = DEFINED (__SIGNATURE_REGION_LENGTH__)?__SIGNATURE_REGION_LENGTH__:0x400
                0x00000400                __USER_SIGNATURE_REGION_LENGTH__ = DEFINED (__USER_SIGNATURE_REGION_LENGTH__)?__USER_SIGNATURE_REGION_LENGTH__:0x400

.hash
 *(.hash)

.dynsym
 *(.dynsym)

.dynstr
 *(.dynstr)

.gnu.version
 *(.gnu.version)

.gnu.version_d
 *(.gnu.version_d)

.gnu.version_r
 *(.gnu.version_r)

.rel.init
 *(.rel.init)

.rela.init
 *(.rela.init)

.rel.text
 *(.rel.text)
 *(.rel.text.*)
 *(.rel.gnu.linkonce.t*)

.rela.text
 *(.rela.text)
 *(.rela.text.*)
 *(.rela.gnu.linkonce.t*)

.rel.fini
 *(.rel.fini)

.rela.fini
 *(.rela.fini)

.rel.rodata
 *(.rel.rodata)
 *(.rel.rodata.*)
 *(.rel.gnu.linkonce.r*)

.rela.rodata
 *(.rela.rodata)
 *(.rela.rodata.*)
 *(.rela.gnu.linkonce.r*)

.rel.data
 *(.rel.data)
 *(.rel.data.*)
 *(.rel.gnu.linkonce.d*)

.rela.data
 *(.rela.data)
 *(.rela.data.*)
 *(.rela.gnu.linkonce.d*)

.rel.ctors
 *(.rel.ctors)

.rela.ctors
 *(.rela.ctors)

.rel.dtors
 *(.rel.dtors)

.rela.dtors
 *(.rela.dtors)

.rel.got
 *(.rel.got)

.rela.got
 *(.rela.got)

.rel.bss
 *(.rel.bss)

.rela.bss
 *(.rela.bss)

.rel.plt
 *(.rel.plt)

.rela.plt
 *(.rela.plt)

.text           0x00000000     0x44e8
 *(.vectors)
 .vectors       0x00000000       0x68 C:/Program Files (x86)/Atmel/Studio/7.0/Packs/Atmel/ATmega_DFP/1.3.300/gcc/dev/atmega328p/avr5/crtatmega328p.o
                0x00000000                __vector_default
                0x00000000                __vectors
 *(.vectors)
 *(.progmem.gcc*)
 .progmem.gcc_sw_table._ZN8DateTimeC2EPK19__FlashStringHelperS2_
                0x00000068       0x26 C:\Users\movil\Documents\Atmel Studio\weightlogger\weightlogger_main\ArduinoCore\Debug\libArduinoCore.a(RTClib.o)
                0x0000008e                . = ALIGN (0x2)
                0x0000008e                __trampolines_start = .
 *(.trampolines)
 .trampolines   0x0000008e        0x0 linker stubs
 *(.trampolines*)
                0x0000008e                __trampolines_end = .
 *libprintf_flt.a:*(.progmem.data)
 *libc.a:*(.progmem.data)
 *(.progmem*)
 .progmem.data._ZL21tone_pin_to_timer_PGM
                0x0000008e        0x1 C:\Users\movil\Documents\Atmel Studio\weightlogger\weightlogger_main\ArduinoCore\Debug\libArduinoCore.a(Tone.o)
 .progmem.data.digital_pin_to_timer_PGM
                0x0000008f       0x14 C:\Users\movil\Documents\Atmel Studio\weightlogger\weightlogger_main\ArduinoCore\Debug\libArduinoCore.a(wiring_digital.o)
                0x0000008f                digital_pin_to_timer_PGM
 .progmem.data.digital_pin_to_bit_mask_PGM
                0x000000a3       0x14 C:\Users\movil\Documents\Atmel Studio\weightlogger\weightlogger_main\ArduinoCore\Debug\libArduinoCore.a(wiring_digital.o)
                0x000000a3                digital_pin_to_bit_mask_PGM
 .progmem.data.digital_pin_to_port_PGM
                0x000000b7       0x14 C:\Users\movil\Documents\Atmel Studio\weightlogger\weightlogger_main\ArduinoCore\Debug\libArduinoCore.a(wiring_digital.o)
                0x000000b7                digital_pin_to_port_PGM
 .progmem.data.port_to_input_PGM
                0x000000cb        0xa C:\Users\movil\Documents\Atmel Studio\weightlogger\weightlogger_main\ArduinoCore\Debug\libArduinoCore.a(wiring_digital.o)
                0x000000cb                port_to_input_PGM
 .progmem.data.port_to_output_PGM
                0x000000d5        0xa C:\Users\movil\Documents\Atmel Studio\weightlogger\weightlogger_main\ArduinoCore\Debug\libArduinoCore.a(wiring_digital.o)
                0x000000d5                port_to_output_PGM
 .progmem.data.port_to_mode_PGM
                0x000000df        0xa C:\Users\movil\Documents\Atmel Studio\weightlogger\weightlogger_main\ArduinoCore\Debug\libArduinoCore.a(wiring_digital.o)
                0x000000df                port_to_mode_PGM
 .progmem.data._ZL11daysInMonth
                0x000000e9        0xc C:\Users\movil\Documents\Atmel Studio\weightlogger\weightlogger_main\ArduinoCore\Debug\libArduinoCore.a(RTClib.o)
                0x000000f6                . = ALIGN (0x2)
 *fill*         0x000000f5        0x1 
 *(.jumptables)
 *(.jumptables*)
 *(.lowtext)
 *(.lowtext*)
                0x000000f6                __ctors_start = .
 *(.ctors)
 .ctors         0x000000f6        0x2 main_sketch.o
 .ctors         0x000000f8        0x2 C:\Users\movil\Documents\Atmel Studio\weightlogger\weightlogger_main\ArduinoCore\Debug\libArduinoCore.a(HardwareSerial0.o)
 .ctors         0x000000fa        0x2 C:\Users\movil\Documents\Atmel Studio\weightlogger\weightlogger_main\ArduinoCore\Debug\libArduinoCore.a(Wire.o)
                0x000000fc                __ctors_end = .
                0x000000fc                __dtors_start = .
 *(.dtors)
                0x000000fc                __dtors_end = .
 SORT(*)(.ctors)
 SORT(*)(.dtors)
 *(.init0)
 .init0         0x000000fc        0x0 C:/Program Files (x86)/Atmel/Studio/7.0/Packs/Atmel/ATmega_DFP/1.3.300/gcc/dev/atmega328p/avr5/crtatmega328p.o
                0x000000fc                __init
 *(.init0)
 *(.init1)
 *(.init1)
 *(.init2)
 .init2         0x000000fc        0xc C:/Program Files (x86)/Atmel/Studio/7.0/Packs/Atmel/ATmega_DFP/1.3.300/gcc/dev/atmega328p/avr5/crtatmega328p.o
 *(.init2)
 *(.init3)
 *(.init3)
 *(.init4)
 .init4         0x00000108       0x16 c:/program files (x86)/atmel/studio/7.0/toolchain/avr8/avr8-gnu-toolchain/bin/../lib/gcc/avr/5.4.0/avr5\libgcc.a(_copy_data.o)
                0x00000108                __do_copy_data
 .init4         0x0000011e       0x10 c:/program files (x86)/atmel/studio/7.0/toolchain/avr8/avr8-gnu-toolchain/bin/../lib/gcc/avr/5.4.0/avr5\libgcc.a(_clear_bss.o)
                0x0000011e                __do_clear_bss
 *(.init4)
 *(.init5)
 *(.init5)
 *(.init6)
 .init6         0x0000012e       0x16 c:/program files (x86)/atmel/studio/7.0/toolchain/avr8/avr8-gnu-toolchain/bin/../lib/gcc/avr/5.4.0/avr5\libgcc.a(_ctors.o)
                0x0000012e                __do_global_ctors
 *(.init6)
 *(.init7)
 *(.init7)
 *(.init8)
 *(.init8)
 *(.init9)
 .init9         0x00000144        0x8 C:/Program Files (x86)/Atmel/Studio/7.0/Packs/Atmel/ATmega_DFP/1.3.300/gcc/dev/atmega328p/avr5/crtatmega328p.o
 *(.init9)
 *(.text)
 .text          0x0000014c        0x4 C:/Program Files (x86)/Atmel/Studio/7.0/Packs/Atmel/ATmega_DFP/1.3.300/gcc/dev/atmega328p/avr5/crtatmega328p.o
                0x0000014c                __vector_22
                0x0000014c                __vector_1
                0x0000014c                __vector_12
                0x0000014c                __bad_interrupt
                0x0000014c                __vector_6
                0x0000014c                __vector_3
                0x0000014c                __vector_23
                0x0000014c                __vector_25
                0x0000014c                __vector_11
                0x0000014c                __vector_13
                0x0000014c                __vector_17
                0x0000014c                __vector_5
                0x0000014c                __vector_4
                0x0000014c                __vector_9
                0x0000014c                __vector_2
                0x0000014c                __vector_21
                0x0000014c                __vector_15
                0x0000014c                __vector_8
                0x0000014c                __vector_14
                0x0000014c                __vector_10
                0x0000014c                __vector_20
                0x00000150                . = ALIGN (0x2)
 *(.text.*)
 .text._Z12compare_cardPcS_
                0x00000150       0x8e card_manager.o
                0x00000150                _Z12compare_cardPcS_
 .text._Z13is_known_cardPc
                0x000001de       0xb4 card_manager.o
                0x000001de                _Z13is_known_cardPc
 .text._Z10store_card10card_blockc
                0x00000292       0x7a card_manager.o
                0x00000292                _Z10store_card10card_blockc
 .text._Z10erase_cardc
                0x0000030c       0x40 card_manager.o
                0x0000030c                _Z10erase_cardc
 .text._Z24hex_string_to_byte_arrayPcS_cc
                0x0000034c       0x46 converters.o
                0x0000034c                _Z24hex_string_to_byte_arrayPcS_cc
 .text._ZN15ElcanLCDManagerC2Eccc
                0x00000392       0x84 elcan_lcd.o
                0x00000392                _ZN15ElcanLCDManagerC1Eccc
                0x00000392                _ZN15ElcanLCDManagerC2Eccc
 .text._ZN15ElcanLCDManager5beginEcc
                0x00000416        0x6 elcan_lcd.o
                0x00000416                _ZN15ElcanLCDManager5beginEcc
 .text._ZN15ElcanLCDManager10show_errorEc
                0x0000041c       0xa4 elcan_lcd.o
                0x0000041c                _ZN15ElcanLCDManager10show_errorEc
 .text._ZN15ElcanLCDManager10show_readyEPc
                0x000004c0       0x38 elcan_lcd.o
                0x000004c0                _ZN15ElcanLCDManager10show_readyEPc
 .text._ZN15ElcanLCDManager12show_messageEPc
                0x000004f8       0xd0 elcan_lcd.o
                0x000004f8                _ZN15ElcanLCDManager12show_messageEPc
 .text._ZN15ElcanLCDManager11check_lightEv
                0x000005c8       0x58 elcan_lcd.o
                0x000005c8                _ZN15ElcanLCDManager11check_lightEv
 .text._ZN15ElcanLCDManager8light_onEv
                0x00000620       0x1c elcan_lcd.o
                0x00000620                _ZN15ElcanLCDManager8light_onEv
 .text._ZN5Print5writeEPKc
                0x0000063c       0x2a elcan_wifi.o
                0x0000063c                _ZN5Print5writeEPKc
 .text._ZN9ElcanWifiC2Ev
                0x00000666        0x6 elcan_wifi.o
                0x00000666                _ZN9ElcanWifiC2Ev
                0x00000666                _ZN9ElcanWifiC1Ev
 .text._ZN9ElcanWifi19empty_serial_bufferEv
                0x0000066c       0x18 elcan_wifi.o
                0x0000066c                _ZN9ElcanWifi19empty_serial_bufferEv
 .text._ZN9ElcanWifi12readCardDataEPcc
                0x00000684       0x6a elcan_wifi.o
                0x00000684                _ZN9ElcanWifi12readCardDataEPcc
 .text._ZN9ElcanWifi4pollEv
                0x000006ee       0x38 elcan_wifi.o
                0x000006ee                _ZN9ElcanWifi4pollEv
 .text._ZN9ElcanWifi20sendIntrussionAttempEPc
                0x00000726       0x98 elcan_wifi.o
                0x00000726                _ZN9ElcanWifi20sendIntrussionAttempEPc
 .text._ZN11RfidManagerC2Ev
                0x000007be       0x6a rfid.o
                0x000007be                _ZN11RfidManagerC2Ev
                0x000007be                _ZN11RfidManagerC1Ev
 .text._ZN11RfidManager5beginEv
                0x00000828       0x16 rfid.o
                0x00000828                _ZN11RfidManager5beginEv
 .text._ZN11RfidManager5getIDEv
                0x0000083e       0x88 rfid.o
                0x0000083e                _ZN11RfidManager5getIDEv
 .text._ZN8ElcanRtcC2Ev
                0x000008c6        0x2 rtc.o
                0x000008c6                _ZN8ElcanRtcC1Ev
                0x000008c6                _ZN8ElcanRtcC2Ev
 .text._ZN8ElcanRtc10initializeEv
                0x000008c8       0x60 rtc.o
                0x000008c8                _ZN8ElcanRtc10initializeEv
 .text._ZN8ElcanRtc3nowEv
                0x00000928       0x12 rtc.o
                0x00000928                _ZN8ElcanRtc3nowEv
 .text._ZN8ElcanRtc15split_date_timeEPc
                0x0000093a      0x162 rtc.o
                0x0000093a                _ZN8ElcanRtc15split_date_timeEPc
 .text._ZN8ElcanRtc18adjust_from_serialEv
                0x00000a9c      0x104 rtc.o
                0x00000a9c                _ZN8ElcanRtc18adjust_from_serialEv
 .text.setup    0x00000ba0       0x9a main_sketch.o
                0x00000ba0                setup
 .text._Z18check_card_and_actv
                0x00000c3a       0x66 main_sketch.o
                0x00000c3a                _Z18check_card_and_actv
 .text._Z12open_barrierv
                0x00000ca0       0x1c main_sketch.o
                0x00000ca0                _Z12open_barrierv
 .text._Z18check_elapsed_timev
                0x00000cbc       0x5a main_sketch.o
                0x00000cbc                _Z18check_elapsed_timev
 .text._Z10check_wifiv
                0x00000d16       0x62 main_sketch.o
                0x00000d16                _Z10check_wifiv
 .text._Z19tag_string_to_bytesPcPhS0_
                0x00000d78       0x84 main_sketch.o
                0x00000d78                _Z19tag_string_to_bytesPcPhS0_
 .text._Z12get_tag_datav
                0x00000dfc       0xd8 main_sketch.o
                0x00000dfc                _Z12get_tag_datav
 .text.startup._GLOBAL__sub_I_sys_state
                0x00000ed4       0x42 main_sketch.o
 .text._Z32send_intrussion_attemp_to_serverv
                0x00000f16      0x114 main_sketch.o
                0x00000f16                _Z32send_intrussion_attemp_to_serverv
 .text._Z12alertUnknownv
                0x0000102a       0x3a main_sketch.o
                0x0000102a                _Z12alertUnknownv
 .text.loop     0x00001064      0x1ac main_sketch.o
                0x00001064                loop
 .text._Z9substringPcS_ii
                0x00001210       0x30 substring.o
                0x00001210                _Z9substringPcS_ii
 .text._ZN14HardwareSerial9availableEv
                0x00001240       0x18 C:\Users\movil\Documents\Atmel Studio\weightlogger\weightlogger_main\ArduinoCore\Debug\libArduinoCore.a(HardwareSerial.o)
                0x00001240                _ZN14HardwareSerial9availableEv
 .text._ZN14HardwareSerial4peekEv
                0x00001258       0x1c C:\Users\movil\Documents\Atmel Studio\weightlogger\weightlogger_main\ArduinoCore\Debug\libArduinoCore.a(HardwareSerial.o)
                0x00001258                _ZN14HardwareSerial4peekEv
 .text._ZN14HardwareSerial4readEv
                0x00001274       0x28 C:\Users\movil\Documents\Atmel Studio\weightlogger\weightlogger_main\ArduinoCore\Debug\libArduinoCore.a(HardwareSerial.o)
                0x00001274                _ZN14HardwareSerial4readEv
 .text._ZN14HardwareSerial17availableForWriteEv
                0x0000129c       0x1e C:\Users\movil\Documents\Atmel Studio\weightlogger\weightlogger_main\ArduinoCore\Debug\libArduinoCore.a(HardwareSerial.o)
                0x0000129c                _ZN14HardwareSerial17availableForWriteEv
 .text._Z14serialEventRunv
                0x000012ba       0x1c C:\Users\movil\Documents\Atmel Studio\weightlogger\weightlogger_main\ArduinoCore\Debug\libArduinoCore.a(HardwareSerial.o)
                0x000012ba                _Z14serialEventRunv
 .text._ZN14HardwareSerial17_tx_udr_empty_irqEv
                0x000012d6       0x44 C:\Users\movil\Documents\Atmel Studio\weightlogger\weightlogger_main\ArduinoCore\Debug\libArduinoCore.a(HardwareSerial.o)
                0x000012d6                _ZN14HardwareSerial17_tx_udr_empty_irqEv
 .text._ZN14HardwareSerial5writeEh
                0x0000131a       0x9a C:\Users\movil\Documents\Atmel Studio\weightlogger\weightlogger_main\ArduinoCore\Debug\libArduinoCore.a(HardwareSerial.o)
                0x0000131a                _ZN14HardwareSerial5writeEh
 .text._ZN14HardwareSerial5flushEv
                0x000013b4       0x44 C:\Users\movil\Documents\Atmel Studio\weightlogger\weightlogger_main\ArduinoCore\Debug\libArduinoCore.a(HardwareSerial.o)
                0x000013b4                _ZN14HardwareSerial5flushEv
 .text._ZN5Print17availableForWriteEv
                0x000013f8        0x6 C:\Users\movil\Documents\Atmel Studio\weightlogger\weightlogger_main\ArduinoCore\Debug\libArduinoCore.a(HardwareSerial0.o)
                0x000013f8                _ZN5Print17availableForWriteEv
 .text._ZN5Print5flushEv
                0x000013fe        0x2 C:\Users\movil\Documents\Atmel Studio\weightlogger\weightlogger_main\ArduinoCore\Debug\libArduinoCore.a(HardwareSerial0.o)
                0x000013fe                _ZN5Print5flushEv
 .text.__vector_18
                0x00001400       0x64 C:\Users\movil\Documents\Atmel Studio\weightlogger\weightlogger_main\ArduinoCore\Debug\libArduinoCore.a(HardwareSerial0.o)
                0x00001400                __vector_18
 .text.__vector_19
                0x00001464       0x4c C:\Users\movil\Documents\Atmel Studio\weightlogger\weightlogger_main\ArduinoCore\Debug\libArduinoCore.a(HardwareSerial0.o)
                0x00001464                __vector_19
 .text._Z17Serial0_availablev
                0x000014b0       0x14 C:\Users\movil\Documents\Atmel Studio\weightlogger\weightlogger_main\ArduinoCore\Debug\libArduinoCore.a(HardwareSerial0.o)
                0x000014b0                _Z17Serial0_availablev
 .text.startup._GLOBAL__sub_I___vector_18
                0x000014c4       0x5a C:\Users\movil\Documents\Atmel Studio\weightlogger\weightlogger_main\ArduinoCore\Debug\libArduinoCore.a(HardwareSerial0.o)
 .text.initVariant
                0x0000151e        0x2 C:\Users\movil\Documents\Atmel Studio\weightlogger\weightlogger_main\ArduinoCore\Debug\libArduinoCore.a(main.o)
                0x0000151e                initVariant
 .text.startup.main
                0x00001520       0x1e C:\Users\movil\Documents\Atmel Studio\weightlogger\weightlogger_main\ArduinoCore\Debug\libArduinoCore.a(main.o)
                0x00001520                main
 .text._ZN5Print5writeEPKhj
                0x0000153e       0x54 C:\Users\movil\Documents\Atmel Studio\weightlogger\weightlogger_main\ArduinoCore\Debug\libArduinoCore.a(Print.o)
                0x0000153e                _ZN5Print5writeEPKhj
 .text._ZN5Print5printEPK19__FlashStringHelper
                0x00001592       0x48 C:\Users\movil\Documents\Atmel Studio\weightlogger\weightlogger_main\ArduinoCore\Debug\libArduinoCore.a(Print.o)
                0x00001592                _ZN5Print5printEPK19__FlashStringHelper
 .text._ZN5Print5printEPKc
                0x000015da        0x4 C:\Users\movil\Documents\Atmel Studio\weightlogger\weightlogger_main\ArduinoCore\Debug\libArduinoCore.a(Print.o)
                0x000015da                _ZN5Print5printEPKc
 .text._ZN5Print5printEc
                0x000015de        0xe C:\Users\movil\Documents\Atmel Studio\weightlogger\weightlogger_main\ArduinoCore\Debug\libArduinoCore.a(Print.o)
                0x000015de                _ZN5Print5printEc
 .text._ZN5Print7printlnEv
                0x000015ec        0x8 C:\Users\movil\Documents\Atmel Studio\weightlogger\weightlogger_main\ArduinoCore\Debug\libArduinoCore.a(Print.o)
                0x000015ec                _ZN5Print7printlnEv
 .text._ZN5Print7printlnEPKc
                0x000015f4       0x24 C:\Users\movil\Documents\Atmel Studio\weightlogger\weightlogger_main\ArduinoCore\Debug\libArduinoCore.a(Print.o)
                0x000015f4                _ZN5Print7printlnEPKc
 .text._ZN5Print11printNumberEmh
                0x00001618       0x92 C:\Users\movil\Documents\Atmel Studio\weightlogger\weightlogger_main\ArduinoCore\Debug\libArduinoCore.a(Print.o)
                0x00001618                _ZN5Print11printNumberEmh
 .text._ZN5Print5printEmi
                0x000016aa       0x1a C:\Users\movil\Documents\Atmel Studio\weightlogger\weightlogger_main\ArduinoCore\Debug\libArduinoCore.a(Print.o)
                0x000016aa                _ZN5Print5printEmi
 .text._ZN5Print5printEhi
                0x000016c4        0xe C:\Users\movil\Documents\Atmel Studio\weightlogger\weightlogger_main\ArduinoCore\Debug\libArduinoCore.a(Print.o)
                0x000016c4                _ZN5Print5printEhi
 .text._ZN5Print7printlnEhi
                0x000016d2       0x24 C:\Users\movil\Documents\Atmel Studio\weightlogger\weightlogger_main\ArduinoCore\Debug\libArduinoCore.a(Print.o)
                0x000016d2                _ZN5Print7printlnEhi
 .text._ZN5Print5printEji
                0x000016f6        0xc C:\Users\movil\Documents\Atmel Studio\weightlogger\weightlogger_main\ArduinoCore\Debug\libArduinoCore.a(Print.o)
                0x000016f6                _ZN5Print5printEji
 .text._ZN5Print7printlnEmi
                0x00001702       0x24 C:\Users\movil\Documents\Atmel Studio\weightlogger\weightlogger_main\ArduinoCore\Debug\libArduinoCore.a(Print.o)
                0x00001702                _ZN5Print7printlnEmi
 .text._ZN5Print5printEli
                0x00001726       0x90 C:\Users\movil\Documents\Atmel Studio\weightlogger\weightlogger_main\ArduinoCore\Debug\libArduinoCore.a(Print.o)
                0x00001726                _ZN5Print5printEli
 .text._ZN5Print5printEii
                0x000017b6        0xe C:\Users\movil\Documents\Atmel Studio\weightlogger\weightlogger_main\ArduinoCore\Debug\libArduinoCore.a(Print.o)
                0x000017b6                _ZN5Print5printEii
 .text._ZN5Print7printlnEii
                0x000017c4       0x24 C:\Users\movil\Documents\Atmel Studio\weightlogger\weightlogger_main\ArduinoCore\Debug\libArduinoCore.a(Print.o)
                0x000017c4                _ZN5Print7printlnEii
 .text._ZN6Stream9timedReadEv
                0x000017e8       0x60 C:\Users\movil\Documents\Atmel Studio\weightlogger\weightlogger_main\ArduinoCore\Debug\libArduinoCore.a(Stream.o)
                0x000017e8                _ZN6Stream9timedReadEv
 .text._ZN6Stream14readBytesUntilEcPcj
                0x00001848       0x68 C:\Users\movil\Documents\Atmel Studio\weightlogger\weightlogger_main\ArduinoCore\Debug\libArduinoCore.a(Stream.o)
                0x00001848                _ZN6Stream14readBytesUntilEcPcj
 .text._Z4tonehjm
                0x000018b0      0x504 C:\Users\movil\Documents\Atmel Studio\weightlogger\weightlogger_main\ArduinoCore\Debug\libArduinoCore.a(Tone.o)
                0x000018b0                _Z4tonehjm
 .text._Z12disableTimerh
                0x00001db4       0x40 C:\Users\movil\Documents\Atmel Studio\weightlogger\weightlogger_main\ArduinoCore\Debug\libArduinoCore.a(Tone.o)
                0x00001db4                _Z12disableTimerh
 .text._Z6noToneh
                0x00001df4       0x2a C:\Users\movil\Documents\Atmel Studio\weightlogger\weightlogger_main\ArduinoCore\Debug\libArduinoCore.a(Tone.o)
                0x00001df4                _Z6noToneh
 .text.__vector_7
                0x00001e1e       0xb8 C:\Users\movil\Documents\Atmel Studio\weightlogger\weightlogger_main\ArduinoCore\Debug\libArduinoCore.a(Tone.o)
                0x00001e1e                __vector_7
 .text.__vector_16
                0x00001ed6       0x94 C:\Users\movil\Documents\Atmel Studio\weightlogger\weightlogger_main\ArduinoCore\Debug\libArduinoCore.a(wiring.o)
                0x00001ed6                __vector_16
 .text.millis   0x00001f6a       0x18 C:\Users\movil\Documents\Atmel Studio\weightlogger\weightlogger_main\ArduinoCore\Debug\libArduinoCore.a(wiring.o)
                0x00001f6a                millis
 .text.micros   0x00001f82       0x4a C:\Users\movil\Documents\Atmel Studio\weightlogger\weightlogger_main\ArduinoCore\Debug\libArduinoCore.a(wiring.o)
                0x00001f82                micros
 .text.delay    0x00001fcc       0x78 C:\Users\movil\Documents\Atmel Studio\weightlogger\weightlogger_main\ArduinoCore\Debug\libArduinoCore.a(wiring.o)
                0x00001fcc                delay
 .text.delayMicroseconds
                0x00002044       0x16 C:\Users\movil\Documents\Atmel Studio\weightlogger\weightlogger_main\ArduinoCore\Debug\libArduinoCore.a(wiring.o)
                0x00002044                delayMicroseconds
 .text.init     0x0000205a       0x76 C:\Users\movil\Documents\Atmel Studio\weightlogger\weightlogger_main\ArduinoCore\Debug\libArduinoCore.a(wiring.o)
                0x0000205a                init
 .text.turnOffPWM
                0x000020d0       0x52 C:\Users\movil\Documents\Atmel Studio\weightlogger\weightlogger_main\ArduinoCore\Debug\libArduinoCore.a(wiring_digital.o)
 .text.pinMode  0x00002122       0x78 C:\Users\movil\Documents\Atmel Studio\weightlogger\weightlogger_main\ArduinoCore\Debug\libArduinoCore.a(wiring_digital.o)
                0x00002122                pinMode
 .text.digitalWrite
                0x0000219a       0x5e C:\Users\movil\Documents\Atmel Studio\weightlogger\weightlogger_main\ArduinoCore\Debug\libArduinoCore.a(wiring_digital.o)
                0x0000219a                digitalWrite
 .text.digitalRead
                0x000021f8       0x52 C:\Users\movil\Documents\Atmel Studio\weightlogger\weightlogger_main\ArduinoCore\Debug\libArduinoCore.a(wiring_digital.o)
                0x000021f8                digitalRead
 .text._ZN17LiquidCrystal_I2CC2Ev
                0x0000224a       0x12 C:\Users\movil\Documents\Atmel Studio\weightlogger\weightlogger_main\ArduinoCore\Debug\libArduinoCore.a(LiquidCrystal_I2C.o)
                0x0000224a                _ZN17LiquidCrystal_I2CC2Ev
                0x0000224a                _ZN17LiquidCrystal_I2CC1Ev
 .text._ZN17LiquidCrystal_I2C13expanderWriteEh
                0x0000225c       0x2e C:\Users\movil\Documents\Atmel Studio\weightlogger\weightlogger_main\ArduinoCore\Debug\libArduinoCore.a(LiquidCrystal_I2C.o)
                0x0000225c                _ZN17LiquidCrystal_I2C13expanderWriteEh
 .text._ZN17LiquidCrystal_I2C11noBacklightEv
                0x0000228a        0xa C:\Users\movil\Documents\Atmel Studio\weightlogger\weightlogger_main\ArduinoCore\Debug\libArduinoCore.a(LiquidCrystal_I2C.o)
                0x0000228a                _ZN17LiquidCrystal_I2C11noBacklightEv
 .text._ZN17LiquidCrystal_I2C9backlightEv
                0x00002294        0xc C:\Users\movil\Documents\Atmel Studio\weightlogger\weightlogger_main\ArduinoCore\Debug\libArduinoCore.a(LiquidCrystal_I2C.o)
                0x00002294                _ZN17LiquidCrystal_I2C9backlightEv
 .text._ZN17LiquidCrystal_I2C11pulseEnableEh
                0x000022a0       0x30 C:\Users\movil\Documents\Atmel Studio\weightlogger\weightlogger_main\ArduinoCore\Debug\libArduinoCore.a(LiquidCrystal_I2C.o)
                0x000022a0                _ZN17LiquidCrystal_I2C11pulseEnableEh
 .text._ZN17LiquidCrystal_I2C10write4bitsEh
                0x000022d0       0x1c C:\Users\movil\Documents\Atmel Studio\weightlogger\weightlogger_main\ArduinoCore\Debug\libArduinoCore.a(LiquidCrystal_I2C.o)
                0x000022d0                _ZN17LiquidCrystal_I2C10write4bitsEh
 .text._ZN17LiquidCrystal_I2C4sendEhh
                0x000022ec       0x2e C:\Users\movil\Documents\Atmel Studio\weightlogger\weightlogger_main\ArduinoCore\Debug\libArduinoCore.a(LiquidCrystal_I2C.o)
                0x000022ec                _ZN17LiquidCrystal_I2C4sendEhh
 .text._ZN17LiquidCrystal_I2C7commandEh
                0x0000231a        0x6 C:\Users\movil\Documents\Atmel Studio\weightlogger\weightlogger_main\ArduinoCore\Debug\libArduinoCore.a(LiquidCrystal_I2C.o)
                0x0000231a                _ZN17LiquidCrystal_I2C7commandEh
 .text._ZN17LiquidCrystal_I2C5clearEv
                0x00002320        0xe C:\Users\movil\Documents\Atmel Studio\weightlogger\weightlogger_main\ArduinoCore\Debug\libArduinoCore.a(LiquidCrystal_I2C.o)
                0x00002320                _ZN17LiquidCrystal_I2C5clearEv
 .text._ZN17LiquidCrystal_I2C4homeEv
                0x0000232e        0xe C:\Users\movil\Documents\Atmel Studio\weightlogger\weightlogger_main\ArduinoCore\Debug\libArduinoCore.a(LiquidCrystal_I2C.o)
                0x0000232e                _ZN17LiquidCrystal_I2C4homeEv
 .text._ZN17LiquidCrystal_I2C9setCursorEhh
                0x0000233c       0x5c C:\Users\movil\Documents\Atmel Studio\weightlogger\weightlogger_main\ArduinoCore\Debug\libArduinoCore.a(LiquidCrystal_I2C.o)
                0x0000233c                _ZN17LiquidCrystal_I2C9setCursorEhh
 .text._ZN17LiquidCrystal_I2C7displayEv
                0x00002398       0x10 C:\Users\movil\Documents\Atmel Studio\weightlogger\weightlogger_main\ArduinoCore\Debug\libArduinoCore.a(LiquidCrystal_I2C.o)
                0x00002398                _ZN17LiquidCrystal_I2C7displayEv
 .text._ZN17LiquidCrystal_I2C5writeEh
                0x000023a8        0xc C:\Users\movil\Documents\Atmel Studio\weightlogger\weightlogger_main\ArduinoCore\Debug\libArduinoCore.a(LiquidCrystal_I2C.o)
                0x000023a8                _ZN17LiquidCrystal_I2C5writeEh
 .text._ZN17LiquidCrystal_I2C5beginEhhh
                0x000023b4       0xa8 C:\Users\movil\Documents\Atmel Studio\weightlogger\weightlogger_main\ArduinoCore\Debug\libArduinoCore.a(LiquidCrystal_I2C.o)
                0x000023b4                _ZN17LiquidCrystal_I2C5beginEhhh
 .text._ZN17LiquidCrystal_I2C9init_privEv
                0x0000245c       0x20 C:\Users\movil\Documents\Atmel Studio\weightlogger\weightlogger_main\ArduinoCore\Debug\libArduinoCore.a(LiquidCrystal_I2C.o)
                0x0000245c                _ZN17LiquidCrystal_I2C9init_privEv
 .text._ZN17LiquidCrystal_I2C4initEhhh
                0x0000247c        0xc C:\Users\movil\Documents\Atmel Studio\weightlogger\weightlogger_main\ArduinoCore\Debug\libArduinoCore.a(LiquidCrystal_I2C.o)
                0x0000247c                _ZN17LiquidCrystal_I2C4initEhhh
 .text._ZN7MFRC52219PICC_ReadCardSerialEv
                0x00002488       0x20 C:\Users\movil\Documents\Atmel Studio\weightlogger\weightlogger_main\ArduinoCore\Debug\libArduinoCore.a(MFRC522.o)
                0x00002488                _ZN7MFRC52219PICC_ReadCardSerialEv
 .text._ZN8SPIClass16beginTransactionE11SPISettings
                0x000024a8       0x34 C:\Users\movil\Documents\Atmel Studio\weightlogger\weightlogger_main\ArduinoCore\Debug\libArduinoCore.a(MFRC522.o)
                0x000024a8                _ZN8SPIClass16beginTransactionE11SPISettings
 .text._ZN8SPIClass8transferEh
                0x000024dc        0xe C:\Users\movil\Documents\Atmel Studio\weightlogger\weightlogger_main\ArduinoCore\Debug\libArduinoCore.a(MFRC522.o)
                0x000024dc                _ZN8SPIClass8transferEh
 .text._ZN8SPIClass14endTransactionEv
                0x000024ea       0x22 C:\Users\movil\Documents\Atmel Studio\weightlogger\weightlogger_main\ArduinoCore\Debug\libArduinoCore.a(MFRC522.o)
                0x000024ea                _ZN8SPIClass14endTransactionEv
 .text._ZN7MFRC52216PCD_ReadRegisterENS_12PCD_RegisterEhPhh.part.1.constprop.8
                0x0000250c       0xaa C:\Users\movil\Documents\Atmel Studio\weightlogger\weightlogger_main\ArduinoCore\Debug\libArduinoCore.a(MFRC522.o)
 .text._ZN7MFRC522C2Ev
                0x000025b6       0x14 C:\Users\movil\Documents\Atmel Studio\weightlogger\weightlogger_main\ArduinoCore\Debug\libArduinoCore.a(MFRC522.o)
                0x000025b6                _ZN7MFRC522C1Ev
                0x000025b6                _ZN7MFRC522C2Ev
 .text._ZN7MFRC522C2Ehh
                0x000025ca       0x10 C:\Users\movil\Documents\Atmel Studio\weightlogger\weightlogger_main\ArduinoCore\Debug\libArduinoCore.a(MFRC522.o)
                0x000025ca                _ZN7MFRC522C2Ehh
                0x000025ca                _ZN7MFRC522C1Ehh
 .text._ZN7MFRC52217PCD_WriteRegisterENS_12PCD_RegisterEh
                0x000025da       0x3e C:\Users\movil\Documents\Atmel Studio\weightlogger\weightlogger_main\ArduinoCore\Debug\libArduinoCore.a(MFRC522.o)
                0x000025da                _ZN7MFRC52217PCD_WriteRegisterENS_12PCD_RegisterEh
 .text._ZN7MFRC52217PCD_WriteRegisterENS_12PCD_RegisterEhPh
                0x00002618       0x66 C:\Users\movil\Documents\Atmel Studio\weightlogger\weightlogger_main\ArduinoCore\Debug\libArduinoCore.a(MFRC522.o)
                0x00002618                _ZN7MFRC52217PCD_WriteRegisterENS_12PCD_RegisterEhPh
 .text._ZN7MFRC52216PCD_ReadRegisterENS_12PCD_RegisterE
                0x0000267e       0x40 C:\Users\movil\Documents\Atmel Studio\weightlogger\weightlogger_main\ArduinoCore\Debug\libArduinoCore.a(MFRC522.o)
                0x0000267e                _ZN7MFRC52216PCD_ReadRegisterENS_12PCD_RegisterE
 .text._ZN7MFRC52216PCD_ReadRegisterENS_12PCD_RegisterEhPhh
                0x000026be        0xc C:\Users\movil\Documents\Atmel Studio\weightlogger\weightlogger_main\ArduinoCore\Debug\libArduinoCore.a(MFRC522.o)
                0x000026be                _ZN7MFRC52216PCD_ReadRegisterENS_12PCD_RegisterEhPhh
 .text._ZN7MFRC52222PCD_SetRegisterBitMaskENS_12PCD_RegisterEh
                0x000026ca       0x26 C:\Users\movil\Documents\Atmel Studio\weightlogger\weightlogger_main\ArduinoCore\Debug\libArduinoCore.a(MFRC522.o)
                0x000026ca                _ZN7MFRC52222PCD_SetRegisterBitMaskENS_12PCD_RegisterEh
 .text._ZN7MFRC52224PCD_ClearRegisterBitMaskENS_12PCD_RegisterEh
                0x000026f0       0x28 C:\Users\movil\Documents\Atmel Studio\weightlogger\weightlogger_main\ArduinoCore\Debug\libArduinoCore.a(MFRC522.o)
                0x000026f0                _ZN7MFRC52224PCD_ClearRegisterBitMaskENS_12PCD_RegisterEh
 .text._ZN7MFRC52216PCD_CalculateCRCEPhhS0_
                0x00002718       0x9a C:\Users\movil\Documents\Atmel Studio\weightlogger\weightlogger_main\ArduinoCore\Debug\libArduinoCore.a(MFRC522.o)
                0x00002718                _ZN7MFRC52216PCD_CalculateCRCEPhhS0_
 .text._ZN7MFRC5229PCD_ResetEv
                0x000027b2       0x36 C:\Users\movil\Documents\Atmel Studio\weightlogger\weightlogger_main\ArduinoCore\Debug\libArduinoCore.a(MFRC522.o)
                0x000027b2                _ZN7MFRC5229PCD_ResetEv
 .text._ZN7MFRC52213PCD_AntennaOnEv
                0x000027e8       0x2a C:\Users\movil\Documents\Atmel Studio\weightlogger\weightlogger_main\ArduinoCore\Debug\libArduinoCore.a(MFRC522.o)
                0x000027e8                _ZN7MFRC52213PCD_AntennaOnEv
 .text._ZN7MFRC5228PCD_InitEv
                0x00002812       0xc8 C:\Users\movil\Documents\Atmel Studio\weightlogger\weightlogger_main\ArduinoCore\Debug\libArduinoCore.a(MFRC522.o)
                0x00002812                _ZN7MFRC5228PCD_InitEv
 .text._ZN7MFRC52218PCD_GetAntennaGainEv
                0x000028da        0xa C:\Users\movil\Documents\Atmel Studio\weightlogger\weightlogger_main\ArduinoCore\Debug\libArduinoCore.a(MFRC522.o)
                0x000028da                _ZN7MFRC52218PCD_GetAntennaGainEv
 .text._ZN7MFRC52218PCD_SetAntennaGainEh
                0x000028e4       0x36 C:\Users\movil\Documents\Atmel Studio\weightlogger\weightlogger_main\ArduinoCore\Debug\libArduinoCore.a(MFRC522.o)
                0x000028e4                _ZN7MFRC52218PCD_SetAntennaGainEh
 .text._ZN7MFRC52223PCD_CommunicateWithPICCEhhPhhS0_S0_S0_hb
                0x0000291a      0x1a6 C:\Users\movil\Documents\Atmel Studio\weightlogger\weightlogger_main\ArduinoCore\Debug\libArduinoCore.a(MFRC522.o)
                0x0000291a                _ZN7MFRC52223PCD_CommunicateWithPICCEhhPhhS0_S0_S0_hb
 .text._ZN7MFRC52218PCD_TransceiveDataEPhhS0_S0_S0_hb
                0x00002ac0       0x3e C:\Users\movil\Documents\Atmel Studio\weightlogger\weightlogger_main\ArduinoCore\Debug\libArduinoCore.a(MFRC522.o)
                0x00002ac0                _ZN7MFRC52218PCD_TransceiveDataEPhhS0_S0_S0_hb
 .text._ZN7MFRC52211PICC_SelectEPNS_3UidEh
                0x00002afe      0x30a C:\Users\movil\Documents\Atmel Studio\weightlogger\weightlogger_main\ArduinoCore\Debug\libArduinoCore.a(MFRC522.o)
                0x00002afe                _ZN7MFRC52211PICC_SelectEPNS_3UidEh
 .text._ZN7MFRC52217PICC_REQA_or_WUPAEhPhS0_
                0x00002e08       0xa0 C:\Users\movil\Documents\Atmel Studio\weightlogger\weightlogger_main\ArduinoCore\Debug\libArduinoCore.a(MFRC522.o)
                0x00002e08                _ZN7MFRC52217PICC_REQA_or_WUPAEhPhS0_
 .text._ZN7MFRC52213PICC_RequestAEPhS0_
                0x00002ea8        0xa C:\Users\movil\Documents\Atmel Studio\weightlogger\weightlogger_main\ArduinoCore\Debug\libArduinoCore.a(MFRC522.o)
                0x00002ea8                _ZN7MFRC52213PICC_RequestAEPhS0_
 .text._ZN7MFRC52221PICC_IsNewCardPresentEv
                0x00002eb2       0x64 C:\Users\movil\Documents\Atmel Studio\weightlogger\weightlogger_main\ArduinoCore\Debug\libArduinoCore.a(MFRC522.o)
                0x00002eb2                _ZN7MFRC52221PICC_IsNewCardPresentEv
 .text._ZN7MFRC52210PICC_HaltAEv
                0x00002f16       0x86 C:\Users\movil\Documents\Atmel Studio\weightlogger\weightlogger_main\ArduinoCore\Debug\libArduinoCore.a(MFRC522.o)
                0x00002f16                _ZN7MFRC52210PICC_HaltAEv
 .text._ZL9date2daysjhh
                0x00002f9c       0x64 C:\Users\movil\Documents\Atmel Studio\weightlogger\weightlogger_main\ArduinoCore\Debug\libArduinoCore.a(RTClib.o)
 .text._ZL6conv2dPKc
                0x00003000       0x1a C:\Users\movil\Documents\Atmel Studio\weightlogger\weightlogger_main\ArduinoCore\Debug\libArduinoCore.a(RTClib.o)
 .text._ZN8DateTimeC2Em
                0x0000301a       0xf0 C:\Users\movil\Documents\Atmel Studio\weightlogger\weightlogger_main\ArduinoCore\Debug\libArduinoCore.a(RTClib.o)
                0x0000301a                _ZN8DateTimeC2Em
                0x0000301a                _ZN8DateTimeC1Em
 .text._ZN8DateTimeC2Ejhhhhh
                0x0000310a       0x28 C:\Users\movil\Documents\Atmel Studio\weightlogger\weightlogger_main\ArduinoCore\Debug\libArduinoCore.a(RTClib.o)
                0x0000310a                _ZN8DateTimeC2Ejhhhhh
                0x0000310a                _ZN8DateTimeC1Ejhhhhh
 .text._ZN8DateTimeC2EPK19__FlashStringHelperS2_
                0x00003132       0xf4 C:\Users\movil\Documents\Atmel Studio\weightlogger\weightlogger_main\ArduinoCore\Debug\libArduinoCore.a(RTClib.o)
                0x00003132                _ZN8DateTimeC2EPK19__FlashStringHelperS2_
                0x00003132                _ZN8DateTimeC1EPK19__FlashStringHelperS2_
 .text._ZNK8DateTime8unixtimeEv
                0x00003226       0x7c C:\Users\movil\Documents\Atmel Studio\weightlogger\weightlogger_main\ArduinoCore\Debug\libArduinoCore.a(RTClib.o)
                0x00003226                _ZNK8DateTime8unixtimeEv
 .text._ZN8DateTimemiERKS_
                0x000032a2       0x48 C:\Users\movil\Documents\Atmel Studio\weightlogger\weightlogger_main\ArduinoCore\Debug\libArduinoCore.a(RTClib.o)
                0x000032a2                _ZN8DateTimemiERKS_
 .text._ZN10RTC_DS32315beginEv
                0x000032ea        0xc C:\Users\movil\Documents\Atmel Studio\weightlogger\weightlogger_main\ArduinoCore\Debug\libArduinoCore.a(RTClib.o)
                0x000032ea                _ZN10RTC_DS32315beginEv
 .text._ZN10RTC_DS32313nowEv
                0x000032f6      0x116 C:\Users\movil\Documents\Atmel Studio\weightlogger\weightlogger_main\ArduinoCore\Debug\libArduinoCore.a(RTClib.o)
                0x000032f6                _ZN10RTC_DS32313nowEv
 .text._ZL17read_i2c_registerhh.constprop.7
                0x0000340c       0x38 C:\Users\movil\Documents\Atmel Studio\weightlogger\weightlogger_main\ArduinoCore\Debug\libArduinoCore.a(RTClib.o)
 .text._ZN10RTC_DS32316adjustERK8DateTime
                0x00003444      0x128 C:\Users\movil\Documents\Atmel Studio\weightlogger\weightlogger_main\ArduinoCore\Debug\libArduinoCore.a(RTClib.o)
                0x00003444                _ZN10RTC_DS32316adjustERK8DateTime
 .text._ZN10RTC_DS32319lostPowerEv
                0x0000356c        0xe C:\Users\movil\Documents\Atmel Studio\weightlogger\weightlogger_main\ArduinoCore\Debug\libArduinoCore.a(RTClib.o)
                0x0000356c                _ZN10RTC_DS32319lostPowerEv
 .text._ZN8SPIClass5beginEv
                0x0000357a       0x6c C:\Users\movil\Documents\Atmel Studio\weightlogger\weightlogger_main\ArduinoCore\Debug\libArduinoCore.a(SPI.o)
                0x0000357a                _ZN8SPIClass5beginEv
 .text._ZN7TwoWire9availableEv
                0x000035e6       0x10 C:\Users\movil\Documents\Atmel Studio\weightlogger\weightlogger_main\ArduinoCore\Debug\libArduinoCore.a(Wire.o)
                0x000035e6                _ZN7TwoWire9availableEv
 .text._ZN7TwoWire4readEv
                0x000035f6       0x28 C:\Users\movil\Documents\Atmel Studio\weightlogger\weightlogger_main\ArduinoCore\Debug\libArduinoCore.a(Wire.o)
                0x000035f6                _ZN7TwoWire4readEv
 .text._ZN7TwoWire4peekEv
                0x0000361e       0x1e C:\Users\movil\Documents\Atmel Studio\weightlogger\weightlogger_main\ArduinoCore\Debug\libArduinoCore.a(Wire.o)
                0x0000361e                _ZN7TwoWire4peekEv
 .text._ZN7TwoWire5flushEv
                0x0000363c        0x2 C:\Users\movil\Documents\Atmel Studio\weightlogger\weightlogger_main\ArduinoCore\Debug\libArduinoCore.a(Wire.o)
                0x0000363c                _ZN7TwoWire5flushEv
 .text._ZN7TwoWire16onReceiveServiceEPhi
                0x0000363e       0x54 C:\Users\movil\Documents\Atmel Studio\weightlogger\weightlogger_main\ArduinoCore\Debug\libArduinoCore.a(Wire.o)
                0x0000363e                _ZN7TwoWire16onReceiveServiceEPhi
 .text._ZN7TwoWire16onRequestServiceEv
                0x00003692       0x18 C:\Users\movil\Documents\Atmel Studio\weightlogger\weightlogger_main\ArduinoCore\Debug\libArduinoCore.a(Wire.o)
                0x00003692                _ZN7TwoWire16onRequestServiceEv
 .text._ZN7TwoWire5writeEPKhj
                0x000036aa       0x5a C:\Users\movil\Documents\Atmel Studio\weightlogger\weightlogger_main\ArduinoCore\Debug\libArduinoCore.a(Wire.o)
                0x000036aa                _ZN7TwoWire5writeEPKhj
 .text._ZN7TwoWire5writeEh
                0x00003704       0x5e C:\Users\movil\Documents\Atmel Studio\weightlogger\weightlogger_main\ArduinoCore\Debug\libArduinoCore.a(Wire.o)
                0x00003704                _ZN7TwoWire5writeEh
 .text._ZN7TwoWireC2Ev
                0x00003762       0x20 C:\Users\movil\Documents\Atmel Studio\weightlogger\weightlogger_main\ArduinoCore\Debug\libArduinoCore.a(Wire.o)
                0x00003762                _ZN7TwoWireC1Ev
                0x00003762                _ZN7TwoWireC2Ev
 .text._ZN7TwoWire5beginEv
                0x00003782       0x24 C:\Users\movil\Documents\Atmel Studio\weightlogger\weightlogger_main\ArduinoCore\Debug\libArduinoCore.a(Wire.o)
                0x00003782                _ZN7TwoWire5beginEv
 .text._ZN7TwoWire17beginTransmissionEh
                0x000037a6       0x14 C:\Users\movil\Documents\Atmel Studio\weightlogger\weightlogger_main\ArduinoCore\Debug\libArduinoCore.a(Wire.o)
                0x000037a6                _ZN7TwoWire17beginTransmissionEh
 .text._ZN7TwoWire17beginTransmissionEi
                0x000037ba        0x4 C:\Users\movil\Documents\Atmel Studio\weightlogger\weightlogger_main\ArduinoCore\Debug\libArduinoCore.a(Wire.o)
                0x000037ba                _ZN7TwoWire17beginTransmissionEi
 .text._ZN7TwoWire15endTransmissionEh
                0x000037be       0x26 C:\Users\movil\Documents\Atmel Studio\weightlogger\weightlogger_main\ArduinoCore\Debug\libArduinoCore.a(Wire.o)
                0x000037be                _ZN7TwoWire15endTransmissionEh
 .text._ZN7TwoWire11requestFromEhhmhh
                0x000037e4       0xa8 C:\Users\movil\Documents\Atmel Studio\weightlogger\weightlogger_main\ArduinoCore\Debug\libArduinoCore.a(Wire.o)
                0x000037e4                _ZN7TwoWire11requestFromEhhmhh
 .text._ZN7TwoWire11requestFromEhhh
                0x0000388c       0x20 C:\Users\movil\Documents\Atmel Studio\weightlogger\weightlogger_main\ArduinoCore\Debug\libArduinoCore.a(Wire.o)
                0x0000388c                _ZN7TwoWire11requestFromEhhh
 .text._ZN7TwoWire11requestFromEhh
                0x000038ac        0x6 C:\Users\movil\Documents\Atmel Studio\weightlogger\weightlogger_main\ArduinoCore\Debug\libArduinoCore.a(Wire.o)
                0x000038ac                _ZN7TwoWire11requestFromEhh
 .text._ZN7TwoWire11requestFromEii
                0x000038b2        0x6 C:\Users\movil\Documents\Atmel Studio\weightlogger\weightlogger_main\ArduinoCore\Debug\libArduinoCore.a(Wire.o)
                0x000038b2                _ZN7TwoWire11requestFromEii
 .text._ZN7TwoWire15endTransmissionEv
                0x000038b8        0x6 C:\Users\movil\Documents\Atmel Studio\weightlogger\weightlogger_main\ArduinoCore\Debug\libArduinoCore.a(Wire.o)
                0x000038b8                _ZN7TwoWire15endTransmissionEv
 .text.startup._GLOBAL__sub_I__ZN7TwoWire8rxBufferE
                0x000038be        0x8 C:\Users\movil\Documents\Atmel Studio\weightlogger\weightlogger_main\ArduinoCore\Debug\libArduinoCore.a(Wire.o)
 .text.__empty  0x000038c6        0x2 C:\Users\movil\Documents\Atmel Studio\weightlogger\weightlogger_main\ArduinoCore\Debug\libArduinoCore.a(hooks.o)
                0x000038c6                yield
 .text.twi_init
                0x000038c8       0x3c C:\Users\movil\Documents\Atmel Studio\weightlogger\weightlogger_main\ArduinoCore\Debug\libArduinoCore.a(twi.o)
                0x000038c8                twi_init
 .text.twi_readFrom
                0x00003904       0x90 C:\Users\movil\Documents\Atmel Studio\weightlogger\weightlogger_main\ArduinoCore\Debug\libArduinoCore.a(twi.o)
                0x00003904                twi_readFrom
 .text.twi_writeTo
                0x00003994       0xac C:\Users\movil\Documents\Atmel Studio\weightlogger\weightlogger_main\ArduinoCore\Debug\libArduinoCore.a(twi.o)
                0x00003994                twi_writeTo
 .text.twi_transmit
                0x00003a40       0x50 C:\Users\movil\Documents\Atmel Studio\weightlogger\weightlogger_main\ArduinoCore\Debug\libArduinoCore.a(twi.o)
                0x00003a40                twi_transmit
 .text.twi_attachSlaveRxEvent
                0x00003a90        0xa C:\Users\movil\Documents\Atmel Studio\weightlogger\weightlogger_main\ArduinoCore\Debug\libArduinoCore.a(twi.o)
                0x00003a90                twi_attachSlaveRxEvent
 .text.twi_attachSlaveTxEvent
                0x00003a9a        0xa C:\Users\movil\Documents\Atmel Studio\weightlogger\weightlogger_main\ArduinoCore\Debug\libArduinoCore.a(twi.o)
                0x00003a9a                twi_attachSlaveTxEvent
 .text.twi_stop
                0x00003aa4       0x14 C:\Users\movil\Documents\Atmel Studio\weightlogger\weightlogger_main\ArduinoCore\Debug\libArduinoCore.a(twi.o)
                0x00003aa4                twi_stop
 .text.twi_releaseBus
                0x00003ab8        0xc C:\Users\movil\Documents\Atmel Studio\weightlogger\weightlogger_main\ArduinoCore\Debug\libArduinoCore.a(twi.o)
                0x00003ab8                twi_releaseBus
 .text.__vector_24
                0x00003ac4      0x25a C:\Users\movil\Documents\Atmel Studio\weightlogger\weightlogger_main\ArduinoCore\Debug\libArduinoCore.a(twi.o)
                0x00003ac4                __vector_24
 .text.libgcc.div
                0x00003d1e       0x18 c:/program files (x86)/atmel/studio/7.0/toolchain/avr8/avr8-gnu-toolchain/bin/../lib/gcc/avr/5.4.0/avr5\libgcc.a(_udivmodqi4.o)
                0x00003d1e                __udivmodqi4
 .text.libgcc.div
                0x00003d36       0x44 c:/program files (x86)/atmel/studio/7.0/toolchain/avr8/avr8-gnu-toolchain/bin/../lib/gcc/avr/5.4.0/avr5\libgcc.a(_udivmodsi4.o)
                0x00003d36                __udivmodsi4
 .text.libgcc.div
                0x00003d7a       0x2e c:/program files (x86)/atmel/studio/7.0/toolchain/avr8/avr8-gnu-toolchain/bin/../lib/gcc/avr/5.4.0/avr5\libgcc.a(_divmodsi4.o)
                0x00003d7a                __divmodsi4
 .text.libgcc.div
                0x00003da8       0x10 c:/program files (x86)/atmel/studio/7.0/toolchain/avr8/avr8-gnu-toolchain/bin/../lib/gcc/avr/5.4.0/avr5\libgcc.a(_negsi2.o)
                0x00003da8                __negsi2
 .text.libgcc   0x00003db8        0xc c:/program files (x86)/atmel/studio/7.0/toolchain/avr8/avr8-gnu-toolchain/bin/../lib/gcc/avr/5.4.0/avr5\libgcc.a(_tablejump2.o)
                0x00003db8                __tablejump2__
 .text.libgcc.mul
                0x00003dc4       0x1e c:/program files (x86)/atmel/studio/7.0/toolchain/avr8/avr8-gnu-toolchain/bin/../lib/gcc/avr/5.4.0/avr5\libgcc.a(_umulhisi3.o)
                0x00003dc4                __umulhisi3
 .text.libgcc.mul
                0x00003de2       0x16 c:/program files (x86)/atmel/studio/7.0/toolchain/avr8/avr8-gnu-toolchain/bin/../lib/gcc/avr/5.4.0/avr5\libgcc.a(_muluhisi3.o)
                0x00003de2                __muluhisi3
 .text.avr-libc
                0x00003df8       0x3c c:/program files (x86)/atmel/studio/7.0/toolchain/avr8/avr8-gnu-toolchain/bin/../lib/gcc/avr/5.4.0/../../../../avr/lib/avr5\libc.a(atoi.o)
                0x00003df8                atoi
 .text.avr-libc
                0x00003e34       0x12 c:/program files (x86)/atmel/studio/7.0/toolchain/avr8/avr8-gnu-toolchain/bin/../lib/gcc/avr/5.4.0/../../../../avr/lib/avr5\libc.a(memcpy_P.o)
                0x00003e34                memcpy_P
 .text.avr-libc
                0x00003e46        0xa c:/program files (x86)/atmel/studio/7.0/toolchain/avr8/avr8-gnu-toolchain/bin/../lib/gcc/avr/5.4.0/../../../../avr/lib/avr5\libc.a(strtok.o)
                0x00003e46                strtok
 .text.avr-libc
                0x00003e50       0x12 c:/program files (x86)/atmel/studio/7.0/toolchain/avr8/avr8-gnu-toolchain/bin/../lib/gcc/avr/5.4.0/../../../../avr/lib/avr5\libc.a(memcpy.o)
                0x00003e50                memcpy
 .text.avr-libc
                0x00003e62        0xe c:/program files (x86)/atmel/studio/7.0/toolchain/avr8/avr8-gnu-toolchain/bin/../lib/gcc/avr/5.4.0/../../../../avr/lib/avr5\libc.a(memset.o)
                0x00003e62                memset
 .text.avr-libc
                0x00003e70       0x16 c:/program files (x86)/atmel/studio/7.0/toolchain/avr8/avr8-gnu-toolchain/bin/../lib/gcc/avr/5.4.0/../../../../avr/lib/avr5\libc.a(strcat.o)
                0x00003e70                strcat
 .text.avr-libc
                0x00003e86       0x4e c:/program files (x86)/atmel/studio/7.0/toolchain/avr8/avr8-gnu-toolchain/bin/../lib/gcc/avr/5.4.0/../../../../avr/lib/avr5\libc.a(strtok_r.o)
                0x00003e86                strtok_r
 .text.avr-libc
                0x00003ed4       0x10 c:/program files (x86)/atmel/studio/7.0/toolchain/avr8/avr8-gnu-toolchain/bin/../lib/gcc/avr/5.4.0/../../../../avr/lib/avr5\libc.a(mul10.o)
                0x00003ed4                __mulhi_const_10
 .text.avr-libc
                0x00003ee4       0x44 c:/program files (x86)/atmel/studio/7.0/toolchain/avr8/avr8-gnu-toolchain/bin/../lib/gcc/avr/5.4.0/../../../../avr/lib/avr5\libc.a(sprintf.o)
                0x00003ee4                sprintf
 .text.avr-libc
                0x00003f28      0x3c2 c:/program files (x86)/atmel/studio/7.0/toolchain/avr8/avr8-gnu-toolchain/bin/../lib/gcc/avr/5.4.0/../../../../avr/lib/avr5\libc.a(vfprintf_std.o)
                0x00003f28                vfprintf
 .text.avr-libc
                0x000042ea       0x16 c:/program files (x86)/atmel/studio/7.0/toolchain/avr8/avr8-gnu-toolchain/bin/../lib/gcc/avr/5.4.0/../../../../avr/lib/avr5\libc.a(strnlen_P.o)
                0x000042ea                strnlen_P
 .text.avr-libc
                0x00004300       0x16 c:/program files (x86)/atmel/studio/7.0/toolchain/avr8/avr8-gnu-toolchain/bin/../lib/gcc/avr/5.4.0/../../../../avr/lib/avr5\libc.a(strnlen.o)
                0x00004300                strnlen
 .text.avr-libc
                0x00004316       0x78 c:/program files (x86)/atmel/studio/7.0/toolchain/avr8/avr8-gnu-toolchain/bin/../lib/gcc/avr/5.4.0/../../../../avr/lib/avr5\libc.a(fputc.o)
                0x00004316                fputc
 .text.avr-libc
                0x0000438e       0xbc c:/program files (x86)/atmel/studio/7.0/toolchain/avr8/avr8-gnu-toolchain/bin/../lib/gcc/avr/5.4.0/../../../../avr/lib/avr5\libc.a(ultoa_invert.o)
                0x0000438e                __ultoa_invert
 .text.avr-libc
                0x0000444a       0x10 C:/Program Files (x86)/Atmel/Studio/7.0/Packs/Atmel/ATmega_DFP/1.3.300/gcc/dev/atmega328p/avr5\libatmega328p.a(eerd_byte.o)
                0x0000444a                eeprom_read_byte
 .text.avr-libc
                0x0000445a       0x1c C:/Program Files (x86)/Atmel/Studio/7.0/Packs/Atmel/ATmega_DFP/1.3.300/gcc/dev/atmega328p/avr5\libatmega328p.a(eewr_byte.o)
                0x0000445a                eeprom_write_byte
                0x0000445c                eeprom_write_r18
 .text.libgcc.prologue
                0x00004476       0x38 c:/program files (x86)/atmel/studio/7.0/toolchain/avr8/avr8-gnu-toolchain/bin/../lib/gcc/avr/5.4.0/avr5\libgcc.a(_prologue.o)
                0x00004476                __prologue_saves__
 .text.libgcc.prologue
                0x000044ae       0x36 c:/program files (x86)/atmel/studio/7.0/toolchain/avr8/avr8-gnu-toolchain/bin/../lib/gcc/avr/5.4.0/avr5\libgcc.a(_epilogue.o)
                0x000044ae                __epilogue_restores__
                0x000044e4                . = ALIGN (0x2)
 *(.fini9)
 .fini9         0x000044e4        0x0 c:/program files (x86)/atmel/studio/7.0/toolchain/avr8/avr8-gnu-toolchain/bin/../lib/gcc/avr/5.4.0/avr5\libgcc.a(_exit.o)
                0x000044e4                _exit
                0x000044e4                exit
 *(.fini9)
 *(.fini8)
 *(.fini8)
 *(.fini7)
 *(.fini7)
 *(.fini6)
 *(.fini6)
 *(.fini5)
 *(.fini5)
 *(.fini4)
 *(.fini4)
 *(.fini3)
 *(.fini3)
 *(.fini2)
 *(.fini2)
 *(.fini1)
 *(.fini1)
 *(.fini0)
 .fini0         0x000044e4        0x4 c:/program files (x86)/atmel/studio/7.0/toolchain/avr8/avr8-gnu-toolchain/bin/../lib/gcc/avr/5.4.0/avr5\libgcc.a(_exit.o)
 *(.fini0)
                0x000044e8                _etext = .

.data           0x00800100      0x192 load address 0x000044e8
                0x00800100                PROVIDE (__data_start, .)
 *(.data)
 *(.data*)
 .data._ZL9tone_pins
                0x00800100        0x1 C:\Users\movil\Documents\Atmel Studio\weightlogger\weightlogger_main\ArduinoCore\Debug\libArduinoCore.a(Tone.o)
 *(.gnu.linkonce.d*)
 *(.rodata)
 .rodata        0x00800101        0x8 C:\Users\movil\Documents\Atmel Studio\weightlogger\weightlogger_main\ArduinoCore\Debug\libArduinoCore.a(LiquidCrystal_I2C.o)
 *(.rodata*)
 .rodata.str1.1
                0x00800109        0x4 card_manager.o
 .rodata.str1.1
                0x0080010d       0x46 elcan_lcd.o
 .rodata.str1.1
                0x00800153       0x13 elcan_wifi.o
 .rodata.str1.1
                0x00800166       0x13 rfid.o
                                  0x6 (size before relaxing)
 .rodata.str1.1
                0x00800166       0x17 rtc.o
                                 0x1b (size before relaxing)
 .rodata.str1.1
                0x0080017d       0xce main_sketch.o
                                 0xd2 (size before relaxing)
 .rodata._ZTV14HardwareSerial
                0x0080024b       0x12 C:\Users\movil\Documents\Atmel Studio\weightlogger\weightlogger_main\ArduinoCore\Debug\libArduinoCore.a(HardwareSerial.o)
                0x0080024b                _ZTV14HardwareSerial
 .rodata.str1.1
                0x0080025d        0xc C:\Users\movil\Documents\Atmel Studio\weightlogger\weightlogger_main\ArduinoCore\Debug\libArduinoCore.a(Print.o)
                                  0xf (size before relaxing)
 .rodata._ZTV17LiquidCrystal_I2C
                0x00800269        0xc C:\Users\movil\Documents\Atmel Studio\weightlogger\weightlogger_main\ArduinoCore\Debug\libArduinoCore.a(LiquidCrystal_I2C.o)
                0x00800269                _ZTV17LiquidCrystal_I2C
 .rodata._ZTV7MFRC522
                0x00800275        0xa C:\Users\movil\Documents\Atmel Studio\weightlogger\weightlogger_main\ArduinoCore\Debug\libArduinoCore.a(MFRC522.o)
                0x00800275                _ZTV7MFRC522
 .rodata._ZTV7TwoWire
                0x0080027f       0x12 C:\Users\movil\Documents\Atmel Studio\weightlogger\weightlogger_main\ArduinoCore\Debug\libArduinoCore.a(Wire.o)
                0x0080027f                _ZTV7TwoWire
 *(.gnu.linkonce.r*)
                0x00800292                . = ALIGN (0x2)
 *fill*         0x00800291        0x1 
                0x00800292                _edata = .
                0x00800292                PROVIDE (__data_end, .)

.bss            0x00800292      0x1c1
                0x00800292                PROVIDE (__bss_start, .)
 *(.bss)
 .bss           0x00800292        0x2 c:/program files (x86)/atmel/studio/7.0/toolchain/avr8/avr8-gnu-toolchain/bin/../lib/gcc/avr/5.4.0/../../../../avr/lib/avr5\libc.a(strtok.o)
 *(.bss*)
 .bss.rfid      0x00800294       0x14 main_sketch.o
                0x00800294                rfid
 .bss.rtc       0x008002a8        0x1 main_sketch.o
                0x008002a8                rtc
 .bss.wifi      0x008002a9        0x2 main_sketch.o
                0x008002a9                wifi
 .bss.ElcanLcd  0x008002ab       0x10 main_sketch.o
                0x008002ab                ElcanLcd
 .bss.lastPoll  0x008002bb        0x4 main_sketch.o
                0x008002bb                lastPoll
 .bss.backlightStart
                0x008002bf        0x4 main_sketch.o
                0x008002bf                backlightStart
 .bss.timerStarted
                0x008002c3        0x6 main_sketch.o
                0x008002c3                timerStarted
 .bss.enteringTime
                0x008002c9        0x6 main_sketch.o
                0x008002c9                enteringTime
 .bss.sys_state
                0x008002cf        0x1 main_sketch.o
                0x008002cf                sys_state
 .bss.Serial    0x008002d0       0x9d C:\Users\movil\Documents\Atmel Studio\weightlogger\weightlogger_main\ArduinoCore\Debug\libArduinoCore.a(HardwareSerial0.o)
                0x008002d0                Serial
 .bss.timer2_pin_mask
                0x0080036d        0x1 C:\Users\movil\Documents\Atmel Studio\weightlogger\weightlogger_main\ArduinoCore\Debug\libArduinoCore.a(Tone.o)
                0x0080036d                timer2_pin_mask
 .bss.timer2_pin_port
                0x0080036e        0x2 C:\Users\movil\Documents\Atmel Studio\weightlogger\weightlogger_main\ArduinoCore\Debug\libArduinoCore.a(Tone.o)
                0x0080036e                timer2_pin_port
 .bss.timer2_toggle_count
                0x00800370        0x4 C:\Users\movil\Documents\Atmel Studio\weightlogger\weightlogger_main\ArduinoCore\Debug\libArduinoCore.a(Tone.o)
                0x00800370                timer2_toggle_count
 .bss.timer1_pin_mask
                0x00800374        0x1 C:\Users\movil\Documents\Atmel Studio\weightlogger\weightlogger_main\ArduinoCore\Debug\libArduinoCore.a(Tone.o)
                0x00800374                timer1_pin_mask
 .bss.timer1_pin_port
                0x00800375        0x2 C:\Users\movil\Documents\Atmel Studio\weightlogger\weightlogger_main\ArduinoCore\Debug\libArduinoCore.a(Tone.o)
                0x00800375                timer1_pin_port
 .bss.timer1_toggle_count
                0x00800377        0x4 C:\Users\movil\Documents\Atmel Studio\weightlogger\weightlogger_main\ArduinoCore\Debug\libArduinoCore.a(Tone.o)
                0x00800377                timer1_toggle_count
 .bss.timer0_pin_mask
                0x0080037b        0x1 C:\Users\movil\Documents\Atmel Studio\weightlogger\weightlogger_main\ArduinoCore\Debug\libArduinoCore.a(Tone.o)
                0x0080037b                timer0_pin_mask
 .bss.timer0_pin_port
                0x0080037c        0x2 C:\Users\movil\Documents\Atmel Studio\weightlogger\weightlogger_main\ArduinoCore\Debug\libArduinoCore.a(Tone.o)
                0x0080037c                timer0_pin_port
 .bss.timer0_toggle_count
                0x0080037e        0x4 C:\Users\movil\Documents\Atmel Studio\weightlogger\weightlogger_main\ArduinoCore\Debug\libArduinoCore.a(Tone.o)
                0x0080037e                timer0_toggle_count
 .bss.timer0_fract
                0x00800382        0x1 C:\Users\movil\Documents\Atmel Studio\weightlogger\weightlogger_main\ArduinoCore\Debug\libArduinoCore.a(wiring.o)
 .bss.timer0_millis
                0x00800383        0x4 C:\Users\movil\Documents\Atmel Studio\weightlogger\weightlogger_main\ArduinoCore\Debug\libArduinoCore.a(wiring.o)
                0x00800383                timer0_millis
 .bss.timer0_overflow_count
                0x00800387        0x4 C:\Users\movil\Documents\Atmel Studio\weightlogger\weightlogger_main\ArduinoCore\Debug\libArduinoCore.a(wiring.o)
                0x00800387                timer0_overflow_count
 .bss._ZN8SPIClass13interruptSaveE
                0x0080038b        0x1 C:\Users\movil\Documents\Atmel Studio\weightlogger\weightlogger_main\ArduinoCore\Debug\libArduinoCore.a(SPI.o)
                0x0080038b                _ZN8SPIClass13interruptSaveE
 .bss._ZN8SPIClass13interruptMaskE
                0x0080038c        0x1 C:\Users\movil\Documents\Atmel Studio\weightlogger\weightlogger_main\ArduinoCore\Debug\libArduinoCore.a(SPI.o)
                0x0080038c                _ZN8SPIClass13interruptMaskE
 .bss._ZN8SPIClass13interruptModeE
                0x0080038d        0x1 C:\Users\movil\Documents\Atmel Studio\weightlogger\weightlogger_main\ArduinoCore\Debug\libArduinoCore.a(SPI.o)
                0x0080038d                _ZN8SPIClass13interruptModeE
 .bss._ZN8SPIClass11initializedE
                0x0080038e        0x1 C:\Users\movil\Documents\Atmel Studio\weightlogger\weightlogger_main\ArduinoCore\Debug\libArduinoCore.a(SPI.o)
                0x0080038e                _ZN8SPIClass11initializedE
 .bss.Wire      0x0080038f        0xc C:\Users\movil\Documents\Atmel Studio\weightlogger\weightlogger_main\ArduinoCore\Debug\libArduinoCore.a(Wire.o)
                0x0080038f                Wire
 .bss._ZN7TwoWire14user_onReceiveE
                0x0080039b        0x2 C:\Users\movil\Documents\Atmel Studio\weightlogger\weightlogger_main\ArduinoCore\Debug\libArduinoCore.a(Wire.o)
                0x0080039b                _ZN7TwoWire14user_onReceiveE
 .bss._ZN7TwoWire14user_onRequestE
                0x0080039d        0x2 C:\Users\movil\Documents\Atmel Studio\weightlogger\weightlogger_main\ArduinoCore\Debug\libArduinoCore.a(Wire.o)
                0x0080039d                _ZN7TwoWire14user_onRequestE
 .bss._ZN7TwoWire12transmittingE
                0x0080039f        0x1 C:\Users\movil\Documents\Atmel Studio\weightlogger\weightlogger_main\ArduinoCore\Debug\libArduinoCore.a(Wire.o)
                0x0080039f                _ZN7TwoWire12transmittingE
 .bss._ZN7TwoWire14txBufferLengthE
                0x008003a0        0x1 C:\Users\movil\Documents\Atmel Studio\weightlogger\weightlogger_main\ArduinoCore\Debug\libArduinoCore.a(Wire.o)
                0x008003a0                _ZN7TwoWire14txBufferLengthE
 .bss._ZN7TwoWire13txBufferIndexE
                0x008003a1        0x1 C:\Users\movil\Documents\Atmel Studio\weightlogger\weightlogger_main\ArduinoCore\Debug\libArduinoCore.a(Wire.o)
                0x008003a1                _ZN7TwoWire13txBufferIndexE
 .bss._ZN7TwoWire8txBufferE
                0x008003a2       0x20 C:\Users\movil\Documents\Atmel Studio\weightlogger\weightlogger_main\ArduinoCore\Debug\libArduinoCore.a(Wire.o)
                0x008003a2                _ZN7TwoWire8txBufferE
 .bss._ZN7TwoWire9txAddressE
                0x008003c2        0x1 C:\Users\movil\Documents\Atmel Studio\weightlogger\weightlogger_main\ArduinoCore\Debug\libArduinoCore.a(Wire.o)
                0x008003c2                _ZN7TwoWire9txAddressE
 .bss._ZN7TwoWire14rxBufferLengthE
                0x008003c3        0x1 C:\Users\movil\Documents\Atmel Studio\weightlogger\weightlogger_main\ArduinoCore\Debug\libArduinoCore.a(Wire.o)
                0x008003c3                _ZN7TwoWire14rxBufferLengthE
 .bss._ZN7TwoWire13rxBufferIndexE
                0x008003c4        0x1 C:\Users\movil\Documents\Atmel Studio\weightlogger\weightlogger_main\ArduinoCore\Debug\libArduinoCore.a(Wire.o)
                0x008003c4                _ZN7TwoWire13rxBufferIndexE
 .bss._ZN7TwoWire8rxBufferE
                0x008003c5       0x20 C:\Users\movil\Documents\Atmel Studio\weightlogger\weightlogger_main\ArduinoCore\Debug\libArduinoCore.a(Wire.o)
                0x008003c5                _ZN7TwoWire8rxBufferE
 .bss.twi_error
                0x008003e5        0x1 C:\Users\movil\Documents\Atmel Studio\weightlogger\weightlogger_main\ArduinoCore\Debug\libArduinoCore.a(twi.o)
 .bss.twi_rxBufferIndex
                0x008003e6        0x1 C:\Users\movil\Documents\Atmel Studio\weightlogger\weightlogger_main\ArduinoCore\Debug\libArduinoCore.a(twi.o)
 .bss.twi_rxBuffer
                0x008003e7       0x20 C:\Users\movil\Documents\Atmel Studio\weightlogger\weightlogger_main\ArduinoCore\Debug\libArduinoCore.a(twi.o)
 .bss.twi_txBufferLength
                0x00800407        0x1 C:\Users\movil\Documents\Atmel Studio\weightlogger\weightlogger_main\ArduinoCore\Debug\libArduinoCore.a(twi.o)
 .bss.twi_txBufferIndex
                0x00800408        0x1 C:\Users\movil\Documents\Atmel Studio\weightlogger\weightlogger_main\ArduinoCore\Debug\libArduinoCore.a(twi.o)
 .bss.twi_txBuffer
                0x00800409       0x20 C:\Users\movil\Documents\Atmel Studio\weightlogger\weightlogger_main\ArduinoCore\Debug\libArduinoCore.a(twi.o)
 .bss.twi_masterBufferLength
                0x00800429        0x1 C:\Users\movil\Documents\Atmel Studio\weightlogger\weightlogger_main\ArduinoCore\Debug\libArduinoCore.a(twi.o)
 .bss.twi_masterBufferIndex
                0x0080042a        0x1 C:\Users\movil\Documents\Atmel Studio\weightlogger\weightlogger_main\ArduinoCore\Debug\libArduinoCore.a(twi.o)
 .bss.twi_masterBuffer
                0x0080042b       0x20 C:\Users\movil\Documents\Atmel Studio\weightlogger\weightlogger_main\ArduinoCore\Debug\libArduinoCore.a(twi.o)
 .bss.twi_onSlaveReceive
                0x0080044b        0x2 C:\Users\movil\Documents\Atmel Studio\weightlogger\weightlogger_main\ArduinoCore\Debug\libArduinoCore.a(twi.o)
 .bss.twi_onSlaveTransmit
                0x0080044d        0x2 C:\Users\movil\Documents\Atmel Studio\weightlogger\weightlogger_main\ArduinoCore\Debug\libArduinoCore.a(twi.o)
 .bss.twi_inRepStart
                0x0080044f        0x1 C:\Users\movil\Documents\Atmel Studio\weightlogger\weightlogger_main\ArduinoCore\Debug\libArduinoCore.a(twi.o)
 .bss.twi_sendStop
                0x00800450        0x1 C:\Users\movil\Documents\Atmel Studio\weightlogger\weightlogger_main\ArduinoCore\Debug\libArduinoCore.a(twi.o)
 .bss.twi_slarw
                0x00800451        0x1 C:\Users\movil\Documents\Atmel Studio\weightlogger\weightlogger_main\ArduinoCore\Debug\libArduinoCore.a(twi.o)
 .bss.twi_state
                0x00800452        0x1 C:\Users\movil\Documents\Atmel Studio\weightlogger\weightlogger_main\ArduinoCore\Debug\libArduinoCore.a(twi.o)
 *(COMMON)
                0x00800453                PROVIDE (__bss_end, .)
                0x000044e8                __data_load_start = LOADADDR (.data)
                0x0000467a                __data_load_end = (__data_load_start + SIZEOF (.data))

.noinit         0x00800453        0x0
                [!provide]                PROVIDE (__noinit_start, .)
 *(.noinit*)
                [!provide]                PROVIDE (__noinit_end, .)
                0x00800453                _end = .
                0x00800453                PROVIDE (__heap_start, .)

.eeprom         0x00810000        0x0
 *(.eeprom*)
                0x00810000                __eeprom_end = .

.fuse
 *(.fuse)
 *(.lfuse)
 *(.hfuse)
 *(.efuse)

.lock
 *(.lock*)

.signature
 *(.signature*)

.user_signatures
 *(.user_signatures*)

.stab
 *(.stab)

.stabstr
 *(.stabstr)

.stab.excl
 *(.stab.excl)

.stab.exclstr
 *(.stab.exclstr)

.stab.index
 *(.stab.index)

.stab.indexstr
 *(.stab.indexstr)

.comment        0x00000000       0x5c
 *(.comment)
 .comment       0x00000000       0x30 card_manager.o
                                 0x31 (size before relaxing)
 .comment       0x00000030       0x31 converters.o
 .comment       0x00000030       0x31 elcan_lcd.o
 .comment       0x00000030       0x31 elcan_wifi.o
 .comment       0x00000030       0x31 rfid.o
 .comment       0x00000030       0x31 rtc.o
 .comment       0x00000030       0x31 main_sketch.o
 .comment       0x00000030       0x31 substring.o
 .comment       0x00000030       0x31 C:\Users\movil\Documents\Atmel Studio\weightlogger\weightlogger_main\ArduinoCore\Debug\libArduinoCore.a(HardwareSerial.o)
 .comment       0x00000030       0x31 C:\Users\movil\Documents\Atmel Studio\weightlogger\weightlogger_main\ArduinoCore\Debug\libArduinoCore.a(HardwareSerial0.o)
 .comment       0x00000030       0x31 C:\Users\movil\Documents\Atmel Studio\weightlogger\weightlogger_main\ArduinoCore\Debug\libArduinoCore.a(main.o)
 .comment       0x00000030       0x31 C:\Users\movil\Documents\Atmel Studio\weightlogger\weightlogger_main\ArduinoCore\Debug\libArduinoCore.a(Print.o)
 .comment       0x00000030       0x31 C:\Users\movil\Documents\Atmel Studio\weightlogger\weightlogger_main\ArduinoCore\Debug\libArduinoCore.a(Stream.o)
 .comment       0x00000030       0x31 C:\Users\movil\Documents\Atmel Studio\weightlogger\weightlogger_main\ArduinoCore\Debug\libArduinoCore.a(Tone.o)
 .comment       0x00000030       0x31 C:\Users\movil\Documents\Atmel Studio\weightlogger\weightlogger_main\ArduinoCore\Debug\libArduinoCore.a(wiring.o)
 .comment       0x00000030       0x31 C:\Users\movil\Documents\Atmel Studio\weightlogger\weightlogger_main\ArduinoCore\Debug\libArduinoCore.a(wiring_digital.o)
 .comment       0x00000030       0x31 C:\Users\movil\Documents\Atmel Studio\weightlogger\weightlogger_main\ArduinoCore\Debug\libArduinoCore.a(LiquidCrystal_I2C.o)
 .comment       0x00000030       0x31 C:\Users\movil\Documents\Atmel Studio\weightlogger\weightlogger_main\ArduinoCore\Debug\libArduinoCore.a(MFRC522.o)
 .comment       0x00000030       0x31 C:\Users\movil\Documents\Atmel Studio\weightlogger\weightlogger_main\ArduinoCore\Debug\libArduinoCore.a(RTClib.o)
 .comment       0x00000030       0x31 C:\Users\movil\Documents\Atmel Studio\weightlogger\weightlogger_main\ArduinoCore\Debug\libArduinoCore.a(SPI.o)
 .comment       0x00000030       0x31 C:\Users\movil\Documents\Atmel Studio\weightlogger\weightlogger_main\ArduinoCore\Debug\libArduinoCore.a(Wire.o)
 .comment       0x00000030       0x31 C:\Users\movil\Documents\Atmel Studio\weightlogger\weightlogger_main\ArduinoCore\Debug\libArduinoCore.a(hooks.o)
 .comment       0x00000030       0x31 C:\Users\movil\Documents\Atmel Studio\weightlogger\weightlogger_main\ArduinoCore\Debug\libArduinoCore.a(twi.o)
 .comment       0x00000030       0x31 c:/program files (x86)/atmel/studio/7.0/toolchain/avr8/avr8-gnu-toolchain/bin/../lib/gcc/avr/5.4.0/../../../../avr/lib/avr5\libc.a(strtok.o)
 .comment       0x00000030       0x31 c:/program files (x86)/atmel/studio/7.0/toolchain/avr8/avr8-gnu-toolchain/bin/../lib/gcc/avr/5.4.0/../../../../avr/lib/avr5\libc.a(sprintf.o)
 .comment       0x00000030       0x2c c:/program files (x86)/atmel/studio/7.0/toolchain/avr8/avr8-gnu-toolchain/bin/../lib/gcc/avr/5.4.0/../../../../avr/lib/avr5\libc.a(vfprintf_std.o)
                                 0x2d (size before relaxing)
 .comment       0x0000005c       0x31 c:/program files (x86)/atmel/studio/7.0/toolchain/avr8/avr8-gnu-toolchain/bin/../lib/gcc/avr/5.4.0/../../../../avr/lib/avr5\libc.a(fputc.o)

.note.gnu.avr.deviceinfo
                0x00000000       0x40
 .note.gnu.avr.deviceinfo
                0x00000000       0x40 C:/Program Files (x86)/Atmel/Studio/7.0/Packs/Atmel/ATmega_DFP/1.3.300/gcc/dev/atmega328p/avr5/crtatmega328p.o

.note.gnu.build-id
 *(.note.gnu.build-id)

.debug
 *(.debug)

.line
 *(.line)

.debug_srcinfo
 *(.debug_srcinfo)

.debug_sfnames
 *(.debug_sfnames)

.debug_aranges  0x00000000      0xc40
 *(.debug_aranges)
 .debug_aranges
                0x00000000       0x38 card_manager.o
 .debug_aranges
                0x00000038       0x20 converters.o
 .debug_aranges
                0x00000058       0x58 elcan_lcd.o
 .debug_aranges
                0x000000b0       0x70 elcan_wifi.o
 .debug_aranges
                0x00000120       0x30 rfid.o
 .debug_aranges
                0x00000150       0x40 rtc.o
 .debug_aranges
                0x00000190       0x78 main_sketch.o
 .debug_aranges
                0x00000208       0x20 substring.o
 .debug_aranges
                0x00000228       0x68 C:\Users\movil\Documents\Atmel Studio\weightlogger\weightlogger_main\ArduinoCore\Debug\libArduinoCore.a(HardwareSerial.o)
 .debug_aranges
                0x00000290       0x48 C:\Users\movil\Documents\Atmel Studio\weightlogger\weightlogger_main\ArduinoCore\Debug\libArduinoCore.a(HardwareSerial0.o)
 .debug_aranges
                0x000002d8       0x30 C:\Users\movil\Documents\Atmel Studio\weightlogger\weightlogger_main\ArduinoCore\Debug\libArduinoCore.a(main.o)
 .debug_aranges
                0x00000308      0x100 C:\Users\movil\Documents\Atmel Studio\weightlogger\weightlogger_main\ArduinoCore\Debug\libArduinoCore.a(Print.o)
 .debug_aranges
                0x00000408       0x98 C:\Users\movil\Documents\Atmel Studio\weightlogger\weightlogger_main\ArduinoCore\Debug\libArduinoCore.a(Stream.o)
 .debug_aranges
                0x000004a0       0x38 C:\Users\movil\Documents\Atmel Studio\weightlogger\weightlogger_main\ArduinoCore\Debug\libArduinoCore.a(Tone.o)
 .debug_aranges
                0x000004d8       0x48 C:\Users\movil\Documents\Atmel Studio\weightlogger\weightlogger_main\ArduinoCore\Debug\libArduinoCore.a(wiring.o)
 .debug_aranges
                0x00000520       0x38 C:\Users\movil\Documents\Atmel Studio\weightlogger\weightlogger_main\ArduinoCore\Debug\libArduinoCore.a(wiring_digital.o)
 .debug_aranges
                0x00000558      0x170 C:\Users\movil\Documents\Atmel Studio\weightlogger\weightlogger_main\ArduinoCore\Debug\libArduinoCore.a(LiquidCrystal_I2C.o)
 .debug_aranges
                0x000006c8      0x208 C:\Users\movil\Documents\Atmel Studio\weightlogger\weightlogger_main\ArduinoCore\Debug\libArduinoCore.a(MFRC522.o)
 .debug_aranges
                0x000008d0      0x160 C:\Users\movil\Documents\Atmel Studio\weightlogger\weightlogger_main\ArduinoCore\Debug\libArduinoCore.a(RTClib.o)
 .debug_aranges
                0x00000a30       0x38 C:\Users\movil\Documents\Atmel Studio\weightlogger\weightlogger_main\ArduinoCore\Debug\libArduinoCore.a(SPI.o)
 .debug_aranges
                0x00000a68       0xf8 C:\Users\movil\Documents\Atmel Studio\weightlogger\weightlogger_main\ArduinoCore\Debug\libArduinoCore.a(Wire.o)
 .debug_aranges
                0x00000b60       0x20 C:\Users\movil\Documents\Atmel Studio\weightlogger\weightlogger_main\ArduinoCore\Debug\libArduinoCore.a(hooks.o)
 .debug_aranges
                0x00000b80       0x80 C:\Users\movil\Documents\Atmel Studio\weightlogger\weightlogger_main\ArduinoCore\Debug\libArduinoCore.a(twi.o)
 .debug_aranges
                0x00000c00       0x20 C:/Program Files (x86)/Atmel/Studio/7.0/Packs/Atmel/ATmega_DFP/1.3.300/gcc/dev/atmega328p/avr5\libatmega328p.a(eerd_byte.o)
 .debug_aranges
                0x00000c20       0x20 C:/Program Files (x86)/Atmel/Studio/7.0/Packs/Atmel/ATmega_DFP/1.3.300/gcc/dev/atmega328p/avr5\libatmega328p.a(eewr_byte.o)

.debug_pubnames
 *(.debug_pubnames)

.debug_info     0x00000000    0x1f3ac
 *(.debug_info .gnu.linkonce.wi.*)
 .debug_info    0x00000000      0x5f4 C:/Program Files (x86)/Atmel/Studio/7.0/Packs/Atmel/ATmega_DFP/1.3.300/gcc/dev/atmega328p/avr5/crtatmega328p.o
 .debug_info    0x000005f4      0xd06 card_manager.o
 .debug_info    0x000012fa       0xc8 converters.o
 .debug_info    0x000013c2      0xbe9 elcan_lcd.o
 .debug_info    0x00001fab     0x1ff2 elcan_wifi.o
 .debug_info    0x00003f9d      0x774 rfid.o
 .debug_info    0x00004711     0x254e rtc.o
 .debug_info    0x00006c5f     0x24ed main_sketch.o
 .debug_info    0x0000914c       0xa7 substring.o
 .debug_info    0x000091f3     0x1f64 C:\Users\movil\Documents\Atmel Studio\weightlogger\weightlogger_main\ArduinoCore\Debug\libArduinoCore.a(HardwareSerial.o)
 .debug_info    0x0000b157     0x1b16 C:\Users\movil\Documents\Atmel Studio\weightlogger\weightlogger_main\ArduinoCore\Debug\libArduinoCore.a(HardwareSerial0.o)
 .debug_info    0x0000cc6d      0x237 C:\Users\movil\Documents\Atmel Studio\weightlogger\weightlogger_main\ArduinoCore\Debug\libArduinoCore.a(main.o)
 .debug_info    0x0000cea4     0x28ff C:\Users\movil\Documents\Atmel Studio\weightlogger\weightlogger_main\ArduinoCore\Debug\libArduinoCore.a(Print.o)
 .debug_info    0x0000f7a3     0x215e C:\Users\movil\Documents\Atmel Studio\weightlogger\weightlogger_main\ArduinoCore\Debug\libArduinoCore.a(Stream.o)
 .debug_info    0x00011901      0x7ab C:\Users\movil\Documents\Atmel Studio\weightlogger\weightlogger_main\ArduinoCore\Debug\libArduinoCore.a(Tone.o)
 .debug_info    0x000120ac      0x2cb C:\Users\movil\Documents\Atmel Studio\weightlogger\weightlogger_main\ArduinoCore\Debug\libArduinoCore.a(wiring.o)
 .debug_info    0x00012377      0x5fe C:\Users\movil\Documents\Atmel Studio\weightlogger\weightlogger_main\ArduinoCore\Debug\libArduinoCore.a(wiring_digital.o)
 .debug_info    0x00012975     0x19c8 C:\Users\movil\Documents\Atmel Studio\weightlogger\weightlogger_main\ArduinoCore\Debug\libArduinoCore.a(LiquidCrystal_I2C.o)
 .debug_info    0x0001433d     0x5533 C:\Users\movil\Documents\Atmel Studio\weightlogger\weightlogger_main\ArduinoCore\Debug\libArduinoCore.a(MFRC522.o)
 .debug_info    0x00019870     0x25ab C:\Users\movil\Documents\Atmel Studio\weightlogger\weightlogger_main\ArduinoCore\Debug\libArduinoCore.a(RTClib.o)
 .debug_info    0x0001be1b      0x66b C:\Users\movil\Documents\Atmel Studio\weightlogger\weightlogger_main\ArduinoCore\Debug\libArduinoCore.a(SPI.o)
 .debug_info    0x0001c486     0x27b0 C:\Users\movil\Documents\Atmel Studio\weightlogger\weightlogger_main\ArduinoCore\Debug\libArduinoCore.a(Wire.o)
 .debug_info    0x0001ec36       0x3e C:\Users\movil\Documents\Atmel Studio\weightlogger\weightlogger_main\ArduinoCore\Debug\libArduinoCore.a(hooks.o)
 .debug_info    0x0001ec74      0x604 C:\Users\movil\Documents\Atmel Studio\weightlogger\weightlogger_main\ArduinoCore\Debug\libArduinoCore.a(twi.o)
 .debug_info    0x0001f278       0x9a C:/Program Files (x86)/Atmel/Studio/7.0/Packs/Atmel/ATmega_DFP/1.3.300/gcc/dev/atmega328p/avr5\libatmega328p.a(eerd_byte.o)
 .debug_info    0x0001f312       0x9a C:/Program Files (x86)/Atmel/Studio/7.0/Packs/Atmel/ATmega_DFP/1.3.300/gcc/dev/atmega328p/avr5\libatmega328p.a(eewr_byte.o)

.debug_abbrev   0x00000000     0x4f9d
 *(.debug_abbrev)
 .debug_abbrev  0x00000000      0x5a2 C:/Program Files (x86)/Atmel/Studio/7.0/Packs/Atmel/ATmega_DFP/1.3.300/gcc/dev/atmega328p/avr5/crtatmega328p.o
 .debug_abbrev  0x000005a2      0x2ee card_manager.o
 .debug_abbrev  0x00000890       0x99 converters.o
 .debug_abbrev  0x00000929      0x2d3 elcan_lcd.o
 .debug_abbrev  0x00000bfc      0x46c elcan_wifi.o
 .debug_abbrev  0x00001068      0x2bf rfid.o
 .debug_abbrev  0x00001327      0x453 rtc.o
 .debug_abbrev  0x0000177a      0x54e main_sketch.o
 .debug_abbrev  0x00001cc8       0x7d substring.o
 .debug_abbrev  0x00001d45      0x4b7 C:\Users\movil\Documents\Atmel Studio\weightlogger\weightlogger_main\ArduinoCore\Debug\libArduinoCore.a(HardwareSerial.o)
 .debug_abbrev  0x000021fc      0x3ce C:\Users\movil\Documents\Atmel Studio\weightlogger\weightlogger_main\ArduinoCore\Debug\libArduinoCore.a(HardwareSerial0.o)
 .debug_abbrev  0x000025ca      0x12d C:\Users\movil\Documents\Atmel Studio\weightlogger\weightlogger_main\ArduinoCore\Debug\libArduinoCore.a(main.o)
 .debug_abbrev  0x000026f7      0x47a C:\Users\movil\Documents\Atmel Studio\weightlogger\weightlogger_main\ArduinoCore\Debug\libArduinoCore.a(Print.o)
 .debug_abbrev  0x00002b71      0x487 C:\Users\movil\Documents\Atmel Studio\weightlogger\weightlogger_main\ArduinoCore\Debug\libArduinoCore.a(Stream.o)
 .debug_abbrev  0x00002ff8      0x2a5 C:\Users\movil\Documents\Atmel Studio\weightlogger\weightlogger_main\ArduinoCore\Debug\libArduinoCore.a(Tone.o)
 .debug_abbrev  0x0000329d      0x146 C:\Users\movil\Documents\Atmel Studio\weightlogger\weightlogger_main\ArduinoCore\Debug\libArduinoCore.a(wiring.o)
 .debug_abbrev  0x000033e3      0x15b C:\Users\movil\Documents\Atmel Studio\weightlogger\weightlogger_main\ArduinoCore\Debug\libArduinoCore.a(wiring_digital.o)
 .debug_abbrev  0x0000353e      0x3d4 C:\Users\movil\Documents\Atmel Studio\weightlogger\weightlogger_main\ArduinoCore\Debug\libArduinoCore.a(LiquidCrystal_I2C.o)
 .debug_abbrev  0x00003912      0x657 C:\Users\movil\Documents\Atmel Studio\weightlogger\weightlogger_main\ArduinoCore\Debug\libArduinoCore.a(MFRC522.o)
 .debug_abbrev  0x00003f69      0x57e C:\Users\movil\Documents\Atmel Studio\weightlogger\weightlogger_main\ArduinoCore\Debug\libArduinoCore.a(RTClib.o)
 .debug_abbrev  0x000044e7      0x283 C:\Users\movil\Documents\Atmel Studio\weightlogger\weightlogger_main\ArduinoCore\Debug\libArduinoCore.a(SPI.o)
 .debug_abbrev  0x0000476a      0x581 C:\Users\movil\Documents\Atmel Studio\weightlogger\weightlogger_main\ArduinoCore\Debug\libArduinoCore.a(Wire.o)
 .debug_abbrev  0x00004ceb       0x2a C:\Users\movil\Documents\Atmel Studio\weightlogger\weightlogger_main\ArduinoCore\Debug\libArduinoCore.a(hooks.o)
 .debug_abbrev  0x00004d15      0x260 C:\Users\movil\Documents\Atmel Studio\weightlogger\weightlogger_main\ArduinoCore\Debug\libArduinoCore.a(twi.o)
 .debug_abbrev  0x00004f75       0x14 C:/Program Files (x86)/Atmel/Studio/7.0/Packs/Atmel/ATmega_DFP/1.3.300/gcc/dev/atmega328p/avr5\libatmega328p.a(eerd_byte.o)
 .debug_abbrev  0x00004f89       0x14 C:/Program Files (x86)/Atmel/Studio/7.0/Packs/Atmel/ATmega_DFP/1.3.300/gcc/dev/atmega328p/avr5\libatmega328p.a(eewr_byte.o)

.debug_line     0x00000000     0x7672
 *(.debug_line .debug_line.* .debug_line_end)
 .debug_line    0x00000000      0x133 C:/Program Files (x86)/Atmel/Studio/7.0/Packs/Atmel/ATmega_DFP/1.3.300/gcc/dev/atmega328p/avr5/crtatmega328p.o
 .debug_line    0x00000133      0x3b8 card_manager.o
 .debug_line    0x000004eb       0xaf converters.o
 .debug_line    0x0000059a      0x410 elcan_lcd.o
 .debug_line    0x000009aa      0x459 elcan_wifi.o
 .debug_line    0x00000e03      0x2ad rfid.o
 .debug_line    0x000010b0      0x3c2 rtc.o
 .debug_line    0x00001472      0x6fc main_sketch.o
 .debug_line    0x00001b6e       0x5c substring.o
 .debug_line    0x00001bca      0x4d9 C:\Users\movil\Documents\Atmel Studio\weightlogger\weightlogger_main\ArduinoCore\Debug\libArduinoCore.a(HardwareSerial.o)
 .debug_line    0x000020a3      0x2a1 C:\Users\movil\Documents\Atmel Studio\weightlogger\weightlogger_main\ArduinoCore\Debug\libArduinoCore.a(HardwareSerial0.o)
 .debug_line    0x00002344      0x17a C:\Users\movil\Documents\Atmel Studio\weightlogger\weightlogger_main\ArduinoCore\Debug\libArduinoCore.a(main.o)
 .debug_line    0x000024be      0x69a C:\Users\movil\Documents\Atmel Studio\weightlogger\weightlogger_main\ArduinoCore\Debug\libArduinoCore.a(Print.o)
 .debug_line    0x00002b58      0x60c C:\Users\movil\Documents\Atmel Studio\weightlogger\weightlogger_main\ArduinoCore\Debug\libArduinoCore.a(Stream.o)
 .debug_line    0x00003164      0x40d C:\Users\movil\Documents\Atmel Studio\weightlogger\weightlogger_main\ArduinoCore\Debug\libArduinoCore.a(Tone.o)
 .debug_line    0x00003571      0x2ae C:\Users\movil\Documents\Atmel Studio\weightlogger\weightlogger_main\ArduinoCore\Debug\libArduinoCore.a(wiring.o)
 .debug_line    0x0000381f      0x267 C:\Users\movil\Documents\Atmel Studio\weightlogger\weightlogger_main\ArduinoCore\Debug\libArduinoCore.a(wiring_digital.o)
 .debug_line    0x00003a86      0x7e8 C:\Users\movil\Documents\Atmel Studio\weightlogger\weightlogger_main\ArduinoCore\Debug\libArduinoCore.a(LiquidCrystal_I2C.o)
 .debug_line    0x0000426e     0x1862 C:\Users\movil\Documents\Atmel Studio\weightlogger\weightlogger_main\ArduinoCore\Debug\libArduinoCore.a(MFRC522.o)
 .debug_line    0x00005ad0      0xc5b C:\Users\movil\Documents\Atmel Studio\weightlogger\weightlogger_main\ArduinoCore\Debug\libArduinoCore.a(RTClib.o)
 .debug_line    0x0000672b      0x2f8 C:\Users\movil\Documents\Atmel Studio\weightlogger\weightlogger_main\ArduinoCore\Debug\libArduinoCore.a(SPI.o)
 .debug_line    0x00006a23      0x5ec C:\Users\movil\Documents\Atmel Studio\weightlogger\weightlogger_main\ArduinoCore\Debug\libArduinoCore.a(Wire.o)
 .debug_line    0x0000700f       0x41 C:\Users\movil\Documents\Atmel Studio\weightlogger\weightlogger_main\ArduinoCore\Debug\libArduinoCore.a(hooks.o)
 .debug_line    0x00007050      0x50a C:\Users\movil\Documents\Atmel Studio\weightlogger\weightlogger_main\ArduinoCore\Debug\libArduinoCore.a(twi.o)
 .debug_line    0x0000755a       0x7a C:/Program Files (x86)/Atmel/Studio/7.0/Packs/Atmel/ATmega_DFP/1.3.300/gcc/dev/atmega328p/avr5\libatmega328p.a(eerd_byte.o)
 .debug_line    0x000075d4       0x9e C:/Program Files (x86)/Atmel/Studio/7.0/Packs/Atmel/ATmega_DFP/1.3.300/gcc/dev/atmega328p/avr5\libatmega328p.a(eewr_byte.o)

.debug_frame    0x00000000     0x2a6c
 *(.debug_frame)
 .debug_frame   0x00000000      0x120 card_manager.o
 .debug_frame   0x00000120       0x30 converters.o
 .debug_frame   0x00000150      0x16c elcan_lcd.o
 .debug_frame   0x000002bc      0x160 elcan_wifi.o
 .debug_frame   0x0000041c       0x8c rfid.o
 .debug_frame   0x000004a8       0xf0 rtc.o
 .debug_frame   0x00000598      0x1b8 main_sketch.o
 .debug_frame   0x00000750       0x24 substring.o
 .debug_frame   0x00000774      0x110 C:\Users\movil\Documents\Atmel Studio\weightlogger\weightlogger_main\ArduinoCore\Debug\libArduinoCore.a(HardwareSerial.o)
 .debug_frame   0x00000884       0xe0 C:\Users\movil\Documents\Atmel Studio\weightlogger\weightlogger_main\ArduinoCore\Debug\libArduinoCore.a(HardwareSerial0.o)
 .debug_frame   0x00000964       0x54 C:\Users\movil\Documents\Atmel Studio\weightlogger\weightlogger_main\ArduinoCore\Debug\libArduinoCore.a(main.o)
 .debug_frame   0x000009b8      0x3ac C:\Users\movil\Documents\Atmel Studio\weightlogger\weightlogger_main\ArduinoCore\Debug\libArduinoCore.a(Print.o)
 .debug_frame   0x00000d64      0x2e4 C:\Users\movil\Documents\Atmel Studio\weightlogger\weightlogger_main\ArduinoCore\Debug\libArduinoCore.a(Stream.o)
 .debug_frame   0x00001048       0xfc C:\Users\movil\Documents\Atmel Studio\weightlogger\weightlogger_main\ArduinoCore\Debug\libArduinoCore.a(Tone.o)
 .debug_frame   0x00001144       0xc4 C:\Users\movil\Documents\Atmel Studio\weightlogger\weightlogger_main\ArduinoCore\Debug\libArduinoCore.a(wiring.o)
 .debug_frame   0x00001208       0x7c C:\Users\movil\Documents\Atmel Studio\weightlogger\weightlogger_main\ArduinoCore\Debug\libArduinoCore.a(wiring_digital.o)
 .debug_frame   0x00001284      0x380 C:\Users\movil\Documents\Atmel Studio\weightlogger\weightlogger_main\ArduinoCore\Debug\libArduinoCore.a(LiquidCrystal_I2C.o)
 .debug_frame   0x00001604      0xacc C:\Users\movil\Documents\Atmel Studio\weightlogger\weightlogger_main\ArduinoCore\Debug\libArduinoCore.a(MFRC522.o)
 .debug_frame   0x000020d0      0x568 C:\Users\movil\Documents\Atmel Studio\weightlogger\weightlogger_main\ArduinoCore\Debug\libArduinoCore.a(RTClib.o)
 .debug_frame   0x00002638       0x5c C:\Users\movil\Documents\Atmel Studio\weightlogger\weightlogger_main\ArduinoCore\Debug\libArduinoCore.a(SPI.o)
 .debug_frame   0x00002694      0x280 C:\Users\movil\Documents\Atmel Studio\weightlogger\weightlogger_main\ArduinoCore\Debug\libArduinoCore.a(Wire.o)
 .debug_frame   0x00002914       0x24 C:\Users\movil\Documents\Atmel Studio\weightlogger\weightlogger_main\ArduinoCore\Debug\libArduinoCore.a(hooks.o)
 .debug_frame   0x00002938      0x134 C:\Users\movil\Documents\Atmel Studio\weightlogger\weightlogger_main\ArduinoCore\Debug\libArduinoCore.a(twi.o)

.debug_str      0x00000000     0x626f
 *(.debug_str)
 .debug_str     0x00000000      0x208 C:/Program Files (x86)/Atmel/Studio/7.0/Packs/Atmel/ATmega_DFP/1.3.300/gcc/dev/atmega328p/avr5/crtatmega328p.o
 .debug_str     0x00000208      0x79f card_manager.o
                                0x805 (size before relaxing)
 .debug_str     0x000009a7       0x60 converters.o
                                0x1c7 (size before relaxing)
 .debug_str     0x00000a07      0x34e elcan_lcd.o
                                0x637 (size before relaxing)
 .debug_str     0x00000d55     0x10e9 elcan_wifi.o
                               0x1460 (size before relaxing)
 .debug_str     0x00001e3e      0x2c6 rfid.o
                                0x5bd (size before relaxing)
 .debug_str     0x00002104      0x5d2 rtc.o
                               0x18d9 (size before relaxing)
 .debug_str     0x000026d6      0x5e5 main_sketch.o
                               0x171b (size before relaxing)
 .debug_str     0x00002cbb       0x13 substring.o
                                0x197 (size before relaxing)
 .debug_str     0x00002cce      0x3fc C:\Users\movil\Documents\Atmel Studio\weightlogger\weightlogger_main\ArduinoCore\Debug\libArduinoCore.a(HardwareSerial.o)
                               0x1617 (size before relaxing)
 .debug_str     0x000030ca       0x86 C:\Users\movil\Documents\Atmel Studio\weightlogger\weightlogger_main\ArduinoCore\Debug\libArduinoCore.a(HardwareSerial0.o)
                               0x140a (size before relaxing)
 .debug_str     0x00003150       0x37 C:\Users\movil\Documents\Atmel Studio\weightlogger\weightlogger_main\ArduinoCore\Debug\libArduinoCore.a(main.o)
                                0x2b6 (size before relaxing)
 .debug_str     0x00003187      0x2e4 C:\Users\movil\Documents\Atmel Studio\weightlogger\weightlogger_main\ArduinoCore\Debug\libArduinoCore.a(Print.o)
                               0x1244 (size before relaxing)
 .debug_str     0x0000346b       0x97 C:\Users\movil\Documents\Atmel Studio\weightlogger\weightlogger_main\ArduinoCore\Debug\libArduinoCore.a(Stream.o)
                               0x1268 (size before relaxing)
 .debug_str     0x00003502      0x18b C:\Users\movil\Documents\Atmel Studio\weightlogger\weightlogger_main\ArduinoCore\Debug\libArduinoCore.a(Tone.o)
                                0x43d (size before relaxing)
 .debug_str     0x0000368d      0x14d C:\Users\movil\Documents\Atmel Studio\weightlogger\weightlogger_main\ArduinoCore\Debug\libArduinoCore.a(wiring.o)
                                0x24c (size before relaxing)
 .debug_str     0x000037da       0x70 C:\Users\movil\Documents\Atmel Studio\weightlogger\weightlogger_main\ArduinoCore\Debug\libArduinoCore.a(wiring_digital.o)
                                0x2b1 (size before relaxing)
 .debug_str     0x0000384a      0x9a2 C:\Users\movil\Documents\Atmel Studio\weightlogger\weightlogger_main\ArduinoCore\Debug\libArduinoCore.a(LiquidCrystal_I2C.o)
                                0xe11 (size before relaxing)
 .debug_str     0x000041ec     0x149c C:\Users\movil\Documents\Atmel Studio\weightlogger\weightlogger_main\ArduinoCore\Debug\libArduinoCore.a(MFRC522.o)
                               0x1e0a (size before relaxing)
 .debug_str     0x00005688      0x559 C:\Users\movil\Documents\Atmel Studio\weightlogger\weightlogger_main\ArduinoCore\Debug\libArduinoCore.a(RTClib.o)
                                0xe13 (size before relaxing)
 .debug_str     0x00005be1       0x9f C:\Users\movil\Documents\Atmel Studio\weightlogger\weightlogger_main\ArduinoCore\Debug\libArduinoCore.a(SPI.o)
                                0x6af (size before relaxing)
 .debug_str     0x00005c80      0x48c C:\Users\movil\Documents\Atmel Studio\weightlogger\weightlogger_main\ArduinoCore\Debug\libArduinoCore.a(Wire.o)
                               0x18c3 (size before relaxing)
 .debug_str     0x0000610c       0x1c C:\Users\movil\Documents\Atmel Studio\weightlogger\weightlogger_main\ArduinoCore\Debug\libArduinoCore.a(hooks.o)
                                0x141 (size before relaxing)
 .debug_str     0x00006128      0x147 C:\Users\movil\Documents\Atmel Studio\weightlogger\weightlogger_main\ArduinoCore\Debug\libArduinoCore.a(twi.o)
                                0x3cc (size before relaxing)

.debug_loc      0x00000000     0xef55
 *(.debug_loc)
 .debug_loc     0x00000000      0x627 card_manager.o
 .debug_loc     0x00000627       0x9d converters.o
 .debug_loc     0x000006c4      0x6df elcan_lcd.o
 .debug_loc     0x00000da3      0x5e3 elcan_wifi.o
 .debug_loc     0x00001386      0x21e rfid.o